
> @onestepat4time/aegis@0.6.6-preview.1 test
> vitest run


[1m[30m[46m RUN [49m[39m[22m [36mv4.1.5 [39m[90mD:/aegis[39m

stderr | src/__tests__/dead-session.test.ts > checkDeadSessions > detects a session with isWindowAlive() returning false as dead
{"timestamp":"2026-05-05T23:32:41.012Z","level":"warn","component":"monitor","operation":"check_dead_sessions","sessionId":"dead-1","errorCode":"SESSION_TERMINATED_UNEXPECTEDLY","attributes":{"cause":"process_not_alive_or_unknown","windowName":"test-session","windowId":"@0","claudeSessionId":"claude-abc","ccPid":null,"paneCommand":null,"windowExists":null,"paneDead":null,"paneAlive":null,"exitCode":null,"signal":null,"uptimeMs":60002,"lastActivityAt":"2026-05-05T23:32:31.009Z","detectedAt":"2026-05-05T23:32:41.012Z"}}

stderr | src/__tests__/dead-session.test.ts > checkDeadSessions > sets session.lastDeadAt timestamp when session is dead
{"timestamp":"2026-05-05T23:32:41.017Z","level":"warn","component":"monitor","operation":"check_dead_sessions","sessionId":"dead-ts","errorCode":"SESSION_TERMINATED_UNEXPECTEDLY","attributes":{"cause":"process_not_alive_or_unknown","windowName":"test-session","windowId":"@0","claudeSessionId":"claude-abc","ccPid":null,"paneCommand":null,"windowExists":null,"paneDead":null,"paneAlive":null,"exitCode":null,"signal":null,"uptimeMs":60000,"lastActivityAt":"2026-05-05T23:32:31.017Z","detectedAt":"2026-05-05T23:32:41.017Z"}}

stderr | src/__tests__/dead-session.test.ts > checkDeadSessions > emits via eventBus.emitDead with session id and detail
{"timestamp":"2026-05-05T23:32:41.019Z","level":"warn","component":"monitor","operation":"check_dead_sessions","sessionId":"emit-dead","errorCode":"SESSION_TERMINATED_UNEXPECTEDLY","attributes":{"cause":"process_not_alive_or_unknown","windowName":"my-window","windowId":"@0","claudeSessionId":"claude-abc","ccPid":null,"paneCommand":null,"windowExists":null,"paneDead":null,"paneAlive":null,"exitCode":null,"signal":null,"uptimeMs":60001,"lastActivityAt":"1970-01-01T00:00:12.345Z","detectedAt":"2026-05-05T23:32:41.019Z"}}

stderr | src/__tests__/dead-session.test.ts > checkDeadSessions > emits via channels.statusChange with "status.dead" event
{"timestamp":"2026-05-05T23:32:41.022Z","level":"warn","component":"monitor","operation":"check_dead_sessions","sessionId":"ch-dead","errorCode":"SESSION_TERMINATED_UNEXPECTEDLY","attributes":{"cause":"process_not_alive_or_unknown","windowName":"ch-win","windowId":"@0","claudeSessionId":"claude-abc","ccPid":null,"paneCommand":null,"windowExists":null,"paneDead":null,"paneAlive":null,"exitCode":null,"signal":null,"uptimeMs":60000,"lastActivityAt":"2026-05-05T23:32:31.022Z","detectedAt":"2026-05-05T23:32:41.022Z"}}

stderr | src/__tests__/dead-session.test.ts > checkDeadSessions > calls removeSession(sessionId) to clean up tracking state
{"timestamp":"2026-05-05T23:32:41.024Z","level":"warn","component":"monitor","operation":"check_dead_sessions","sessionId":"rm-dead","errorCode":"SESSION_TERMINATED_UNEXPECTEDLY","attributes":{"cause":"process_not_alive_or_unknown","windowName":"test-session","windowId":"@0","claudeSessionId":"claude-abc","ccPid":null,"paneCommand":null,"windowExists":null,"paneDead":null,"paneAlive":null,"exitCode":null,"signal":null,"uptimeMs":60001,"lastActivityAt":"2026-05-05T23:32:31.023Z","detectedAt":"2026-05-05T23:32:41.024Z"}}

stderr | src/__tests__/dead-session.test.ts > checkDeadSessions > calls sessions.killSession(sessionId) for cleanup
{"timestamp":"2026-05-05T23:32:41.025Z","level":"warn","component":"monitor","operation":"check_dead_sessions","sessionId":"kill-dead","errorCode":"SESSION_TERMINATED_UNEXPECTEDLY","attributes":{"cause":"process_not_alive_or_unknown","windowName":"test-session","windowId":"@0","claudeSessionId":"claude-abc","ccPid":null,"paneCommand":null,"windowExists":null,"paneDead":null,"paneAlive":null,"exitCode":null,"signal":null,"uptimeMs":60001,"lastActivityAt":"2026-05-05T23:32:31.024Z","detectedAt":"2026-05-05T23:32:41.025Z"}}

stderr | src/__tests__/dead-session.test.ts > checkDeadSessions > includes lastActivity timestamp in the detail message
{"timestamp":"2026-05-05T23:32:41.026Z","level":"warn","component":"monitor","operation":"check_dead_sessions","sessionId":"ts-detail","errorCode":"SESSION_TERMINATED_UNEXPECTEDLY","attributes":{"cause":"process_not_alive_or_unknown","windowName":"test-session","windowId":"@0","claudeSessionId":"claude-abc","ccPid":null,"paneCommand":null,"windowExists":null,"paneDead":null,"paneAlive":null,"exitCode":null,"signal":null,"uptimeMs":60000,"lastActivityAt":"2026-01-15T12:30:00.000Z","detectedAt":"2026-05-05T23:32:41.026Z"}}

stderr | src/__tests__/dead-session.test.ts > deadNotified dedup set > does NOT re-detect a session already in deadNotified
{"timestamp":"2026-05-05T23:32:41.027Z","level":"warn","component":"monitor","operation":"check_dead_sessions","sessionId":"dup-dead","errorCode":"SESSION_TERMINATED_UNEXPECTEDLY","attributes":{"cause":"process_not_alive_or_unknown","windowName":"test-session","windowId":"@0","claudeSessionId":"claude-abc","ccPid":null,"paneCommand":null,"windowExists":null,"paneDead":null,"paneAlive":null,"exitCode":null,"signal":null,"uptimeMs":60000,"lastActivityAt":"2026-05-05T23:32:31.027Z","detectedAt":"2026-05-05T23:32:41.027Z"}}

stderr | src/__tests__/dead-session.test.ts > deadNotified dedup set > prevents duplicate dead notifications for the same session
{"timestamp":"2026-05-05T23:32:41.029Z","level":"warn","component":"monitor","operation":"check_dead_sessions","sessionId":"dup-notify","errorCode":"SESSION_TERMINATED_UNEXPECTEDLY","attributes":{"cause":"process_not_alive_or_unknown","windowName":"test-session","windowId":"@0","claudeSessionId":"claude-abc","ccPid":null,"paneCommand":null,"windowExists":null,"paneDead":null,"paneAlive":null,"exitCode":null,"signal":null,"uptimeMs":60001,"lastActivityAt":"2026-05-05T23:32:31.028Z","detectedAt":"2026-05-05T23:32:41.029Z"}}

stderr | src/__tests__/dead-session.test.ts > error handling > catches killSession errors silently (window already gone)
{"timestamp":"2026-05-05T23:32:41.031Z","level":"warn","component":"monitor","operation":"check_dead_sessions","sessionId":"kill-err","errorCode":"SESSION_TERMINATED_UNEXPECTEDLY","attributes":{"cause":"process_not_alive_or_unknown","windowName":"test-session","windowId":"@0","claudeSessionId":"claude-abc","ccPid":null,"paneCommand":null,"windowExists":null,"paneDead":null,"paneAlive":null,"exitCode":null,"signal":null,"uptimeMs":60001,"lastActivityAt":"2026-05-05T23:32:31.029Z","detectedAt":"2026-05-05T23:32:41.030Z"}}

stderr | src/__tests__/stall-detection.test.ts > SessionMonitor stall detection (integration) > Type 2: Permission stall with auto-reject > should auto-reject permission after permissionTimeoutMs
{"timestamp":"2026-05-05T23:32:41.033Z","level":"warn","component":"monitor","operation":"permission_timeout_auto_reject","sessionId":"sess-1","errorCode":"PERMISSION_TIMEOUT","attributes":{"windowName":"test-window","timeoutMinutes":11}}

stderr | src/__tests__/dead-session.test.ts > error handling > catches killSession errors silently (window already gone)
[unexpected] monitor.checkDeadSessions.killSession: tmux window not found Error: tmux window not found
    at D:/aegis/src/__tests__/dead-session.test.ts:304:44
    at file:///D:/aegis/node_modules/@vitest/runner/dist/chunk-artifact.js:302:11
    at file:///D:/aegis/node_modules/@vitest/runner/dist/chunk-artifact.js:1903:26
    at file:///D:/aegis/node_modules/@vitest/runner/dist/chunk-artifact.js:2326:20
    at new Promise (<anonymous>)
    at runWithCancel (file:///D:/aegis/node_modules/@vitest/runner/dist/chunk-artifact.js:2323:10)
    at file:///D:/aegis/node_modules/@vitest/runner/dist/chunk-artifact.js:2305:20
    at new Promise (<anonymous>)
    at runWithTimeout (file:///D:/aegis/node_modules/@vitest/runner/dist/chunk-artifact.js:2272:10)
    at file:///D:/aegis/node_modules/@vitest/runner/dist/chunk-artifact.js:2955:64

stderr | src/__tests__/stall-detection.test.ts > SessionMonitor stall detection (integration) > Type 2: Permission stall with auto-reject > should auto-reject for bash_approval after timeout too
{"timestamp":"2026-05-05T23:32:41.038Z","level":"warn","component":"monitor","operation":"permission_timeout_auto_reject","sessionId":"sess-1","errorCode":"PERMISSION_TIMEOUT","attributes":{"windowName":"test-window","timeoutMinutes":11}}

stderr | src/__tests__/stall-detection.test.ts > SessionMonitor stall detection (integration) > Type 2: Permission stall with auto-reject > should only auto-reject once per permission stall
{"timestamp":"2026-05-05T23:32:41.039Z","level":"warn","component":"monitor","operation":"permission_timeout_auto_reject","sessionId":"sess-1","errorCode":"PERMISSION_TIMEOUT","attributes":{"windowName":"test-window","timeoutMinutes":11}}

stderr | src/__tests__/stall-detection.test.ts > SessionMonitor stall detection (integration) > Type 2: Permission stall with auto-reject > should emit status.permission_timeout via channels on auto-reject
{"timestamp":"2026-05-05T23:32:41.040Z","level":"warn","component":"monitor","operation":"permission_timeout_auto_reject","sessionId":"sess-1","errorCode":"PERMISSION_TIMEOUT","attributes":{"windowName":"test-window","timeoutMinutes":12}}

stderr | src/__tests__/dead-session.test.ts > error handling > killSession error does not prevent removeSession from running
{"timestamp":"2026-05-05T23:32:41.042Z","level":"warn","component":"monitor","operation":"check_dead_sessions","sessionId":"kill-err-rm","errorCode":"SESSION_TERMINATED_UNEXPECTEDLY","attributes":{"cause":"process_not_alive_or_unknown","windowName":"test-session","windowId":"@0","claudeSessionId":"claude-abc","ccPid":null,"paneCommand":null,"windowExists":null,"paneDead":null,"paneAlive":null,"exitCode":null,"signal":null,"uptimeMs":60000,"lastActivityAt":"2026-05-05T23:32:31.042Z","detectedAt":"2026-05-05T23:32:41.042Z"}}

stderr | src/__tests__/stall-detection.test.ts > SessionMonitor stall detection (integration) > Type 2: Permission stall with auto-reject > should handle auto-reject failure gracefully
{"timestamp":"2026-05-05T23:32:41.042Z","level":"warn","component":"monitor","operation":"permission_timeout_auto_reject","sessionId":"sess-1","errorCode":"PERMISSION_TIMEOUT","attributes":{"windowName":"test-window","timeoutMinutes":11}}

stderr | src/__tests__/stall-detection.test.ts > SessionMonitor stall detection (integration) > Type 2: Permission stall with auto-reject > should handle auto-reject failure gracefully
{"timestamp":"2026-05-05T23:32:41.042Z","level":"error","component":"monitor","operation":"permission_timeout_auto_reject","sessionId":"sess-1","errorCode":"AUTO_REJECT_FAILED","attributes":{"error":"reject failed"}}

stderr | src/__tests__/dead-session.test.ts > error handling > killSession error does not prevent removeSession from running
[unexpected] monitor.checkDeadSessions.killSession: kill failed Error: kill failed
    at D:/aegis/src/__tests__/dead-session.test.ts:337:44
    at file:///D:/aegis/node_modules/@vitest/runner/dist/chunk-artifact.js:302:11
    at file:///D:/aegis/node_modules/@vitest/runner/dist/chunk-artifact.js:1903:26
    at file:///D:/aegis/node_modules/@vitest/runner/dist/chunk-artifact.js:2326:20
    at new Promise (<anonymous>)
    at runWithCancel (file:///D:/aegis/node_modules/@vitest/runner/dist/chunk-artifact.js:2323:10)
    at file:///D:/aegis/node_modules/@vitest/runner/dist/chunk-artifact.js:2305:20
    at new Promise (<anonymous>)
    at runWithTimeout (file:///D:/aegis/node_modules/@vitest/runner/dist/chunk-artifact.js:2272:10)
    at file:///D:/aegis/node_modules/@vitest/runner/dist/chunk-artifact.js:2955:64

stderr | src/__tests__/dead-session.test.ts > multiple sessions > detects only dead sessions among mixed alive/dead
{"timestamp":"2026-05-05T23:32:41.045Z","level":"warn","component":"monitor","operation":"check_dead_sessions","sessionId":"dead-1","errorCode":"SESSION_TERMINATED_UNEXPECTEDLY","attributes":{"cause":"process_not_alive_or_unknown","windowName":"dead-1","windowId":"@0","claudeSessionId":"claude-abc","ccPid":null,"paneCommand":null,"windowExists":null,"paneDead":null,"paneAlive":null,"exitCode":null,"signal":null,"uptimeMs":60001,"lastActivityAt":"2026-05-05T23:32:31.044Z","detectedAt":"2026-05-05T23:32:41.045Z"}}

stderr | src/__tests__/dead-session.test.ts > multiple sessions > detects only dead sessions among mixed alive/dead
{"timestamp":"2026-05-05T23:32:41.045Z","level":"warn","component":"monitor","operation":"check_dead_sessions","sessionId":"dead-2","errorCode":"SESSION_TERMINATED_UNEXPECTEDLY","attributes":{"cause":"process_not_alive_or_unknown","windowName":"dead-2","windowId":"@0","claudeSessionId":"claude-abc","ccPid":null,"paneCommand":null,"windowExists":null,"paneDead":null,"paneAlive":null,"exitCode":null,"signal":null,"uptimeMs":60001,"lastActivityAt":"2026-05-05T23:32:31.044Z","detectedAt":"2026-05-05T23:32:41.045Z"}}

stderr | src/__tests__/dead-session.test.ts > multiple sessions > detects newly dead sessions across successive checks
{"timestamp":"2026-05-05T23:32:41.049Z","level":"warn","component":"monitor","operation":"check_dead_sessions","sessionId":"later-dead","errorCode":"SESSION_TERMINATED_UNEXPECTEDLY","attributes":{"cause":"process_not_alive_or_unknown","windowName":"test-session","windowId":"@0","claudeSessionId":"claude-abc","ccPid":null,"paneCommand":null,"windowExists":null,"paneDead":null,"paneAlive":null,"exitCode":null,"signal":null,"uptimeMs":60000,"lastActivityAt":"2026-05-05T23:32:31.049Z","detectedAt":"2026-05-05T23:32:41.049Z"}}

stderr | src/__tests__/dead-session.test.ts > dead session detail message > includes window name in detail
{"timestamp":"2026-05-05T23:32:41.062Z","level":"warn","component":"monitor","operation":"check_dead_sessions","sessionId":"msg-1","errorCode":"SESSION_TERMINATED_UNEXPECTEDLY","attributes":{"cause":"process_not_alive_or_unknown","windowName":"my-special-window","windowId":"@0","claudeSessionId":"claude-abc","ccPid":null,"paneCommand":null,"windowExists":null,"paneDead":null,"paneAlive":null,"exitCode":null,"signal":null,"uptimeMs":60001,"lastActivityAt":"2026-05-05T23:32:31.061Z","detectedAt":"2026-05-05T23:32:41.062Z"}}

stderr | src/__tests__/dead-session.test.ts > dead session detail message > payload timestamp is a valid ISO string
{"timestamp":"2026-05-05T23:32:41.062Z","level":"warn","component":"monitor","operation":"check_dead_sessions","sessionId":"msg-ts","errorCode":"SESSION_TERMINATED_UNEXPECTEDLY","attributes":{"cause":"process_not_alive_or_unknown","windowName":"test-session","windowId":"@0","claudeSessionId":"claude-abc","ccPid":null,"paneCommand":null,"windowExists":null,"paneDead":null,"paneAlive":null,"exitCode":null,"signal":null,"uptimeMs":60000,"lastActivityAt":"2026-05-05T23:32:31.062Z","detectedAt":"2026-05-05T23:32:41.062Z"}}

stderr | src/__tests__/dead-session.test.ts > dead session detail message > payload contains correct session metadata
{"timestamp":"2026-05-05T23:32:41.063Z","level":"warn","component":"monitor","operation":"check_dead_sessions","sessionId":"msg-meta","errorCode":"SESSION_TERMINATED_UNEXPECTEDLY","attributes":{"cause":"process_not_alive_or_unknown","windowName":"meta-win","windowId":"@0","claudeSessionId":"claude-abc","ccPid":null,"paneCommand":null,"windowExists":null,"paneDead":null,"paneAlive":null,"exitCode":null,"signal":null,"uptimeMs":60000,"lastActivityAt":"2026-05-05T23:32:31.063Z","detectedAt":"2026-05-05T23:32:41.063Z"}}

stderr | src/__tests__/dead-session.test.ts > order of operations in checkDeadSessions > calls removeSession before killSession
{"timestamp":"2026-05-05T23:32:41.064Z","level":"warn","component":"monitor","operation":"check_dead_sessions","sessionId":"order-1","errorCode":"SESSION_TERMINATED_UNEXPECTEDLY","attributes":{"cause":"process_not_alive_or_unknown","windowName":"test-session","windowId":"@0","claudeSessionId":"claude-abc","ccPid":null,"paneCommand":null,"windowExists":null,"paneDead":null,"paneAlive":null,"exitCode":null,"signal":null,"uptimeMs":60000,"lastActivityAt":"2026-05-05T23:32:31.064Z","detectedAt":"2026-05-05T23:32:41.064Z"}}

stderr | src/__tests__/dead-session.test.ts > order of operations in checkDeadSessions > emits events before removing session
{"timestamp":"2026-05-05T23:32:41.065Z","level":"warn","component":"monitor","operation":"check_dead_sessions","sessionId":"emit-order","errorCode":"SESSION_TERMINATED_UNEXPECTEDLY","attributes":{"cause":"process_not_alive_or_unknown","windowName":"test-session","windowId":"@0","claudeSessionId":"claude-abc","ccPid":null,"paneCommand":null,"windowExists":null,"paneDead":null,"paneAlive":null,"exitCode":null,"signal":null,"uptimeMs":60000,"lastActivityAt":"2026-05-05T23:32:31.065Z","detectedAt":"2026-05-05T23:32:41.065Z"}}

stderr | src/__tests__/dead-session.test.ts > Issue #390: PID-based crash detection > detects dead session immediately when ccPid is dead (isWindowAlive returns false)
{"timestamp":"2026-05-05T23:32:41.067Z","level":"warn","component":"monitor","operation":"check_dead_sessions","sessionId":"pid-dead-1","errorCode":"SESSION_TERMINATED_UNEXPECTEDLY","attributes":{"cause":"process_not_alive_or_unknown","windowName":"test-session","windowId":"@0","claudeSessionId":"claude-abc","ccPid":99999,"paneCommand":null,"windowExists":null,"paneDead":null,"paneAlive":null,"exitCode":null,"signal":null,"uptimeMs":60000,"lastActivityAt":"2026-05-05T23:32:31.067Z","detectedAt":"2026-05-05T23:32:41.067Z"}}

stderr | src/__tests__/dead-session.test.ts > Issue #390: PID-based crash detection > PID crash detected even when tmux window still exists (shell running)
{"timestamp":"2026-05-05T23:32:41.071Z","level":"warn","component":"monitor","operation":"check_dead_sessions","sessionId":"crash-390","errorCode":"SESSION_TERMINATED_UNEXPECTEDLY","attributes":{"cause":"process_not_alive_or_unknown","windowName":"cc-crash390","windowId":"@0","claudeSessionId":"claude-abc","ccPid":99999,"paneCommand":null,"windowExists":null,"paneDead":null,"paneAlive":null,"exitCode":null,"signal":null,"uptimeMs":60000,"lastActivityAt":"2026-05-05T23:32:31.071Z","detectedAt":"2026-05-05T23:32:41.071Z"}}

stderr | src/__tests__/dead-session.test.ts > Issue #390: PID-based crash detection > sets lastDeadAt when PID crash is detected
{"timestamp":"2026-05-05T23:32:41.073Z","level":"warn","component":"monitor","operation":"check_dead_sessions","sessionId":"pid-ts","errorCode":"SESSION_TERMINATED_UNEXPECTEDLY","attributes":{"cause":"process_not_alive_or_unknown","windowName":"test-session","windowId":"@0","claudeSessionId":"claude-abc","ccPid":99999,"paneCommand":null,"windowExists":null,"paneDead":null,"paneAlive":null,"exitCode":null,"signal":null,"uptimeMs":60001,"lastActivityAt":"2026-05-05T23:32:31.072Z","detectedAt":"2026-05-05T23:32:41.073Z"}}

 [32mÔ£ô[39m src/__tests__/dead-session.test.ts [2m([22m[2m46 tests[22m[2m)[22m[32m 68[2mms[22m[39m
 [32mÔ£ô[39m src/__tests__/stall-detection.test.ts [2m([22m[2m77 tests[22m[2m)[22m[32m 80[2mms[22m[39m
 [32mÔ£ô[39m src/__tests__/transcript.test.ts [2m([22m[2m34 tests[22m[2m)[22m[32m 288[2mms[22m[39m
[90mstdout[2m | src/__tests__/hooks.test.ts[2m > [22m[2mHTTP Hooks (Issue #169)[2m > [22m[2mPOST /v1/hooks/PermissionRequest (decision event)[2m > [22m[2mshould return hookSpecificOutput with permissionDecision for PermissionRequest (v2)
[22m[39mHooks: auto-approving PermissionRequest for session 00000000-0000-0000-0000-000000000005 (mode: bypassPermissions)

 [32mÔ£ô[39m src/__tests__/acp-redis-coordination.test.ts [2m([22m[2m15 tests[22m[2m)[22m[32m 21[2mms[22m[39m
[90mstdout[2m | src/__tests__/hooks-coverage-1305.test.ts[2m > [22m[2mIssue #1305: hooks.ts additional coverage[2m > [22m[2mPermissionDenied SSE event[2m > [22m[2mshould emit permission_denied SSE event on PermissionDenied hook
[22m[39mHooks: PermissionDenied for session 00000000-0000-0000-0000-000000000130

[90mstdout[2m | src/__tests__/hooks.test.ts[2m > [22m[2mHook-driven status detection (Issue #169 Phase 3)[2m > [22m[2mPermissionRequest hook should update session status to permission_prompt
[22m[39mHooks: waiting for client permission decision for session 00000000-0000-0000-0000-000000000005

[90mstdout[2m | src/__tests__/hooks.test.ts[2m > [22m[2mHook-driven status detection (Issue #169 Phase 3)[2m > [22m[2mPermissionRequest hook should update session status to permission_prompt
[22m[39mHooks: PermissionRequest for session 00000000-0000-0000-0000-000000000005 ÔÇö approved by client

[90mstdout[2m | src/__tests__/hooks-coverage-1305.test.ts[2m > [22m[2mIssue #1305: hooks.ts additional coverage[2m > [22m[2mPermissionDenied SSE event[2m > [22m[2mshould handle PermissionDenied with missing tool_name
[22m[39mHooks: PermissionDenied for session 00000000-0000-0000-0000-000000000130

[90mstdout[2m | src/__tests__/hooks.test.ts[2m > [22m[2mHook-driven status detection (Issue #169 Phase 3)[2m > [22m[2mshould emit SSE approval event on PermissionRequest
[22m[39mHooks: waiting for client permission decision for session 00000000-0000-0000-0000-000000000005

[90mstdout[2m | src/__tests__/hooks.test.ts[2m > [22m[2mHook-driven status detection (Issue #169 Phase 3)[2m > [22m[2mshould emit SSE approval event on PermissionRequest
[22m[39mHooks: PermissionRequest for session 00000000-0000-0000-0000-000000000005 ÔÇö approved by client

stderr | src/__tests__/session.test.ts > SessionManager.updateStatusFromHook() > clamps future hookTimestamp to now
updateStatusFromHook: clamping future hookTimestamp (1778024021489 > 1778023961489) for session test-ses

 [32mÔ£ô[39m src/__tests__/session.test.ts [2m([22m[2m60 tests[22m[2m)[22m[32m 64[2mms[22m[39m
[90mstdout[2m | src/__tests__/hooks.test.ts[2m > [22m[2mHook-driven status detection (Issue #169 Phase 3)[2m > [22m[2mNotification hook should not change status but should update lastHookAt
[22m[39mHooks: Notification for session 00000000-0000-0000-0000-000000000005

 [32mÔ£ô[39m src/__tests__/events.test.ts [2m([22m[2m82 tests[22m[2m)[22m[33m 1009[2mms[22m[39m
[90mstdout[2m | src/__tests__/hooks-coverage-1305.test.ts[2m > [22m[2mIssue #1305: hooks.ts additional coverage[2m > [22m[2mAskUserQuestion via PreToolUse[2m > [22m[2mshould return answer when waitForAnswer returns a value
[22m[39mHooks: AskUserQuestion for session 00000000-0000-0000-0000-000000000130 ÔÇö waiting for answer (timeout: 30000ms)

[90mstdout[2m | src/__tests__/hooks-coverage-1305.test.ts[2m > [22m[2mIssue #1305: hooks.ts additional coverage[2m > [22m[2mAskUserQuestion via PreToolUse[2m > [22m[2mshould return answer when waitForAnswer returns a value
[22m[39mHooks: AskUserQuestion answered for session 00000000-0000-0000-0000-000000000130

[90mstdout[2m | src/__tests__/hooks-coverage-1305.test.ts[2m > [22m[2mIssue #1305: hooks.ts additional coverage[2m > [22m[2mAskUserQuestion via PreToolUse[2m > [22m[2mshould allow without answer when waitForAnswer returns null (timeout)
[22m[39mHooks: AskUserQuestion for session 00000000-0000-0000-0000-000000000130 ÔÇö waiting for answer (timeout: 30000ms)

[90mstdout[2m | src/__tests__/hooks-coverage-1305.test.ts[2m > [22m[2mIssue #1305: hooks.ts additional coverage[2m > [22m[2mAskUserQuestion via PreToolUse[2m > [22m[2mshould allow without answer when waitForAnswer returns null (timeout)
[22m[39mHooks: AskUserQuestion timeout for session 00000000-0000-0000-0000-000000000130 ÔÇö allowing without answer

[90mstdout[2m | src/__tests__/hooks.test.ts[2m > [22m[2mHook-driven status detection (Issue #169 Phase 3)[2m > [22m[2mNotification hook should be forwarded to SSE as hook event
[22m[39mHooks: Notification for session 00000000-0000-0000-0000-000000000005

[90mstdout[2m | src/__tests__/hooks.test.ts[2m > [22m[2mHook-driven status detection (Issue #169 Phase 3)[2m > [22m[2mFileChanged hook should be forwarded to SSE as hook event
[22m[39mHooks: FileChanged for session 00000000-0000-0000-0000-000000000005

[90mstdout[2m | src/__tests__/hooks.test.ts[2m > [22m[2mHook-driven status detection (Issue #169 Phase 3)[2m > [22m[2mCwdChanged hook should be forwarded to SSE as hook event
[22m[39mHooks: CwdChanged for session 00000000-0000-0000-0000-000000000005

[90mstdout[2m | src/__tests__/hooks-coverage-1305.test.ts[2m > [22m[2mIssue #1305: hooks.ts additional coverage[2m > [22m[2mAskUserQuestion via PreToolUse[2m > [22m[2mshould emit ask_question SSE event
[22m[39mHooks: AskUserQuestion for session 00000000-0000-0000-0000-000000000130 ÔÇö waiting for answer (timeout: 30000ms)

[90mstdout[2m | src/__tests__/hooks-coverage-1305.test.ts[2m > [22m[2mIssue #1305: hooks.ts additional coverage[2m > [22m[2mAskUserQuestion via PreToolUse[2m > [22m[2mshould emit ask_question SSE event
[22m[39mHooks: AskUserQuestion answered for session 00000000-0000-0000-0000-000000000130

[90mstdout[2m | src/__tests__/hooks-coverage-1305.test.ts[2m > [22m[2mIssue #1305: hooks.ts additional coverage[2m > [22m[2mAskUserQuestion via PreToolUse[2m > [22m[2mshould handle AskUserQuestion with empty questions array
[22m[39mHooks: AskUserQuestion for session 00000000-0000-0000-0000-000000000130 ÔÇö waiting for answer (timeout: 30000ms)

[90mstdout[2m | src/__tests__/hooks-coverage-1305.test.ts[2m > [22m[2mIssue #1305: hooks.ts additional coverage[2m > [22m[2mAskUserQuestion via PreToolUse[2m > [22m[2mshould handle AskUserQuestion with empty questions array
[22m[39mHooks: AskUserQuestion timeout for session 00000000-0000-0000-0000-000000000130 ÔÇö allowing without answer

[90mstdout[2m | src/__tests__/hooks-coverage-1305.test.ts[2m > [22m[2mIssue #1305: hooks.ts additional coverage[2m > [22m[2mAskUserQuestion via PreToolUse[2m > [22m[2mshould handle AskUserQuestion with no tool_input
[22m[39mHooks: AskUserQuestion for session 00000000-0000-0000-0000-000000000130 ÔÇö waiting for answer (timeout: 30000ms)

[90mstdout[2m | src/__tests__/hooks-coverage-1305.test.ts[2m > [22m[2mIssue #1305: hooks.ts additional coverage[2m > [22m[2mAskUserQuestion via PreToolUse[2m > [22m[2mshould handle AskUserQuestion with no tool_input
[22m[39mHooks: AskUserQuestion timeout for session 00000000-0000-0000-0000-000000000130 ÔÇö allowing without answer

[90mstdout[2m | src/__tests__/hooks.test.ts[2m > [22m[2mHook validation (Issue #89)[2m > [22m[2mL24: permission_mode validation[2m > [22m[2mshould accept valid permission_mode values
[22m[39mHooks: auto-approving PermissionRequest for session 00000000-0000-0000-0000-000000000005 (mode: bypassPermissions)

[90mstdout[2m | src/__tests__/hooks.test.ts[2m > [22m[2mHook validation (Issue #89)[2m > [22m[2mL24: permission_mode validation[2m > [22m[2mshould accept valid permission_mode values
[22m[39mHooks: auto-approving PermissionRequest for session 00000000-0000-0000-0000-000000000005 (mode: bypassPermissions)

[90mstdout[2m | src/__tests__/hooks.test.ts[2m > [22m[2mHook validation (Issue #89)[2m > [22m[2mL24: permission_mode validation[2m > [22m[2mshould accept valid permission_mode values
[22m[39mHooks: auto-approving PermissionRequest for session 00000000-0000-0000-0000-000000000005 (mode: bypassPermissions)

[90mstdout[2m | src/__tests__/hooks-coverage-1305.test.ts[2m > [22m[2mIssue #1305: hooks.ts additional coverage[2m > [22m[2mWorktreeCreate / WorktreeRemove SSE status events[2m > [22m[2mshould emit working status on WorktreeCreate when status changes
[22m[39mHooks: WorktreeCreate for session 00000000-0000-0000-0000-000000000130

[90mstdout[2m | src/__tests__/hooks.test.ts[2m > [22m[2mHook validation (Issue #89)[2m > [22m[2mL24: permission_mode validation[2m > [22m[2mshould fallback to "default" for invalid permission_mode
[22m[39mHooks: auto-approving PermissionRequest for session 00000000-0000-0000-0000-000000000005 (mode: bypassPermissions)

[90mstdout[2m | src/__tests__/hooks.test.ts[2m > [22m[2mHook validation (Issue #89)[2m > [22m[2mL24: permission_mode validation[2m > [22m[2mshould not warn when permission_mode is absent
[22m[39mHooks: auto-approving PermissionRequest for session 00000000-0000-0000-0000-000000000005 (mode: bypassPermissions)

[90mstdout[2m | src/__tests__/hooks-coverage-1305.test.ts[2m > [22m[2mIssue #1305: hooks.ts additional coverage[2m > [22m[2mWorktreeCreate / WorktreeRemove SSE status events[2m > [22m[2mshould use "unknown" when worktree_path is missing
[22m[39mHooks: WorktreeCreate for session 00000000-0000-0000-0000-000000000130

[90mstdout[2m | src/__tests__/hooks.test.ts[2m > [22m[2mHook validation (Issue #89)[2m > [22m[2mL26: WorktreeCreate/Remove hooks[2m > [22m[2mshould return 200 for WorktreeCreate
[22m[39mHooks: WorktreeCreate for session 00000000-0000-0000-0000-000000000005

[90mstdout[2m | src/__tests__/hooks-coverage-1305.test.ts[2m > [22m[2mIssue #1305: hooks.ts additional coverage[2m > [22m[2mPermissionRequest auto-approve modes[2m > [22m[2mshould auto-approve for dontAsk mode
[22m[39mHooks: auto-approving PermissionRequest for session 00000000-0000-0000-0000-000000000130 (mode: dontAsk)

[90mstdout[2m | src/__tests__/hooks-coverage-1305.test.ts[2m > [22m[2mIssue #1305: hooks.ts additional coverage[2m > [22m[2mPermissionRequest auto-approve modes[2m > [22m[2mshould auto-approve for acceptEdits mode
[22m[39mHooks: auto-approving PermissionRequest for session 00000000-0000-0000-0000-000000000130 (mode: acceptEdits)

[90mstdout[2m | src/__tests__/hooks.test.ts[2m > [22m[2mHook validation (Issue #89)[2m > [22m[2mL26: WorktreeCreate/Remove hooks[2m > [22m[2mshould return 200 for WorktreeRemove
[22m[39mHooks: WorktreeRemove for session 00000000-0000-0000-0000-000000000005

[90mstdout[2m | src/__tests__/hooks.test.ts[2m > [22m[2mHook validation (Issue #89)[2m > [22m[2mL26: WorktreeCreate/Remove hooks[2m > [22m[2mshould emit hook event to SSE subscribers for worktree events
[22m[39mHooks: WorktreeCreate for session 00000000-0000-0000-0000-000000000005

[90mstdout[2m | src/__tests__/hooks.test.ts[2m > [22m[2mHook validation (Issue #89)[2m > [22m[2mL26: WorktreeCreate/Remove hooks[2m > [22m[2mshould not change session status for worktree events
[22m[39mHooks: WorktreeCreate for session 00000000-0000-0000-0000-000000000005

[90mstdout[2m | src/__tests__/hooks-coverage-1305.test.ts[2m > [22m[2mIssue #1305: hooks.ts additional coverage[2m > [22m[2mPermissionRequest auto-approve modes[2m > [22m[2mshould auto-approve for plan mode
[22m[39mHooks: waiting for client permission decision for session 00000000-0000-0000-0000-000000000130

[90mstdout[2m | src/__tests__/hooks-coverage-1305.test.ts[2m > [22m[2mIssue #1305: hooks.ts additional coverage[2m > [22m[2mPermissionRequest auto-approve modes[2m > [22m[2mshould auto-approve for plan mode
[22m[39mHooks: PermissionRequest for session 00000000-0000-0000-0000-000000000130 ÔÇö approved by client

[90mstdout[2m | src/__tests__/hooks-coverage-1305.test.ts[2m > [22m[2mIssue #1305: hooks.ts additional coverage[2m > [22m[2mPermissionRequest auto-approve modes[2m > [22m[2mshould auto-approve for auto mode
[22m[39mHooks: auto-approving PermissionRequest for session 00000000-0000-0000-0000-000000000130 (mode: auto)

[90mstdout[2m | src/__tests__/hooks-coverage-1305.test.ts[2m > [22m[2mIssue #1305: hooks.ts additional coverage[2m > [22m[2mPermissionRequest auto-approve modes[2m > [22m[2mshould wait for client decision for default mode
[22m[39mHooks: waiting for client permission decision for session 00000000-0000-0000-0000-000000000130

[90mstdout[2m | src/__tests__/hooks-coverage-1305.test.ts[2m > [22m[2mIssue #1305: hooks.ts additional coverage[2m > [22m[2mPermissionRequest auto-approve modes[2m > [22m[2mshould wait for client decision for default mode
[22m[39mHooks: PermissionRequest for session 00000000-0000-0000-0000-000000000130 ÔÇö approved by client

[90mstdout[2m | src/__tests__/hooks-coverage-1305.test.ts[2m > [22m[2mIssue #1305: hooks.ts additional coverage[2m > [22m[2mPermissionRequest auto-approve modes[2m > [22m[2mshould reject when client decision is deny
[22m[39mHooks: waiting for client permission decision for session 00000000-0000-0000-0000-000000000130

[90mstdout[2m | src/__tests__/hooks-coverage-1305.test.ts[2m > [22m[2mIssue #1305: hooks.ts additional coverage[2m > [22m[2mPermissionRequest auto-approve modes[2m > [22m[2mshould reject when client decision is deny
[22m[39mHooks: PermissionRequest for session 00000000-0000-0000-0000-000000000130 ÔÇö rejected by client

[90mstdout[2m | src/__tests__/hooks.test.ts[2m > [22m[2mHook validation (Issue #89)[2m > [22m[2mIssue #1799: Edit tool duplicate line deduplication[2m > [22m[2mshould deduplicate consecutive identical non-blank lines in Edit new_string
[22m[39mHooks: deduplicated Edit new_string for session 00000000-0000-0000-0000-000000000005 (CC bug #32891 workaround)

 [32mÔ£ô[39m src/__tests__/hooks.test.ts [2m([22m[2m55 tests[22m[2m)[22m[33m 787[2mms[22m[39m
stderr | src/__tests__/hooks-coverage-1305.test.ts > Issue #1305: hooks.ts additional coverage > Hook secret validation (Issue #629) > should accept hook with correct secret in query param (fallback)
Hooks: query-string hook secret is deprecated (session 00000000-0000-0000-0000-000000000130, event Stop); use X-Hook-Secret header

[90mstdout[2m | src/__tests__/hooks-coverage-1305.test.ts[2m > [22m[2mIssue #1305: hooks.ts additional coverage[2m > [22m[2mAdditional lifecycle events[2m > [22m[2mshould return 200 for Setup (informational)
[22m[39mHooks: Setup for session 00000000-0000-0000-0000-000000000130

[90mstdout[2m | src/__tests__/hooks-coverage-1305.test.ts[2m > [22m[2mIssue #1305: hooks.ts additional coverage[2m > [22m[2mAdditional lifecycle events[2m > [22m[2mshould return 200 for ConfigChange (informational)
[22m[39mHooks: ConfigChange for session 00000000-0000-0000-0000-000000000130

[90mstdout[2m | src/__tests__/hooks-coverage-1305.test.ts[2m > [22m[2mIssue #1305: hooks.ts additional coverage[2m > [22m[2mAdditional lifecycle events[2m > [22m[2mshould return 200 for InstructionsLoaded (informational)
[22m[39mHooks: InstructionsLoaded for session 00000000-0000-0000-0000-000000000130

[90mstdout[2m | src/__tests__/hooks-coverage-1305.test.ts[2m > [22m[2mIssue #1305: hooks.ts additional coverage[2m > [22m[2mPermissionRequest permission_mode validation[2m > [22m[2mshould accept valid permission_mode "plan"
[22m[39mHooks: auto-approving PermissionRequest for session 00000000-0000-0000-0000-000000000130 (mode: bypassPermissions)

[90mstdout[2m | src/__tests__/hooks-coverage-1305.test.ts[2m > [22m[2mIssue #1305: hooks.ts additional coverage[2m > [22m[2mPermissionRequest permission_mode validation[2m > [22m[2mshould normalize invalid permission_mode to "default"
[22m[39mHooks: waiting for client permission decision for session 00000000-0000-0000-0000-000000000130

[90mstdout[2m | src/__tests__/hooks-coverage-1305.test.ts[2m > [22m[2mIssue #1305: hooks.ts additional coverage[2m > [22m[2mPermissionRequest permission_mode validation[2m > [22m[2mshould normalize invalid permission_mode to "default"
[22m[39mHooks: PermissionRequest for session 00000000-0000-0000-0000-000000000130 ÔÇö approved by client

 [32mÔ£ô[39m src/__tests__/hooks-coverage-1305.test.ts [2m([22m[2m51 tests[22m[2m)[22m[33m 923[2mms[22m[39m
       [33m[2mÔ£ô[22m[39m should emit subagent_start SSE event on SubagentStart hook [33m 337[2mms[22m[39m
 [32mÔ£ô[39m src/__tests__/acp-backend.test.ts [2m([22m[2m10 tests[22m[2m)[22m[32m 30[2mms[22m[39m
 [32mÔ£ô[39m src/__tests__/metering.test.ts [2m([22m[2m37 tests[22m[2m)[22m[32m 147[2mms[22m[39m
 [32mÔ£ô[39m src/__tests__/acp-terminal-bridge.test.ts [2m([22m[2m15 tests[22m[2m)[22m[32m 35[2mms[22m[39m
 [32mÔ£ô[39m src/__tests__/acp-fanout.test.ts [2m([22m[2m17 tests[22m[2m)[22m[32m 25[2mms[22m[39m
 [31mÔØ»[39m src/__tests__/mcp-server.test.ts [2m([22m[2m136 tests[22m[2m | [22m[31m1 failed[39m[2m)[22m[33m 1243[2mms[22m[39m
     [32mÔ£ô[39m listSessions sends GET /v1/sessions[32m 8[2mms[22m[39m
     [32mÔ£ô[39m listSessions filters by status[32m 1[2mms[22m[39m
     [32mÔ£ô[39m listSessions filters by workDir exact and prefix match[32m 1[2mms[22m[39m
     [32mÔ£ô[39m listSessions handles Windows path separators and case-insensitive matching[32m 1[2mms[22m[39m
     [32mÔ£ô[39m getSession sends GET /v1/sessions/:id[32m 1[2mms[22m[39m
     [32mÔ£ô[39m getHealth sends GET /v1/sessions/:id/health[32m 1[2mms[22m[39m
     [32mÔ£ô[39m getTranscript sends GET /v1/sessions/:id/read[32m 1[2mms[22m[39m
     [32mÔ£ô[39m sendMessage sends POST /v1/sessions/:id/send[32m 1[2mms[22m[39m
     [32mÔ£ô[39m createSession sends POST /v1/sessions[32m 1[2mms[22m[39m
     [32mÔ£ô[39m throws on non-ok response[32m 2[2mms[22m[39m
     [32mÔ£ô[39m throws on non-ok response with fallback error[32m 1[2mms[22m[39m
     [32mÔ£ô[39m works without auth token[32m 0[2mms[22m[39m
     [32mÔ£ô[39m rejects invalid session IDs[32m 0[2mms[22m[39m
     [32mÔ£ô[39m rejects path-traversal session IDs[32m 0[2mms[22m[39m
     [32mÔ£ô[39m killSession sends DELETE /v1/sessions/:id[32m 1[2mms[22m[39m
     [32mÔ£ô[39m killSession does NOT send Content-Type header (Issue #560)[32m 0[2mms[22m[39m
     [32mÔ£ô[39m approvePermission sends POST /v1/sessions/:id/approve[32m 1[2mms[22m[39m
     [32mÔ£ô[39m rejectPermission sends POST /v1/sessions/:id/reject[32m 0[2mms[22m[39m
     [32mÔ£ô[39m getServerHealth sends GET /v1/health[32m 0[2mms[22m[39m
     [32mÔ£ô[39m escapeSession sends POST /v1/sessions/:id/escape[32m 1[2mms[22m[39m
     [32mÔ£ô[39m interruptSession sends POST /v1/sessions/:id/interrupt[32m 1[2mms[22m[39m
     [32mÔ£ô[39m capturePane sends GET /v1/sessions/:id/pane[32m 0[2mms[22m[39m
     [32mÔ£ô[39m getSessionMetrics sends GET /v1/sessions/:id/metrics[32m 0[2mms[22m[39m
     [32mÔ£ô[39m getSessionSummary sends GET /v1/sessions/:id/summary[32m 0[2mms[22m[39m
     [32mÔ£ô[39m new methods reject invalid session IDs[32m 2[2mms[22m[39m
     [32mÔ£ô[39m sendBash sends POST /v1/sessions/:id/bash[32m 1[2mms[22m[39m
     [32mÔ£ô[39m sendCommand sends POST /v1/sessions/:id/command[32m 1[2mms[22m[39m
     [32mÔ£ô[39m getSessionLatency sends GET /v1/sessions/:id/latency[32m 1[2mms[22m[39m
     [32mÔ£ô[39m batchCreateSessions sends POST /v1/sessions/batch[32m 1[2mms[22m[39m
     [32mÔ£ô[39m listPipelines sends GET /v1/pipelines[32m 1[2mms[22m[39m
     [32mÔ£ô[39m createPipeline sends POST /v1/pipelines[32m 1[2mms[22m[39m
     [32mÔ£ô[39m getSwarm sends GET /v1/swarm[32m 1[2mms[22m[39m
     [32mÔ£ô[39m P2 methods reject invalid session IDs[32m 1[2mms[22m[39m
     [32mÔ£ô[39m setMemory sends POST /v1/memory[32m 1[2mms[22m[39m
     [32mÔ£ô[39m getMemory sends GET /v1/memory/:key[32m 1[2mms[22m[39m
     [32mÔ£ô[39m deleteMemory sends DELETE /v1/memory/:key[32m 1[2mms[22m[39m
     [32mÔ£ô[39m creates an MCP server with correct name and version[32m 27[2mms[22m[39m
     [32mÔ£ô[39m reads version from package.json[32m 17[2mms[22m[39m
[31m     [31m├ù[31m registers all 24 tools[39m[32m 28[2mms[22m[39m
     [32mÔ£ô[39m accepts custom auth token[32m 9[2mms[22m[39m
     [32mÔ£ô[39m registers 4 resources (2 static + 2 template)[32m 11[2mms[22m[39m
     [32mÔ£ô[39m list_sessions handler returns formatted session list[32m 24[2mms[22m[39m
     [32mÔ£ô[39m list_sessions handler passes filters to client[32m 23[2mms[22m[39m
     [32mÔ£ô[39m list_sessions handler returns error on failure[32m 12[2mms[22m[39m
     [32mÔ£ô[39m get_status handler returns session + health[32m 32[2mms[22m[39m
     [32mÔ£ô[39m get_status handler returns error for invalid session ID[32m 15[2mms[22m[39m
     [32mÔ£ô[39m get_status handler returns error on server failure[32m 20[2mms[22m[39m
     [32mÔ£ô[39m get_status handler includes pendingQuestion when session is ask_question[32m 12[2mms[22m[39m
     [32mÔ£ô[39m get_transcript handler returns transcript[32m 12[2mms[22m[39m
     [32mÔ£ô[39m get_transcript handler returns error for invalid session ID[32m 35[2mms[22m[39m
     [32mÔ£ô[39m send_message handler sends message[32m 14[2mms[22m[39m
     [32mÔ£ô[39m send_message handler handles special characters[32m 12[2mms[22m[39m
     [32mÔ£ô[39m send_message handler returns error for invalid session ID[32m 23[2mms[22m[39m
     [32mÔ£ô[39m create_session handler creates session[32m 9[2mms[22m[39m
     [32mÔ£ô[39m create_session handler works with minimal params[32m 9[2mms[22m[39m
     [32mÔ£ô[39m create_session handler returns error on failure[32m 15[2mms[22m[39m
     [32mÔ£ô[39m kill_session handler kills session[32m 9[2mms[22m[39m
     [32mÔ£ô[39m kill_session handler returns error for invalid session ID[32m 12[2mms[22m[39m
     [32mÔ£ô[39m approve_permission handler approves[32m 61[2mms[22m[39m
     [32mÔ£ô[39m approve_permission handler returns error for invalid session ID[32m 11[2mms[22m[39m
     [32mÔ£ô[39m reject_permission handler rejects[32m 25[2mms[22m[39m
     [32mÔ£ô[39m reject_permission handler returns error for invalid session ID[32m 9[2mms[22m[39m
     [32mÔ£ô[39m server_health handler returns health[32m 9[2mms[22m[39m
     [32mÔ£ô[39m server_health handler returns error on failure[32m 10[2mms[22m[39m
     [32mÔ£ô[39m escape_session handler sends escape[32m 9[2mms[22m[39m
     [32mÔ£ô[39m escape_session handler returns error for invalid session ID[32m 14[2mms[22m[39m
     [32mÔ£ô[39m interrupt_session handler sends interrupt[32m 10[2mms[22m[39m
     [32mÔ£ô[39m interrupt_session handler returns error for invalid session ID[32m 33[2mms[22m[39m
     [32mÔ£ô[39m capture_pane handler returns pane content[32m 10[2mms[22m[39m
     [32mÔ£ô[39m capture_pane handler returns error for invalid session ID[32m 9[2mms[22m[39m
     [32mÔ£ô[39m get_session_metrics handler returns metrics[32m 12[2mms[22m[39m
     [32mÔ£ô[39m get_session_metrics handler returns error for invalid session ID[32m 23[2mms[22m[39m
     [32mÔ£ô[39m get_session_summary handler returns summary[32m 11[2mms[22m[39m
     [32mÔ£ô[39m get_session_summary handler returns error for invalid session ID[32m 9[2mms[22m[39m
     [32mÔ£ô[39m send_bash handler sends command[32m 12[2mms[22m[39m
     [32mÔ£ô[39m send_bash handler handles special characters in command[32m 9[2mms[22m[39m
     [32mÔ£ô[39m send_bash handler returns error for invalid session ID[32m 9[2mms[22m[39m
     [32mÔ£ô[39m send_command handler sends slash command[32m 11[2mms[22m[39m
     [32mÔ£ô[39m send_command handler returns error for invalid session ID[32m 12[2mms[22m[39m
     [32mÔ£ô[39m get_session_latency handler returns latency[32m 13[2mms[22m[39m
     [32mÔ£ô[39m get_session_latency handler returns error for invalid session ID[32m 36[2mms[22m[39m
     [32mÔ£ô[39m batch_create_sessions handler creates batch[32m 10[2mms[22m[39m
     [32mÔ£ô[39m batch_create_sessions handler returns error on failure[32m 9[2mms[22m[39m
     [32mÔ£ô[39m list_pipelines handler returns pipelines[32m 9[2mms[22m[39m
     [32mÔ£ô[39m list_pipelines handler returns error on failure[32m 8[2mms[22m[39m
     [32mÔ£ô[39m create_pipeline handler creates pipeline[32m 7[2mms[22m[39m
     [32mÔ£ô[39m create_pipeline handler returns error on failure[32m 7[2mms[22m[39m
     [32mÔ£ô[39m get_swarm handler returns swarm[32m 12[2mms[22m[39m
     [32mÔ£ô[39m get_swarm handler returns error on failure[32m 13[2mms[22m[39m
     [32mÔ£ô[39m tool handlers propagate auth token[32m 7[2mms[22m[39m
     [32mÔ£ô[39m error responses use structured JSON envelope with code and message[32m 7[2mms[22m[39m
     [32mÔ£ô[39m invalid session ID errors have INVALID_SESSION_ID code[32m 7[2mms[22m[39m
     [32mÔ£ô[39m returns SERVER_UNREACHABLE when Aegis is down[32m 9[2mms[22m[39m
     [32mÔ£ô[39m returns SERVER_UNREACHABLE for generic network errors[32m 8[2mms[22m[39m
     [32mÔ£ô[39m encodes session ID in URL[32m 1[2mms[22m[39m
     [32mÔ£ô[39m rejects empty string session ID[32m 0[2mms[22m[39m
     [32mÔ£ô[39m rejects session ID with spaces[32m 1[2mms[22m[39m
     [32mÔ£ô[39m handles auth failure (401)[32m 0[2mms[22m[39m
     [32mÔ£ô[39m handles network error (fetch rejects)[32m 0[2mms[22m[39m
     [32mÔ£ô[39m handles ECONNREFUSED with clear message[32m 0[2mms[22m[39m
     [32mÔ£ô[39m listSessions returns empty array when no sessions[32m 0[2mms[22m[39m
     [32mÔ£ô[39m resolveRole fails closed to viewer when verify request errors[32m 1[2mms[22m[39m
     [32mÔ£ô[39m resolveRole does not cache viewer when verify temporarily errors[32m 1[2mms[22m[39m
     [32mÔ£ô[39m resolveRole fails closed to viewer when verify response is invalid[32m 0[2mms[22m[39m
     [32mÔ£ô[39m sendMessage with special characters in text[32m 1[2mms[22m[39m
     [32mÔ£ô[39m createSession with optional params omitted[32m 0[2mms[22m[39m
     [32mÔ£ô[39m sendBash with special characters in command[32m 0[2mms[22m[39m
       [32mÔ£ô[39m returns compact session list[32m 11[2mms[22m[39m
       [32mÔ£ô[39m returns error on fetch failure[32m 7[2mms[22m[39m
       [32mÔ£ô[39m returns transcript for valid session ID[32m 9[2mms[22m[39m
       [32mÔ£ô[39m returns error for invalid session ID[32m 9[2mms[22m[39m
       [32mÔ£ô[39m returns error on fetch failure[32m 7[2mms[22m[39m
       [32mÔ£ô[39m returns pane text for valid session ID[32m 9[2mms[22m[39m
       [32mÔ£ô[39m returns error for invalid session ID[32m 19[2mms[22m[39m
       [32mÔ£ô[39m returns error on fetch failure[32m 6[2mms[22m[39m
       [32mÔ£ô[39m returns server health JSON[32m 24[2mms[22m[39m
       [32mÔ£ô[39m returns error on fetch failure[32m 7[2mms[22m[39m
       [32mÔ£ô[39m registers 3 prompts[32m 8[2mms[22m[39m
       [32mÔ£ô[39m implement_issue prompt returns structured message[32m 7[2mms[22m[39m
       [32mÔ£ô[39m implement_issue prompt uses custom repo owner/name[32m 9[2mms[22m[39m
       [32mÔ£ô[39m review_pr prompt returns structured message[32m 8[2mms[22m[39m
       [32mÔ£ô[39m review_pr prompt uses custom repo owner/name[32m 38[2mms[22m[39m
       [32mÔ£ô[39m debug_session prompt returns structured message[32m 20[2mms[22m[39m
       [32mÔ£ô[39m operator cannot call kill_session[32m 21[2mms[22m[39m
       [32mÔ£ô[39m viewer cannot call kill_session[32m 12[2mms[22m[39m
       [32mÔ£ô[39m admin can call kill_session[32m 7[2mms[22m[39m
       [32mÔ£ô[39m operator cannot call send_bash[32m 7[2mms[22m[39m
       [32mÔ£ô[39m viewer cannot call send_bash[32m 8[2mms[22m[39m
       [32mÔ£ô[39m admin can call send_bash[32m 22[2mms[22m[39m
       [32mÔ£ô[39m viewer cannot call send_message (operator tool)[32m 9[2mms[22m[39m
       [32mÔ£ô[39m viewer cannot call create_session (operator tool)[32m 9[2mms[22m[39m
       [32mÔ£ô[39m operator can call send_message[32m 12[2mms[22m[39m
       [32mÔ£ô[39m viewer can call list_sessions[32m 9[2mms[22m[39m
       [32mÔ£ô[39m viewer can call server_health[32m 8[2mms[22m[39m
       [32mÔ£ô[39m no auth token defaults to admin and can call any tool[32m 8[2mms[22m[39m
       [32mÔ£ô[39m role is resolved once and cached[32m 10[2mms[22m[39m
[90mstdout[2m | src/__tests__/permission-guard.test.ts[2m > [22m[2mPermission guard[2m > [22m[2mneutralizeBypassPermissions ÔÇö settings.local.json (project local)[2m > [22m[2mshould patch bypassPermissions to default
[22m[39mPermission guard: neutralized bypassPermissions in C:\Users\manus\AppData\Local\Temp\aegis-perm-guard-F8FFUE\.claude\settings.local.json (backup: C:\Users\manus\AppData\Local\Temp\aegis-perm-home-Gw1qIo\.aegis\permission-backups\a2d209da0b72eab4\settings.local.json)

[90mstdout[2m | src/__tests__/permission-guard.test.ts[2m > [22m[2mPermission guard[2m > [22m[2mneutralizeBypassPermissions ÔÇö settings.local.json (project local)[2m > [22m[2mshould patch bypassPermissions to acceptEdits
[22m[39mPermission guard: neutralized bypassPermissions in C:\Users\manus\AppData\Local\Temp\aegis-perm-guard-28390a\.claude\settings.local.json (backup: C:\Users\manus\AppData\Local\Temp\aegis-perm-home-cP1aif\.aegis\permission-backups\edaaf6d1e8b3787b\settings.local.json)

[90mstdout[2m | src/__tests__/permission-guard.test.ts[2m > [22m[2mPermission guard[2m > [22m[2mneutralizeBypassPermissions ÔÇö settings.local.json (project local)[2m > [22m[2mshould create a backup of original file
[22m[39mPermission guard: neutralized bypassPermissions in C:\Users\manus\AppData\Local\Temp\aegis-perm-guard-DeSs6J\.claude\settings.local.json (backup: C:\Users\manus\AppData\Local\Temp\aegis-perm-home-SFB9II\.aegis\permission-backups\d545fd291c89111b\settings.local.json)

stderr | src/__tests__/permission-guard.test.ts > Permission guard > neutralizeBypassPermissions ÔÇö settings.local.json (project local) > should return false for malformed JSON
Permission guard: failed to neutralize C:\Users\manus\AppData\Local\Temp\aegis-perm-guard-LmJUA4\.claude\settings.local.json: Expected property name or '}' in JSON at position 2 (line 1 column 3)

[90mstdout[2m | src/__tests__/permission-guard.test.ts[2m > [22m[2mPermission guard[2m > [22m[2mneutralizeBypassPermissions ÔÇö settings.local.json (project local)[2m > [22m[2mshould preserve all other settings fields
[22m[39mPermission guard: neutralized bypassPermissions in C:\Users\manus\AppData\Local\Temp\aegis-perm-guard-sASu5U\.claude\settings.local.json (backup: C:\Users\manus\AppData\Local\Temp\aegis-perm-home-uzvM4B\.aegis\permission-backups\61b8ddf3f9a8fd8f\settings.local.json)

 [32mÔ£ô[39m src/__tests__/acp-session-service-pause-intervention.test.ts [2m([22m[2m10 tests[22m[2m)[22m[32m 20[2mms[22m[39m
[90mstdout[2m | src/__tests__/permission-guard.test.ts[2m > [22m[2mPermission guard[2m > [22m[2mneutralizeBypassPermissions ÔÇö project settings.json (committed)[2m > [22m[2mshould patch bypassPermissions in project settings.json
[22m[39mPermission guard: neutralized bypassPermissions in C:\Users\manus\AppData\Local\Temp\aegis-perm-guard-sMI7au\.claude\settings.json (backup: C:\Users\manus\AppData\Local\Temp\aegis-perm-home-eAbv1J\.aegis\permission-backups\f0331319351ddff2\settings.json)

[90mstdout[2m | src/__tests__/permission-guard.test.ts[2m > [22m[2mPermission guard[2m > [22m[2mneutralizeBypassPermissions ÔÇö project settings.json (committed)[2m > [22m[2mshould create a backup for project settings.json
[22m[39mPermission guard: neutralized bypassPermissions in C:\Users\manus\AppData\Local\Temp\aegis-perm-guard-xNZQBM\.claude\settings.json (backup: C:\Users\manus\AppData\Local\Temp\aegis-perm-home-t5ly6X\.aegis\permission-backups\6c848e1fcc988c6f\settings.json)

[90mstdout[2m | src/__tests__/permission-guard.test.ts[2m > [22m[2mPermission guard[2m > [22m[2mneutralizeBypassPermissions ÔÇö project settings.json (committed)[2m > [22m[2mshould restore project settings.json on restoreSettings
[22m[39mPermission guard: neutralized bypassPermissions in C:\Users\manus\AppData\Local\Temp\aegis-perm-guard-EibmY9\.claude\settings.json (backup: C:\Users\manus\AppData\Local\Temp\aegis-perm-home-USpgeu\.aegis\permission-backups\12e026a3bcbca71b\settings.json)

[90mstdout[2m | src/__tests__/permission-guard.test.ts[2m > [22m[2mPermission guard[2m > [22m[2mneutralizeBypassPermissions ÔÇö project settings.json (committed)[2m > [22m[2mshould restore project settings.json on restoreSettings
[22m[39mPermission guard: restored C:\Users\manus\AppData\Local\Temp\aegis-perm-guard-EibmY9\.claude\settings.json from backup

[90mstdout[2m | src/__tests__/permission-guard.test.ts[2m > [22m[2mPermission guard[2m > [22m[2mneutralizeBypassPermissions ÔÇö user settings.json[2m > [22m[2mshould patch bypassPermissions in user settings.json
[22m[39mPermission guard: neutralized bypassPermissions in C:\Users\manus\AppData\Local\Temp\aegis-perm-home-H5WPU2\.claude\settings.json (backup: C:\Users\manus\AppData\Local\Temp\aegis-perm-home-H5WPU2\.aegis\permission-backups\_user_\settings.json)

 [32mÔ£ô[39m src/__tests__/metrics-cache-2250.test.ts [2m([22m[2m20 tests[22m[2m)[22m[32m 47[2mms[22m[39m
[90mstdout[2m | src/__tests__/permission-guard.test.ts[2m > [22m[2mPermission guard[2m > [22m[2mneutralizeBypassPermissions ÔÇö user settings.json[2m > [22m[2mshould create a backup for user settings.json
[22m[39mPermission guard: neutralized bypassPermissions in C:\Users\manus\AppData\Local\Temp\aegis-perm-home-jQzrjg\.claude\settings.json (backup: C:\Users\manus\AppData\Local\Temp\aegis-perm-home-jQzrjg\.aegis\permission-backups\_user_\settings.json)

[90mstdout[2m | src/__tests__/permission-guard.test.ts[2m > [22m[2mPermission guard[2m > [22m[2mneutralizeBypassPermissions ÔÇö user settings.json[2m > [22m[2mshould restore user settings.json on restoreSettings
[22m[39mPermission guard: neutralized bypassPermissions in C:\Users\manus\AppData\Local\Temp\aegis-perm-home-ZGztJ8\.claude\settings.json (backup: C:\Users\manus\AppData\Local\Temp\aegis-perm-home-ZGztJ8\.aegis\permission-backups\_user_\settings.json)

[90mstdout[2m | src/__tests__/permission-guard.test.ts[2m > [22m[2mPermission guard[2m > [22m[2mneutralizeBypassPermissions ÔÇö user settings.json[2m > [22m[2mshould restore user settings.json on restoreSettings
[22m[39mPermission guard: restored C:\Users\manus\AppData\Local\Temp\aegis-perm-home-ZGztJ8\.claude\settings.json from backup

[90mstdout[2m | src/__tests__/permission-guard.test.ts[2m > [22m[2mPermission guard[2m > [22m[2mneutralizeBypassPermissions ÔÇö all 3 locations[2m > [22m[2mshould patch all 3 files when all have bypassPermissions
[22m[39mPermission guard: neutralized bypassPermissions in C:\Users\manus\AppData\Local\Temp\aegis-perm-home-doSHRw\.claude\settings.json (backup: C:\Users\manus\AppData\Local\Temp\aegis-perm-home-doSHRw\.aegis\permission-backups\_user_\settings.json)

[90mstdout[2m | src/__tests__/permission-guard.test.ts[2m > [22m[2mPermission guard[2m > [22m[2mneutralizeBypassPermissions ÔÇö all 3 locations[2m > [22m[2mshould patch all 3 files when all have bypassPermissions
[22m[39mPermission guard: neutralized bypassPermissions in C:\Users\manus\AppData\Local\Temp\aegis-perm-guard-tQemxT\.claude\settings.json (backup: C:\Users\manus\AppData\Local\Temp\aegis-perm-home-doSHRw\.aegis\permission-backups\5e598a3aaff38986\settings.json)

[90mstdout[2m | src/__tests__/permission-guard.test.ts[2m > [22m[2mPermission guard[2m > [22m[2mneutralizeBypassPermissions ÔÇö all 3 locations[2m > [22m[2mshould patch all 3 files when all have bypassPermissions
[22m[39mPermission guard: neutralized bypassPermissions in C:\Users\manus\AppData\Local\Temp\aegis-perm-guard-tQemxT\.claude\settings.local.json (backup: C:\Users\manus\AppData\Local\Temp\aegis-perm-home-doSHRw\.aegis\permission-backups\5e598a3aaff38986\settings.local.json)

[90mstdout[2m | src/__tests__/permission-guard.test.ts[2m > [22m[2mPermission guard[2m > [22m[2mneutralizeBypassPermissions ÔÇö all 3 locations[2m > [22m[2mshould return true when only 1 of 3 has bypassPermissions
[22m[39mPermission guard: neutralized bypassPermissions in C:\Users\manus\AppData\Local\Temp\aegis-perm-home-ggLTvZ\.claude\settings.json (backup: C:\Users\manus\AppData\Local\Temp\aegis-perm-home-ggLTvZ\.aegis\permission-backups\_user_\settings.json)

[90mstdout[2m | src/__tests__/permission-guard.test.ts[2m > [22m[2mPermission guard[2m > [22m[2mneutralizeBypassPermissions ÔÇö all 3 locations[2m > [22m[2mshould restore all 3 files on restoreSettings
[22m[39mPermission guard: neutralized bypassPermissions in C:\Users\manus\AppData\Local\Temp\aegis-perm-home-IORVoC\.claude\settings.json (backup: C:\Users\manus\AppData\Local\Temp\aegis-perm-home-IORVoC\.aegis\permission-backups\_user_\settings.json)

[90mstdout[2m | src/__tests__/permission-guard.test.ts[2m > [22m[2mPermission guard[2m > [22m[2mneutralizeBypassPermissions ÔÇö all 3 locations[2m > [22m[2mshould restore all 3 files on restoreSettings
[22m[39mPermission guard: neutralized bypassPermissions in C:\Users\manus\AppData\Local\Temp\aegis-perm-guard-Q5nbpr\.claude\settings.json (backup: C:\Users\manus\AppData\Local\Temp\aegis-perm-home-IORVoC\.aegis\permission-backups\0158eed7968cb429\settings.json)

[90mstdout[2m | src/__tests__/permission-guard.test.ts[2m > [22m[2mPermission guard[2m > [22m[2mneutralizeBypassPermissions ÔÇö all 3 locations[2m > [22m[2mshould restore all 3 files on restoreSettings
[22m[39mPermission guard: neutralized bypassPermissions in C:\Users\manus\AppData\Local\Temp\aegis-perm-guard-Q5nbpr\.claude\settings.local.json (backup: C:\Users\manus\AppData\Local\Temp\aegis-perm-home-IORVoC\.aegis\permission-backups\0158eed7968cb429\settings.local.json)

[90mstdout[2m | src/__tests__/permission-guard.test.ts[2m > [22m[2mPermission guard[2m > [22m[2mneutralizeBypassPermissions ÔÇö all 3 locations[2m > [22m[2mshould restore all 3 files on restoreSettings
[22m[39mPermission guard: restored C:\Users\manus\AppData\Local\Temp\aegis-perm-home-IORVoC\.claude\settings.json from backup

[90mstdout[2m | src/__tests__/permission-guard.test.ts[2m > [22m[2mPermission guard[2m > [22m[2mneutralizeBypassPermissions ÔÇö all 3 locations[2m > [22m[2mshould restore all 3 files on restoreSettings
[22m[39mPermission guard: restored C:\Users\manus\AppData\Local\Temp\aegis-perm-guard-Q5nbpr\.claude\settings.json from backup

[90mstdout[2m | src/__tests__/permission-guard.test.ts[2m > [22m[2mPermission guard[2m > [22m[2mneutralizeBypassPermissions ÔÇö all 3 locations[2m > [22m[2mshould restore all 3 files on restoreSettings
[22m[39mPermission guard: restored C:\Users\manus\AppData\Local\Temp\aegis-perm-guard-Q5nbpr\.claude\settings.local.json from backup

[90mstdout[2m | src/__tests__/permission-guard.test.ts[2m > [22m[2mPermission guard[2m > [22m[2mneutralizeBypassPermissions ÔÇö all 3 locations[2m > [22m[2mshould clean all orphaned backups on cleanOrphanedBackup
[22m[39mPermission guard: cleaned orphaned backup for C:\Users\manus\AppData\Local\Temp\aegis-perm-home-fzAZLa\.claude\settings.json

[90mstdout[2m | src/__tests__/permission-guard.test.ts[2m > [22m[2mPermission guard[2m > [22m[2mneutralizeBypassPermissions ÔÇö all 3 locations[2m > [22m[2mshould clean all orphaned backups on cleanOrphanedBackup
[22m[39mPermission guard: cleaned orphaned backup for C:\Users\manus\AppData\Local\Temp\aegis-perm-guard-nqKPI1\.claude\settings.json

[90mstdout[2m | src/__tests__/permission-guard.test.ts[2m > [22m[2mPermission guard[2m > [22m[2mneutralizeBypassPermissions ÔÇö all 3 locations[2m > [22m[2mshould clean all orphaned backups on cleanOrphanedBackup
[22m[39mPermission guard: cleaned orphaned backup for C:\Users\manus\AppData\Local\Temp\aegis-perm-guard-nqKPI1\.claude\settings.local.json

[90mstdout[2m | src/__tests__/permission-guard.test.ts[2m > [22m[2mPermission guard[2m > [22m[2mrestoreSettings[2m > [22m[2mshould restore original file from backup (settings.local.json)
[22m[39mPermission guard: neutralized bypassPermissions in C:\Users\manus\AppData\Local\Temp\aegis-perm-guard-D8CYk7\.claude\settings.local.json (backup: C:\Users\manus\AppData\Local\Temp\aegis-perm-home-rvt4qt\.aegis\permission-backups\a7df2f64f3bed92c\settings.local.json)

[90mstdout[2m | src/__tests__/permission-guard.test.ts[2m > [22m[2mPermission guard[2m > [22m[2mrestoreSettings[2m > [22m[2mshould restore original file from backup (settings.local.json)
[22m[39mPermission guard: restored C:\Users\manus\AppData\Local\Temp\aegis-perm-guard-D8CYk7\.claude\settings.local.json from backup

[90mstdout[2m | src/__tests__/permission-guard.test.ts[2m > [22m[2mPermission guard[2m > [22m[2mcleanOrphanedBackup[2m > [22m[2mshould restore orphaned backup (crash recovery)
[22m[39mPermission guard: cleaned orphaned backup for C:\Users\manus\AppData\Local\Temp\aegis-perm-guard-HBg2vR\.claude\settings.local.json

[90mstdout[2m | src/__tests__/permission-guard.test.ts[2m > [22m[2mPermission guard[2m > [22m[2medge cases[2m > [22m[2mshould handle concurrent neutralize+restore cycle
[22m[39mPermission guard: neutralized bypassPermissions in C:\Users\manus\AppData\Local\Temp\aegis-perm-guard-NMcGY9\.claude\settings.local.json (backup: C:\Users\manus\AppData\Local\Temp\aegis-perm-home-lermzw\.aegis\permission-backups\8e95f5d3e01853b1\settings.local.json)

[90mstdout[2m | src/__tests__/permission-guard.test.ts[2m > [22m[2mPermission guard[2m > [22m[2medge cases[2m > [22m[2mshould handle concurrent neutralize+restore cycle
[22m[39mPermission guard: restored C:\Users\manus\AppData\Local\Temp\aegis-perm-guard-NMcGY9\.claude\settings.local.json from backup

[90mstdout[2m | src/__tests__/permission-guard.test.ts[2m > [22m[2mPermission guard[2m > [22m[2medge cases[2m > [22m[2mshould not touch files that are not bypassPermissions
[22m[39mPermission guard: neutralized bypassPermissions in C:\Users\manus\AppData\Local\Temp\aegis-perm-home-YjU9zI\.claude\settings.json (backup: C:\Users\manus\AppData\Local\Temp\aegis-perm-home-YjU9zI\.aegis\permission-backups\_user_\settings.json)

 [32mÔ£ô[39m src/__tests__/permission-guard.test.ts [2m([22m[2m33 tests[22m[2m)[22m[33m 519[2mms[22m[39m
 [32mÔ£ô[39m src/__tests__/acp-session-service.test.ts [2m([22m[2m21 tests[22m[2m)[22m[32m 29[2mms[22m[39m
 [32mÔ£ô[39m src/__tests__/pipeline.test.ts [2m([22m[2m73 tests[22m[2m)[22m[33m 2712[2mms[22m[39m
       [33m[2mÔ£ô[22m[39m marks stage failed when createSession throws during advancement [33m 562[2mms[22m[39m
       [33m[2mÔ£ô[22m[39m marks orphaned stages as failed during hydration [33m 379[2mms[22m[39m
       [33m[2mÔ£ô[22m[39m skips malformed entries during hydration [33m 337[2mms[22m[39m
       [33m[2mÔ£ô[22m[39m #1938: resumes pipeline after restart with full stage history (no audit loss) [33m 634[2mms[22m[39m
 [32mÔ£ô[39m src/__tests__/acp-postgres-event-store.test.ts [2m([22m[2m33 tests[22m[2m | [22m[33m1 skipped[39m[2m)[22m[32m 36[2mms[22m[39m
 [32mÔ£ô[39m src/__tests__/permission-evaluator-coverage-1305.test.ts [2m([22m[2m32 tests[22m[2m)[22m[32m 30[2mms[22m[39m
 [32mÔ£ô[39m src/__tests__/ssrf.test.ts [2m([22m[2m90 tests[22m[2m)[22m[32m 35[2mms[22m[39m
[90mstdout[2m | src/__tests__/channels/manager.test.ts[2m > [22m[2mChannelManager[2m > [22m[2minit[2m > [22m[2minitializes all channels
[22m[39mChannel initialized: ch1

[90mstdout[2m | src/__tests__/channels/manager.test.ts[2m > [22m[2mChannelManager[2m > [22m[2minit[2m > [22m[2minitializes all channels
[22m[39mChannel initialized: ch2

stderr | src/__tests__/channels/manager.test.ts > ChannelManager > init > continues init even if one channel fails
Channel ch1 failed to init: Error: Init failed
    at D:/aegis/src/__tests__/channels/manager.test.ts:92:31
    at file:///D:/aegis/node_modules/@vitest/runner/dist/chunk-artifact.js:302:11
    at file:///D:/aegis/node_modules/@vitest/runner/dist/chunk-artifact.js:1903:26
    at file:///D:/aegis/node_modules/@vitest/runner/dist/chunk-artifact.js:2326:20
    at new Promise (<anonymous>)
    at runWithCancel (file:///D:/aegis/node_modules/@vitest/runner/dist/chunk-artifact.js:2323:10)
    at file:///D:/aegis/node_modules/@vitest/runner/dist/chunk-artifact.js:2305:20
    at new Promise (<anonymous>)
    at runWithTimeout (file:///D:/aegis/node_modules/@vitest/runner/dist/chunk-artifact.js:2272:10)
    at file:///D:/aegis/node_modules/@vitest/runner/dist/chunk-artifact.js:2955:64

[90mstdout[2m | src/__tests__/channels/manager.test.ts[2m > [22m[2mChannelManager[2m > [22m[2minit[2m > [22m[2mcontinues init even if one channel fails
[22m[39mChannel initialized: ch2

 [32mÔ£ô[39m src/__tests__/acp-postgres-action-queue.test.ts [2m([22m[2m22 tests[22m[2m)[22m[32m 31[2mms[22m[39m
stderr | src/__tests__/channels/manager.test.ts > ChannelManager > destroy > continues destroy even if one channel fails
Channel ch1 failed to destroy: Error: Destroy failed
    at D:/aegis/src/__tests__/channels/manager.test.ts:126:34
    at file:///D:/aegis/node_modules/@vitest/runner/dist/chunk-artifact.js:302:11
    at file:///D:/aegis/node_modules/@vitest/runner/dist/chunk-artifact.js:1903:26
    at file:///D:/aegis/node_modules/@vitest/runner/dist/chunk-artifact.js:2326:20
    at new Promise (<anonymous>)
    at runWithCancel (file:///D:/aegis/node_modules/@vitest/runner/dist/chunk-artifact.js:2323:10)
    at file:///D:/aegis/node_modules/@vitest/runner/dist/chunk-artifact.js:2305:20
    at new Promise (<anonymous>)
    at runWithTimeout (file:///D:/aegis/node_modules/@vitest/runner/dist/chunk-artifact.js:2272:10)
    at file:///D:/aegis/node_modules/@vitest/runner/dist/chunk-artifact.js:2955:64

stderr | src/__tests__/channels/manager.test.ts > ChannelManager > error isolation > one broken channel does not kill others on sessionCreated
Channel ch2 error on session.created: Error: Channel 2 is broken
    at D:/aegis/src/__tests__/channels/manager.test.ts:208:34
    at file:///D:/aegis/node_modules/@vitest/runner/dist/chunk-artifact.js:302:11
    at file:///D:/aegis/node_modules/@vitest/runner/dist/chunk-artifact.js:1903:26
    at file:///D:/aegis/node_modules/@vitest/runner/dist/chunk-artifact.js:2326:20
    at new Promise (<anonymous>)
    at runWithCancel (file:///D:/aegis/node_modules/@vitest/runner/dist/chunk-artifact.js:2323:10)
    at file:///D:/aegis/node_modules/@vitest/runner/dist/chunk-artifact.js:2305:20
    at new Promise (<anonymous>)
    at runWithTimeout (file:///D:/aegis/node_modules/@vitest/runner/dist/chunk-artifact.js:2272:10)
    at file:///D:/aegis/node_modules/@vitest/runner/dist/chunk-artifact.js:2955:64

stderr | src/__tests__/channels/manager.test.ts > ChannelManager > error isolation > one broken channel does not kill others on message
Channel ch1 error on message.assistant: Error: Channel 1 broken
    at D:/aegis/src/__tests__/channels/manager.test.ts:228:30
    at file:///D:/aegis/node_modules/@vitest/runner/dist/chunk-artifact.js:302:11
    at file:///D:/aegis/node_modules/@vitest/runner/dist/chunk-artifact.js:1903:26
    at file:///D:/aegis/node_modules/@vitest/runner/dist/chunk-artifact.js:2326:20
    at new Promise (<anonymous>)
    at runWithCancel (file:///D:/aegis/node_modules/@vitest/runner/dist/chunk-artifact.js:2323:10)
    at file:///D:/aegis/node_modules/@vitest/runner/dist/chunk-artifact.js:2305:20
    at new Promise (<anonymous>)
    at runWithTimeout (file:///D:/aegis/node_modules/@vitest/runner/dist/chunk-artifact.js:2272:10)
    at file:///D:/aegis/node_modules/@vitest/runner/dist/chunk-artifact.js:2955:64

stderr | src/__tests__/channels/manager.test.ts > ChannelManager > error isolation > all channels broken still resolves
Channel ch1 error on status.working: Error: Broken 1
    at D:/aegis/src/__tests__/channels/manager.test.ts:245:33
    at file:///D:/aegis/node_modules/@vitest/runner/dist/chunk-artifact.js:302:11
    at file:///D:/aegis/node_modules/@vitest/runner/dist/chunk-artifact.js:1903:26
    at file:///D:/aegis/node_modules/@vitest/runner/dist/chunk-artifact.js:2326:20
    at new Promise (<anonymous>)
    at runWithCancel (file:///D:/aegis/node_modules/@vitest/runner/dist/chunk-artifact.js:2323:10)
    at file:///D:/aegis/node_modules/@vitest/runner/dist/chunk-artifact.js:2305:20
    at new Promise (<anonymous>)
    at runWithTimeout (file:///D:/aegis/node_modules/@vitest/runner/dist/chunk-artifact.js:2272:10)
    at file:///D:/aegis/node_modules/@vitest/runner/dist/chunk-artifact.js:2955:64
Channel ch2 error on status.working: Error: Broken 2
    at D:/aegis/src/__tests__/channels/manager.test.ts:246:33
    at file:///D:/aegis/node_modules/@vitest/runner/dist/chunk-artifact.js:302:11
    at file:///D:/aegis/node_modules/@vitest/runner/dist/chunk-artifact.js:1903:26
    at file:///D:/aegis/node_modules/@vitest/runner/dist/chunk-artifact.js:2326:20
    at new Promise (<anonymous>)
    at runWithCancel (file:///D:/aegis/node_modules/@vitest/runner/dist/chunk-artifact.js:2323:10)
    at file:///D:/aegis/node_modules/@vitest/runner/dist/chunk-artifact.js:2305:20
    at new Promise (<anonymous>)
    at runWithTimeout (file:///D:/aegis/node_modules/@vitest/runner/dist/chunk-artifact.js:2272:10)
    at file:///D:/aegis/node_modules/@vitest/runner/dist/chunk-artifact.js:2955:64

stderr | src/__tests__/channels/manager.test.ts > ChannelManager > filtering > mixed filters with broken channel
Channel ch2 error on message.assistant: Error: Broken
    at D:/aegis/src/__tests__/channels/manager.test.ts:308:30
    at file:///D:/aegis/node_modules/@vitest/runner/dist/chunk-artifact.js:302:11
    at file:///D:/aegis/node_modules/@vitest/runner/dist/chunk-artifact.js:1903:26
    at file:///D:/aegis/node_modules/@vitest/runner/dist/chunk-artifact.js:2326:20
    at new Promise (<anonymous>)
    at runWithCancel (file:///D:/aegis/node_modules/@vitest/runner/dist/chunk-artifact.js:2323:10)
    at file:///D:/aegis/node_modules/@vitest/runner/dist/chunk-artifact.js:2305:20
    at new Promise (<anonymous>)
    at runWithTimeout (file:///D:/aegis/node_modules/@vitest/runner/dist/chunk-artifact.js:2272:10)
    at file:///D:/aegis/node_modules/@vitest/runner/dist/chunk-artifact.js:2955:64

[90mstdout[2m | src/__tests__/channels/manager.test.ts[2m > [22m[2mChannelManager[2m > [22m[2moptional methods[2m > [22m[2mhandles channel without optional methods
[22m[39mChannel initialized: minimal

stderr | src/__tests__/channels/manager.test.ts > ChannelManager > circuit breaker ÔÇö 4xx vs 5xx (#638) > does not trip circuit breaker on 4xx errors (plain Error)
Channel webhook error on session.created: Error: HTTP 400
    at D:/aegis/src/__tests__/channels/manager.test.ts:353:42
    at file:///D:/aegis/node_modules/@vitest/runner/dist/chunk-artifact.js:302:11
    at file:///D:/aegis/node_modules/@vitest/runner/dist/chunk-artifact.js:1903:26
    at file:///D:/aegis/node_modules/@vitest/runner/dist/chunk-artifact.js:2326:20
    at new Promise (<anonymous>)
    at runWithCancel (file:///D:/aegis/node_modules/@vitest/runner/dist/chunk-artifact.js:2323:10)
    at file:///D:/aegis/node_modules/@vitest/runner/dist/chunk-artifact.js:2305:20
    at new Promise (<anonymous>)
    at runWithTimeout (file:///D:/aegis/node_modules/@vitest/runner/dist/chunk-artifact.js:2272:10)
    at file:///D:/aegis/node_modules/@vitest/runner/dist/chunk-artifact.js:2955:64

stderr | src/__tests__/channels/manager.test.ts > ChannelManager > circuit breaker ÔÇö 4xx vs 5xx (#638) > does not trip circuit breaker on 4xx errors (plain Error)
Channel webhook error on session.created: Error: HTTP 400
    at D:/aegis/src/__tests__/channels/manager.test.ts:353:42
    at file:///D:/aegis/node_modules/@vitest/runner/dist/chunk-artifact.js:302:11
    at file:///D:/aegis/node_modules/@vitest/runner/dist/chunk-artifact.js:1903:26
    at file:///D:/aegis/node_modules/@vitest/runner/dist/chunk-artifact.js:2326:20
    at new Promise (<anonymous>)
    at runWithCancel (file:///D:/aegis/node_modules/@vitest/runner/dist/chunk-artifact.js:2323:10)
    at file:///D:/aegis/node_modules/@vitest/runner/dist/chunk-artifact.js:2305:20
    at new Promise (<anonymous>)
    at runWithTimeout (file:///D:/aegis/node_modules/@vitest/runner/dist/chunk-artifact.js:2272:10)
    at file:///D:/aegis/node_modules/@vitest/runner/dist/chunk-artifact.js:2955:64

stderr | src/__tests__/channels/manager.test.ts > ChannelManager > circuit breaker ÔÇö 4xx vs 5xx (#638) > does not trip circuit breaker on 4xx errors (plain Error)
Channel webhook error on session.created: Error: HTTP 400
    at D:/aegis/src/__tests__/channels/manager.test.ts:353:42
    at file:///D:/aegis/node_modules/@vitest/runner/dist/chunk-artifact.js:302:11
    at file:///D:/aegis/node_modules/@vitest/runner/dist/chunk-artifact.js:1903:26
    at file:///D:/aegis/node_modules/@vitest/runner/dist/chunk-artifact.js:2326:20
    at new Promise (<anonymous>)
    at runWithCancel (file:///D:/aegis/node_modules/@vitest/runner/dist/chunk-artifact.js:2323:10)
    at file:///D:/aegis/node_modules/@vitest/runner/dist/chunk-artifact.js:2305:20
    at new Promise (<anonymous>)
    at runWithTimeout (file:///D:/aegis/node_modules/@vitest/runner/dist/chunk-artifact.js:2272:10)
    at file:///D:/aegis/node_modules/@vitest/runner/dist/chunk-artifact.js:2955:64

stderr | src/__tests__/channels/manager.test.ts > ChannelManager > circuit breaker ÔÇö 4xx vs 5xx (#638) > does not trip circuit breaker on 4xx errors (plain Error)
Channel webhook error on session.created: Error: HTTP 400
    at D:/aegis/src/__tests__/channels/manager.test.ts:353:42
    at file:///D:/aegis/node_modules/@vitest/runner/dist/chunk-artifact.js:302:11
    at file:///D:/aegis/node_modules/@vitest/runner/dist/chunk-artifact.js:1903:26
    at file:///D:/aegis/node_modules/@vitest/runner/dist/chunk-artifact.js:2326:20
    at new Promise (<anonymous>)
    at runWithCancel (file:///D:/aegis/node_modules/@vitest/runner/dist/chunk-artifact.js:2323:10)
    at file:///D:/aegis/node_modules/@vitest/runner/dist/chunk-artifact.js:2305:20
    at new Promise (<anonymous>)
    at runWithTimeout (file:///D:/aegis/node_modules/@vitest/runner/dist/chunk-artifact.js:2272:10)
    at file:///D:/aegis/node_modules/@vitest/runner/dist/chunk-artifact.js:2955:64

stderr | src/__tests__/channels/manager.test.ts > ChannelManager > circuit breaker ÔÇö 4xx vs 5xx (#638) > does not trip circuit breaker on 4xx errors (plain Error)
Channel webhook error on session.created: Error: HTTP 400
    at D:/aegis/src/__tests__/channels/manager.test.ts:353:42
    at file:///D:/aegis/node_modules/@vitest/runner/dist/chunk-artifact.js:302:11
    at file:///D:/aegis/node_modules/@vitest/runner/dist/chunk-artifact.js:1903:26
    at file:///D:/aegis/node_modules/@vitest/runner/dist/chunk-artifact.js:2326:20
    at new Promise (<anonymous>)
    at runWithCancel (file:///D:/aegis/node_modules/@vitest/runner/dist/chunk-artifact.js:2323:10)
    at file:///D:/aegis/node_modules/@vitest/runner/dist/chunk-artifact.js:2305:20
    at new Promise (<anonymous>)
    at runWithTimeout (file:///D:/aegis/node_modules/@vitest/runner/dist/chunk-artifact.js:2272:10)
    at file:///D:/aegis/node_modules/@vitest/runner/dist/chunk-artifact.js:2955:64

stderr | src/__tests__/channels/manager.test.ts > ChannelManager > circuit breaker ÔÇö 4xx vs 5xx (#638) > does not trip circuit breaker on 4xx errors (plain Error)
Channel webhook error on session.created: Error: HTTP 400
    at D:/aegis/src/__tests__/channels/manager.test.ts:353:42
    at file:///D:/aegis/node_modules/@vitest/runner/dist/chunk-artifact.js:302:11
    at file:///D:/aegis/node_modules/@vitest/runner/dist/chunk-artifact.js:1903:26
    at file:///D:/aegis/node_modules/@vitest/runner/dist/chunk-artifact.js:2326:20
    at new Promise (<anonymous>)
    at runWithCancel (file:///D:/aegis/node_modules/@vitest/runner/dist/chunk-artifact.js:2323:10)
    at file:///D:/aegis/node_modules/@vitest/runner/dist/chunk-artifact.js:2305:20
    at new Promise (<anonymous>)
    at runWithTimeout (file:///D:/aegis/node_modules/@vitest/runner/dist/chunk-artifact.js:2272:10)
    at file:///D:/aegis/node_modules/@vitest/runner/dist/chunk-artifact.js:2955:64

stderr | src/__tests__/channels/manager.test.ts > ChannelManager > circuit breaker ÔÇö 4xx vs 5xx (#638) > does not trip circuit breaker on 4xx errors (plain Error)
Channel webhook error on session.created: Error: HTTP 400
    at D:/aegis/src/__tests__/channels/manager.test.ts:353:42
    at file:///D:/aegis/node_modules/@vitest/runner/dist/chunk-artifact.js:302:11
    at file:///D:/aegis/node_modules/@vitest/runner/dist/chunk-artifact.js:1903:26
    at file:///D:/aegis/node_modules/@vitest/runner/dist/chunk-artifact.js:2326:20
    at new Promise (<anonymous>)
    at runWithCancel (file:///D:/aegis/node_modules/@vitest/runner/dist/chunk-artifact.js:2323:10)
    at file:///D:/aegis/node_modules/@vitest/runner/dist/chunk-artifact.js:2305:20
    at new Promise (<anonymous>)
    at runWithTimeout (file:///D:/aegis/node_modules/@vitest/runner/dist/chunk-artifact.js:2272:10)
    at file:///D:/aegis/node_modules/@vitest/runner/dist/chunk-artifact.js:2955:64

stderr | src/__tests__/channels/manager.test.ts > ChannelManager > circuit breaker ÔÇö 4xx vs 5xx (#638) > does not trip circuit breaker on 4xx errors (plain Error)
Channel webhook error on session.created: Error: HTTP 400
    at D:/aegis/src/__tests__/channels/manager.test.ts:353:42
    at file:///D:/aegis/node_modules/@vitest/runner/dist/chunk-artifact.js:302:11
    at file:///D:/aegis/node_modules/@vitest/runner/dist/chunk-artifact.js:1903:26
    at file:///D:/aegis/node_modules/@vitest/runner/dist/chunk-artifact.js:2326:20
    at new Promise (<anonymous>)
    at runWithCancel (file:///D:/aegis/node_modules/@vitest/runner/dist/chunk-artifact.js:2323:10)
    at file:///D:/aegis/node_modules/@vitest/runner/dist/chunk-artifact.js:2305:20
    at new Promise (<anonymous>)
    at runWithTimeout (file:///D:/aegis/node_modules/@vitest/runner/dist/chunk-artifact.js:2272:10)
    at file:///D:/aegis/node_modules/@vitest/runner/dist/chunk-artifact.js:2955:64

stderr | src/__tests__/channels/manager.test.ts > ChannelManager > circuit breaker ÔÇö 4xx vs 5xx (#638) > trips circuit breaker on 5xx errors (RetriableError)
Channel webhook error on session.created: RetriableError: HTTP 500
    at D:/aegis/src/__tests__/channels/manager.test.ts:373:42
    at file:///D:/aegis/node_modules/@vitest/runner/dist/chunk-artifact.js:302:11
    at file:///D:/aegis/node_modules/@vitest/runner/dist/chunk-artifact.js:1903:26
    at file:///D:/aegis/node_modules/@vitest/runner/dist/chunk-artifact.js:2326:20
    at new Promise (<anonymous>)
    at runWithCancel (file:///D:/aegis/node_modules/@vitest/runner/dist/chunk-artifact.js:2323:10)
    at file:///D:/aegis/node_modules/@vitest/runner/dist/chunk-artifact.js:2305:20
    at new Promise (<anonymous>)
    at runWithTimeout (file:///D:/aegis/node_modules/@vitest/runner/dist/chunk-artifact.js:2272:10)
    at file:///D:/aegis/node_modules/@vitest/runner/dist/chunk-artifact.js:2955:64

stderr | src/__tests__/channels/manager.test.ts > ChannelManager > circuit breaker ÔÇö 4xx vs 5xx (#638) > trips circuit breaker on 5xx errors (RetriableError)
Channel webhook error on session.created: RetriableError: HTTP 500
    at D:/aegis/src/__tests__/channels/manager.test.ts:373:42
    at file:///D:/aegis/node_modules/@vitest/runner/dist/chunk-artifact.js:302:11
    at file:///D:/aegis/node_modules/@vitest/runner/dist/chunk-artifact.js:1903:26
    at file:///D:/aegis/node_modules/@vitest/runner/dist/chunk-artifact.js:2326:20
    at new Promise (<anonymous>)
    at runWithCancel (file:///D:/aegis/node_modules/@vitest/runner/dist/chunk-artifact.js:2323:10)
    at file:///D:/aegis/node_modules/@vitest/runner/dist/chunk-artifact.js:2305:20
    at new Promise (<anonymous>)
    at runWithTimeout (file:///D:/aegis/node_modules/@vitest/runner/dist/chunk-artifact.js:2272:10)
    at file:///D:/aegis/node_modules/@vitest/runner/dist/chunk-artifact.js:2955:64

stderr | src/__tests__/channels/manager.test.ts > ChannelManager > circuit breaker ÔÇö 4xx vs 5xx (#638) > trips circuit breaker on 5xx errors (RetriableError)
Channel webhook error on session.created: RetriableError: HTTP 500
    at D:/aegis/src/__tests__/channels/manager.test.ts:373:42
    at file:///D:/aegis/node_modules/@vitest/runner/dist/chunk-artifact.js:302:11
    at file:///D:/aegis/node_modules/@vitest/runner/dist/chunk-artifact.js:1903:26
    at file:///D:/aegis/node_modules/@vitest/runner/dist/chunk-artifact.js:2326:20
    at new Promise (<anonymous>)
    at runWithCancel (file:///D:/aegis/node_modules/@vitest/runner/dist/chunk-artifact.js:2323:10)
    at file:///D:/aegis/node_modules/@vitest/runner/dist/chunk-artifact.js:2305:20
    at new Promise (<anonymous>)
    at runWithTimeout (file:///D:/aegis/node_modules/@vitest/runner/dist/chunk-artifact.js:2272:10)
    at file:///D:/aegis/node_modules/@vitest/runner/dist/chunk-artifact.js:2955:64

stderr | src/__tests__/channels/manager.test.ts > ChannelManager > circuit breaker ÔÇö 4xx vs 5xx (#638) > trips circuit breaker on 5xx errors (RetriableError)
Channel webhook error on session.created: RetriableError: HTTP 500
    at D:/aegis/src/__tests__/channels/manager.test.ts:373:42
    at file:///D:/aegis/node_modules/@vitest/runner/dist/chunk-artifact.js:302:11
    at file:///D:/aegis/node_modules/@vitest/runner/dist/chunk-artifact.js:1903:26
    at file:///D:/aegis/node_modules/@vitest/runner/dist/chunk-artifact.js:2326:20
    at new Promise (<anonymous>)
    at runWithCancel (file:///D:/aegis/node_modules/@vitest/runner/dist/chunk-artifact.js:2323:10)
    at file:///D:/aegis/node_modules/@vitest/runner/dist/chunk-artifact.js:2305:20
    at new Promise (<anonymous>)
    at runWithTimeout (file:///D:/aegis/node_modules/@vitest/runner/dist/chunk-artifact.js:2272:10)
    at file:///D:/aegis/node_modules/@vitest/runner/dist/chunk-artifact.js:2955:64

stderr | src/__tests__/channels/manager.test.ts > ChannelManager > circuit breaker ÔÇö 4xx vs 5xx (#638) > trips circuit breaker on 5xx errors (RetriableError)
Channel webhook error on session.created: RetriableError: HTTP 500
    at D:/aegis/src/__tests__/channels/manager.test.ts:373:42
    at file:///D:/aegis/node_modules/@vitest/runner/dist/chunk-artifact.js:302:11
    at file:///D:/aegis/node_modules/@vitest/runner/dist/chunk-artifact.js:1903:26
    at file:///D:/aegis/node_modules/@vitest/runner/dist/chunk-artifact.js:2326:20
    at new Promise (<anonymous>)
    at runWithCancel (file:///D:/aegis/node_modules/@vitest/runner/dist/chunk-artifact.js:2323:10)
    at file:///D:/aegis/node_modules/@vitest/runner/dist/chunk-artifact.js:2305:20
    at new Promise (<anonymous>)
    at runWithTimeout (file:///D:/aegis/node_modules/@vitest/runner/dist/chunk-artifact.js:2272:10)
    at file:///D:/aegis/node_modules/@vitest/runner/dist/chunk-artifact.js:2955:64
Channel webhook disabled after 5 consecutive failures, cooldown until 2026-05-05T23:37:44.383Z

stderr | src/__tests__/channels/manager.test.ts > ChannelManager > circuit breaker ÔÇö 4xx vs 5xx (#638) > trips circuit breaker on network errors (RetriableError)
Channel webhook error on message.user: RetriableError: fetch failed
    at D:/aegis/src/__tests__/channels/manager.test.ts:393:35
    at file:///D:/aegis/node_modules/@vitest/runner/dist/chunk-artifact.js:302:11
    at file:///D:/aegis/node_modules/@vitest/runner/dist/chunk-artifact.js:1903:26
    at file:///D:/aegis/node_modules/@vitest/runner/dist/chunk-artifact.js:2326:20
    at new Promise (<anonymous>)
    at runWithCancel (file:///D:/aegis/node_modules/@vitest/runner/dist/chunk-artifact.js:2323:10)
    at file:///D:/aegis/node_modules/@vitest/runner/dist/chunk-artifact.js:2305:20
    at new Promise (<anonymous>)
    at runWithTimeout (file:///D:/aegis/node_modules/@vitest/runner/dist/chunk-artifact.js:2272:10)
    at file:///D:/aegis/node_modules/@vitest/runner/dist/chunk-artifact.js:2955:64

stderr | src/__tests__/channels/manager.test.ts > ChannelManager > circuit breaker ÔÇö 4xx vs 5xx (#638) > trips circuit breaker on network errors (RetriableError)
Channel webhook error on message.user: RetriableError: fetch failed
    at D:/aegis/src/__tests__/channels/manager.test.ts:393:35
    at file:///D:/aegis/node_modules/@vitest/runner/dist/chunk-artifact.js:302:11
    at file:///D:/aegis/node_modules/@vitest/runner/dist/chunk-artifact.js:1903:26
    at file:///D:/aegis/node_modules/@vitest/runner/dist/chunk-artifact.js:2326:20
    at new Promise (<anonymous>)
    at runWithCancel (file:///D:/aegis/node_modules/@vitest/runner/dist/chunk-artifact.js:2323:10)
    at file:///D:/aegis/node_modules/@vitest/runner/dist/chunk-artifact.js:2305:20
    at new Promise (<anonymous>)
    at runWithTimeout (file:///D:/aegis/node_modules/@vitest/runner/dist/chunk-artifact.js:2272:10)
    at file:///D:/aegis/node_modules/@vitest/runner/dist/chunk-artifact.js:2955:64

stderr | src/__tests__/channels/manager.test.ts > ChannelManager > circuit breaker ÔÇö 4xx vs 5xx (#638) > trips circuit breaker on network errors (RetriableError)
Channel webhook error on message.user: RetriableError: fetch failed
    at D:/aegis/src/__tests__/channels/manager.test.ts:393:35
    at file:///D:/aegis/node_modules/@vitest/runner/dist/chunk-artifact.js:302:11
    at file:///D:/aegis/node_modules/@vitest/runner/dist/chunk-artifact.js:1903:26
    at file:///D:/aegis/node_modules/@vitest/runner/dist/chunk-artifact.js:2326:20
    at new Promise (<anonymous>)
    at runWithCancel (file:///D:/aegis/node_modules/@vitest/runner/dist/chunk-artifact.js:2323:10)
    at file:///D:/aegis/node_modules/@vitest/runner/dist/chunk-artifact.js:2305:20
    at new Promise (<anonymous>)
    at runWithTimeout (file:///D:/aegis/node_modules/@vitest/runner/dist/chunk-artifact.js:2272:10)
    at file:///D:/aegis/node_modules/@vitest/runner/dist/chunk-artifact.js:2955:64

stderr | src/__tests__/channels/manager.test.ts > ChannelManager > circuit breaker ÔÇö 4xx vs 5xx (#638) > trips circuit breaker on network errors (RetriableError)
Channel webhook error on message.user: RetriableError: fetch failed
    at D:/aegis/src/__tests__/channels/manager.test.ts:393:35
    at file:///D:/aegis/node_modules/@vitest/runner/dist/chunk-artifact.js:302:11
    at file:///D:/aegis/node_modules/@vitest/runner/dist/chunk-artifact.js:1903:26
    at file:///D:/aegis/node_modules/@vitest/runner/dist/chunk-artifact.js:2326:20
    at new Promise (<anonymous>)
    at runWithCancel (file:///D:/aegis/node_modules/@vitest/runner/dist/chunk-artifact.js:2323:10)
    at file:///D:/aegis/node_modules/@vitest/runner/dist/chunk-artifact.js:2305:20
    at new Promise (<anonymous>)
    at runWithTimeout (file:///D:/aegis/node_modules/@vitest/runner/dist/chunk-artifact.js:2272:10)
    at file:///D:/aegis/node_modules/@vitest/runner/dist/chunk-artifact.js:2955:64

stderr | src/__tests__/channels/manager.test.ts > ChannelManager > circuit breaker ÔÇö 4xx vs 5xx (#638) > trips circuit breaker on network errors (RetriableError)
Channel webhook error on message.user: RetriableError: fetch failed
    at D:/aegis/src/__tests__/channels/manager.test.ts:393:35
    at file:///D:/aegis/node_modules/@vitest/runner/dist/chunk-artifact.js:302:11
    at file:///D:/aegis/node_modules/@vitest/runner/dist/chunk-artifact.js:1903:26
    at file:///D:/aegis/node_modules/@vitest/runner/dist/chunk-artifact.js:2326:20
    at new Promise (<anonymous>)
    at runWithCancel (file:///D:/aegis/node_modules/@vitest/runner/dist/chunk-artifact.js:2323:10)
    at file:///D:/aegis/node_modules/@vitest/runner/dist/chunk-artifact.js:2305:20
    at new Promise (<anonymous>)
    at runWithTimeout (file:///D:/aegis/node_modules/@vitest/runner/dist/chunk-artifact.js:2272:10)
    at file:///D:/aegis/node_modules/@vitest/runner/dist/chunk-artifact.js:2955:64
Channel webhook disabled after 5 consecutive failures, cooldown until 2026-05-05T23:37:44.388Z

stderr | src/__tests__/channels/manager.test.ts > ChannelManager > circuit breaker ÔÇö 4xx vs 5xx (#638) > resets failure count on success after 4xx errors
Channel webhook error on session.created: Error: HTTP 403
    at D:/aegis/src/__tests__/channels/manager.test.ts:411:46
    at file:///D:/aegis/node_modules/@vitest/runner/dist/chunk-artifact.js:302:11
    at file:///D:/aegis/node_modules/@vitest/runner/dist/chunk-artifact.js:1903:26
    at file:///D:/aegis/node_modules/@vitest/runner/dist/chunk-artifact.js:2326:20
    at new Promise (<anonymous>)
    at runWithCancel (file:///D:/aegis/node_modules/@vitest/runner/dist/chunk-artifact.js:2323:10)
    at file:///D:/aegis/node_modules/@vitest/runner/dist/chunk-artifact.js:2305:20
    at new Promise (<anonymous>)
    at runWithTimeout (file:///D:/aegis/node_modules/@vitest/runner/dist/chunk-artifact.js:2272:10)
    at file:///D:/aegis/node_modules/@vitest/runner/dist/chunk-artifact.js:2955:64

stderr | src/__tests__/channels/manager.test.ts > ChannelManager > circuit breaker ÔÇö 4xx vs 5xx (#638) > resets failure count on success after 4xx errors
Channel webhook error on session.created: Error: HTTP 404
    at D:/aegis/src/__tests__/channels/manager.test.ts:412:46
    at file:///D:/aegis/node_modules/@vitest/runner/dist/chunk-artifact.js:302:11
    at file:///D:/aegis/node_modules/@vitest/runner/dist/chunk-artifact.js:1903:26
    at file:///D:/aegis/node_modules/@vitest/runner/dist/chunk-artifact.js:2326:20
    at new Promise (<anonymous>)
    at runWithCancel (file:///D:/aegis/node_modules/@vitest/runner/dist/chunk-artifact.js:2323:10)
    at file:///D:/aegis/node_modules/@vitest/runner/dist/chunk-artifact.js:2305:20
    at new Promise (<anonymous>)
    at runWithTimeout (file:///D:/aegis/node_modules/@vitest/runner/dist/chunk-artifact.js:2272:10)
    at file:///D:/aegis/node_modules/@vitest/runner/dist/chunk-artifact.js:2955:64

stderr | src/__tests__/channels/manager.test.ts > ChannelManager > circuit breaker ÔÇö 4xx vs 5xx (#638) > resets failure count on success after 4xx errors
Channel webhook error on session.created: RetriableError: HTTP 502
    at D:/aegis/src/__tests__/channels/manager.test.ts:424:42
    at processTicksAndRejections (node:internal/process/task_queues:104:5)
    at file:///D:/aegis/node_modules/@vitest/runner/dist/chunk-artifact.js:1903:20

stderr | src/__tests__/channels/manager.test.ts > ChannelManager > circuit breaker ÔÇö 4xx vs 5xx (#638) > resets failure count on success after 4xx errors
Channel webhook error on session.created: RetriableError: HTTP 502
    at D:/aegis/src/__tests__/channels/manager.test.ts:424:42
    at processTicksAndRejections (node:internal/process/task_queues:104:5)
    at file:///D:/aegis/node_modules/@vitest/runner/dist/chunk-artifact.js:1903:20

stderr | src/__tests__/channels/manager.test.ts > ChannelManager > circuit breaker ÔÇö 4xx vs 5xx (#638) > resets failure count on success after 4xx errors
Channel webhook error on session.created: RetriableError: HTTP 502
    at D:/aegis/src/__tests__/channels/manager.test.ts:424:42
    at processTicksAndRejections (node:internal/process/task_queues:104:5)
    at file:///D:/aegis/node_modules/@vitest/runner/dist/chunk-artifact.js:1903:20

stderr | src/__tests__/channels/manager.test.ts > ChannelManager > circuit breaker ÔÇö 4xx vs 5xx (#638) > resets failure count on success after 4xx errors
Channel webhook error on session.created: RetriableError: HTTP 502
    at D:/aegis/src/__tests__/channels/manager.test.ts:424:42
    at processTicksAndRejections (node:internal/process/task_queues:104:5)
    at file:///D:/aegis/node_modules/@vitest/runner/dist/chunk-artifact.js:1903:20

stderr | src/__tests__/channels/manager.test.ts > ChannelManager > circuit breaker ÔÇö 4xx vs 5xx (#638) > resets failure count on success after 4xx errors
Channel webhook error on session.created: RetriableError: HTTP 502
    at D:/aegis/src/__tests__/channels/manager.test.ts:424:42
    at processTicksAndRejections (node:internal/process/task_queues:104:5)
    at file:///D:/aegis/node_modules/@vitest/runner/dist/chunk-artifact.js:1903:20
Channel webhook disabled after 5 consecutive failures, cooldown until 2026-05-05T23:37:44.392Z

stderr | src/__tests__/channels/manager.test.ts > ChannelManager > circuit breaker ÔÇö 4xx vs 5xx (#638) > mixed 4xx and 5xx ÔÇö only 5xx counts toward threshold
Channel webhook error on status.idle: Error: HTTP 429
    at D:/aegis/src/__tests__/channels/manager.test.ts:448:46
    at file:///D:/aegis/node_modules/@vitest/runner/dist/chunk-artifact.js:302:11
    at file:///D:/aegis/node_modules/@vitest/runner/dist/chunk-artifact.js:1903:26
    at file:///D:/aegis/node_modules/@vitest/runner/dist/chunk-artifact.js:2326:20
    at new Promise (<anonymous>)
    at runWithCancel (file:///D:/aegis/node_modules/@vitest/runner/dist/chunk-artifact.js:2323:10)
    at file:///D:/aegis/node_modules/@vitest/runner/dist/chunk-artifact.js:2305:20
    at new Promise (<anonymous>)
    at runWithTimeout (file:///D:/aegis/node_modules/@vitest/runner/dist/chunk-artifact.js:2272:10)
    at file:///D:/aegis/node_modules/@vitest/runner/dist/chunk-artifact.js:2955:64

stderr | src/__tests__/channels/manager.test.ts > ChannelManager > circuit breaker ÔÇö 4xx vs 5xx (#638) > mixed 4xx and 5xx ÔÇö only 5xx counts toward threshold
Channel webhook error on status.idle: RetriableError: HTTP 500
    at D:/aegis/src/__tests__/channels/manager.test.ts:451:46
    at processTicksAndRejections (node:internal/process/task_queues:104:5)
    at file:///D:/aegis/node_modules/@vitest/runner/dist/chunk-artifact.js:1903:20

stderr | src/__tests__/channels/manager.test.ts > ChannelManager > circuit breaker ÔÇö 4xx vs 5xx (#638) > mixed 4xx and 5xx ÔÇö only 5xx counts toward threshold
Channel webhook error on status.idle: Error: HTTP 429
    at D:/aegis/src/__tests__/channels/manager.test.ts:448:46
    at processTicksAndRejections (node:internal/process/task_queues:104:5)
    at file:///D:/aegis/node_modules/@vitest/runner/dist/chunk-artifact.js:1903:20

stderr | src/__tests__/channels/manager.test.ts > ChannelManager > circuit breaker ÔÇö 4xx vs 5xx (#638) > mixed 4xx and 5xx ÔÇö only 5xx counts toward threshold
Channel webhook error on status.idle: RetriableError: HTTP 500
    at D:/aegis/src/__tests__/channels/manager.test.ts:451:46
    at processTicksAndRejections (node:internal/process/task_queues:104:5)
    at file:///D:/aegis/node_modules/@vitest/runner/dist/chunk-artifact.js:1903:20

stderr | src/__tests__/channels/manager.test.ts > ChannelManager > circuit breaker ÔÇö 4xx vs 5xx (#638) > mixed 4xx and 5xx ÔÇö only 5xx counts toward threshold
Channel webhook error on status.idle: Error: HTTP 429
    at D:/aegis/src/__tests__/channels/manager.test.ts:448:46
    at processTicksAndRejections (node:internal/process/task_queues:104:5)
    at file:///D:/aegis/node_modules/@vitest/runner/dist/chunk-artifact.js:1903:20

stderr | src/__tests__/channels/manager.test.ts > ChannelManager > circuit breaker ÔÇö 4xx vs 5xx (#638) > mixed 4xx and 5xx ÔÇö only 5xx counts toward threshold
Channel webhook error on status.idle: RetriableError: HTTP 500
    at D:/aegis/src/__tests__/channels/manager.test.ts:451:46
    at processTicksAndRejections (node:internal/process/task_queues:104:5)
    at file:///D:/aegis/node_modules/@vitest/runner/dist/chunk-artifact.js:1903:20

stderr | src/__tests__/channels/manager.test.ts > ChannelManager > circuit breaker ÔÇö 4xx vs 5xx (#638) > mixed 4xx and 5xx ÔÇö only 5xx counts toward threshold
Channel webhook error on status.idle: Error: HTTP 429
    at D:/aegis/src/__tests__/channels/manager.test.ts:448:46
    at processTicksAndRejections (node:internal/process/task_queues:104:5)
    at file:///D:/aegis/node_modules/@vitest/runner/dist/chunk-artifact.js:1903:20

stderr | src/__tests__/channels/manager.test.ts > ChannelManager > circuit breaker ÔÇö 4xx vs 5xx (#638) > mixed 4xx and 5xx ÔÇö only 5xx counts toward threshold
Channel webhook error on status.idle: RetriableError: HTTP 500
    at D:/aegis/src/__tests__/channels/manager.test.ts:451:46
    at processTicksAndRejections (node:internal/process/task_queues:104:5)
    at file:///D:/aegis/node_modules/@vitest/runner/dist/chunk-artifact.js:1903:20

stderr | src/__tests__/channels/manager.test.ts > ChannelManager > circuit breaker ÔÇö 4xx vs 5xx (#638) > mixed 4xx and 5xx ÔÇö only 5xx counts toward threshold
Channel webhook error on status.idle: Error: HTTP 429
    at D:/aegis/src/__tests__/channels/manager.test.ts:448:46
    at processTicksAndRejections (node:internal/process/task_queues:104:5)
    at file:///D:/aegis/node_modules/@vitest/runner/dist/chunk-artifact.js:1903:20

stderr | src/__tests__/channels/manager.test.ts > ChannelManager > circuit breaker ÔÇö 4xx vs 5xx (#638) > mixed 4xx and 5xx ÔÇö only 5xx counts toward threshold
Channel webhook error on status.idle: RetriableError: HTTP 500
    at D:/aegis/src/__tests__/channels/manager.test.ts:451:46
    at processTicksAndRejections (node:internal/process/task_queues:104:5)
    at file:///D:/aegis/node_modules/@vitest/runner/dist/chunk-artifact.js:1903:20
Channel webhook disabled after 5 consecutive failures, cooldown until 2026-05-05T23:37:44.403Z

stderr | src/__tests__/channels/manager.test.ts > ChannelManager > circuit breaker ÔÇö 4xx vs 5xx (#638) > does not trip breaker for plain Error even after many failures
Channel webhook error on message.user: Error: HTTP 401
    at D:/aegis/src/__tests__/channels/manager.test.ts:465:35
    at file:///D:/aegis/node_modules/@vitest/runner/dist/chunk-artifact.js:302:11
    at file:///D:/aegis/node_modules/@vitest/runner/dist/chunk-artifact.js:1903:26
    at file:///D:/aegis/node_modules/@vitest/runner/dist/chunk-artifact.js:2326:20
    at new Promise (<anonymous>)
    at runWithCancel (file:///D:/aegis/node_modules/@vitest/runner/dist/chunk-artifact.js:2323:10)
    at file:///D:/aegis/node_modules/@vitest/runner/dist/chunk-artifact.js:2305:20
    at new Promise (<anonymous>)
    at runWithTimeout (file:///D:/aegis/node_modules/@vitest/runner/dist/chunk-artifact.js:2272:10)
    at file:///D:/aegis/node_modules/@vitest/runner/dist/chunk-artifact.js:2955:64

stderr | src/__tests__/channels/manager.test.ts > ChannelManager > circuit breaker ÔÇö 4xx vs 5xx (#638) > does not trip breaker for plain Error even after many failures
Channel webhook error on message.user: Error: HTTP 401
    at D:/aegis/src/__tests__/channels/manager.test.ts:465:35
    at file:///D:/aegis/node_modules/@vitest/runner/dist/chunk-artifact.js:302:11
    at file:///D:/aegis/node_modules/@vitest/runner/dist/chunk-artifact.js:1903:26
    at file:///D:/aegis/node_modules/@vitest/runner/dist/chunk-artifact.js:2326:20
    at new Promise (<anonymous>)
    at runWithCancel (file:///D:/aegis/node_modules/@vitest/runner/dist/chunk-artifact.js:2323:10)
    at file:///D:/aegis/node_modules/@vitest/runner/dist/chunk-artifact.js:2305:20
    at new Promise (<anonymous>)
    at runWithTimeout (file:///D:/aegis/node_modules/@vitest/runner/dist/chunk-artifact.js:2272:10)
    at file:///D:/aegis/node_modules/@vitest/runner/dist/chunk-artifact.js:2955:64

stderr | src/__tests__/channels/manager.test.ts > ChannelManager > circuit breaker ÔÇö 4xx vs 5xx (#638) > does not trip breaker for plain Error even after many failures
Channel webhook error on message.user: Error: HTTP 401
    at D:/aegis/src/__tests__/channels/manager.test.ts:465:35
    at file:///D:/aegis/node_modules/@vitest/runner/dist/chunk-artifact.js:302:11
    at file:///D:/aegis/node_modules/@vitest/runner/dist/chunk-artifact.js:1903:26
    at file:///D:/aegis/node_modules/@vitest/runner/dist/chunk-artifact.js:2326:20
    at new Promise (<anonymous>)
    at runWithCancel (file:///D:/aegis/node_modules/@vitest/runner/dist/chunk-artifact.js:2323:10)
    at file:///D:/aegis/node_modules/@vitest/runner/dist/chunk-artifact.js:2305:20
    at new Promise (<anonymous>)
    at runWithTimeout (file:///D:/aegis/node_modules/@vitest/runner/dist/chunk-artifact.js:2272:10)
    at file:///D:/aegis/node_modules/@vitest/runner/dist/chunk-artifact.js:2955:64

stderr | src/__tests__/channels/manager.test.ts > ChannelManager > circuit breaker ÔÇö 4xx vs 5xx (#638) > does not trip breaker for plain Error even after many failures
Channel webhook error on message.user: Error: HTTP 401
    at D:/aegis/src/__tests__/channels/manager.test.ts:465:35
    at file:///D:/aegis/node_modules/@vitest/runner/dist/chunk-artifact.js:302:11
    at file:///D:/aegis/node_modules/@vitest/runner/dist/chunk-artifact.js:1903:26
    at file:///D:/aegis/node_modules/@vitest/runner/dist/chunk-artifact.js:2326:20
    at new Promise (<anonymous>)
    at runWithCancel (file:///D:/aegis/node_modules/@vitest/runner/dist/chunk-artifact.js:2323:10)
    at file:///D:/aegis/node_modules/@vitest/runner/dist/chunk-artifact.js:2305:20
    at new Promise (<anonymous>)
    at runWithTimeout (file:///D:/aegis/node_modules/@vitest/runner/dist/chunk-artifact.js:2272:10)
    at file:///D:/aegis/node_modules/@vitest/runner/dist/chunk-artifact.js:2955:64

stderr | src/__tests__/channels/manager.test.ts > ChannelManager > circuit breaker ÔÇö 4xx vs 5xx (#638) > does not trip breaker for plain Error even after many failures
Channel webhook error on message.user: Error: HTTP 401
    at D:/aegis/src/__tests__/channels/manager.test.ts:465:35
    at file:///D:/aegis/node_modules/@vitest/runner/dist/chunk-artifact.js:302:11
    at file:///D:/aegis/node_modules/@vitest/runner/dist/chunk-artifact.js:1903:26
    at file:///D:/aegis/node_modules/@vitest/runner/dist/chunk-artifact.js:2326:20
    at new Promise (<anonymous>)
    at runWithCancel (file:///D:/aegis/node_modules/@vitest/runner/dist/chunk-artifact.js:2323:10)
    at file:///D:/aegis/node_modules/@vitest/runner/dist/chunk-artifact.js:2305:20
    at new Promise (<anonymous>)
    at runWithTimeout (file:///D:/aegis/node_modules/@vitest/runner/dist/chunk-artifact.js:2272:10)
    at file:///D:/aegis/node_modules/@vitest/runner/dist/chunk-artifact.js:2955:64

stderr | src/__tests__/channels/manager.test.ts > ChannelManager > circuit breaker ÔÇö 4xx vs 5xx (#638) > does not trip breaker for plain Error even after many failures
Channel webhook error on message.user: Error: HTTP 401
    at D:/aegis/src/__tests__/channels/manager.test.ts:465:35
    at file:///D:/aegis/node_modules/@vitest/runner/dist/chunk-artifact.js:302:11
    at file:///D:/aegis/node_modules/@vitest/runner/dist/chunk-artifact.js:1903:26
    at file:///D:/aegis/node_modules/@vitest/runner/dist/chunk-artifact.js:2326:20
    at new Promise (<anonymous>)
    at runWithCancel (file:///D:/aegis/node_modules/@vitest/runner/dist/chunk-artifact.js:2323:10)
    at file:///D:/aegis/node_modules/@vitest/runner/dist/chunk-artifact.js:2305:20
    at new Promise (<anonymous>)
    at runWithTimeout (file:///D:/aegis/node_modules/@vitest/runner/dist/chunk-artifact.js:2272:10)
    at file:///D:/aegis/node_modules/@vitest/runner/dist/chunk-artifact.js:2955:64

stderr | src/__tests__/channels/manager.test.ts > ChannelManager > circuit breaker ÔÇö 4xx vs 5xx (#638) > does not trip breaker for plain Error even after many failures
Channel webhook error on message.user: Error: HTTP 401
    at D:/aegis/src/__tests__/channels/manager.test.ts:465:35
    at file:///D:/aegis/node_modules/@vitest/runner/dist/chunk-artifact.js:302:11
    at file:///D:/aegis/node_modules/@vitest/runner/dist/chunk-artifact.js:1903:26
    at file:///D:/aegis/node_modules/@vitest/runner/dist/chunk-artifact.js:2326:20
    at new Promise (<anonymous>)
    at runWithCancel (file:///D:/aegis/node_modules/@vitest/runner/dist/chunk-artifact.js:2323:10)
    at file:///D:/aegis/node_modules/@vitest/runner/dist/chunk-artifact.js:2305:20
    at new Promise (<anonymous>)
    at runWithTimeout (file:///D:/aegis/node_modules/@vitest/runner/dist/chunk-artifact.js:2272:10)
    at file:///D:/aegis/node_modules/@vitest/runner/dist/chunk-artifact.js:2955:64

stderr | src/__tests__/channels/manager.test.ts > ChannelManager > circuit breaker ÔÇö 4xx vs 5xx (#638) > does not trip breaker for plain Error even after many failures
Channel webhook error on message.user: Error: HTTP 401
    at D:/aegis/src/__tests__/channels/manager.test.ts:465:35
    at file:///D:/aegis/node_modules/@vitest/runner/dist/chunk-artifact.js:302:11
    at file:///D:/aegis/node_modules/@vitest/runner/dist/chunk-artifact.js:1903:26
    at file:///D:/aegis/node_modules/@vitest/runner/dist/chunk-artifact.js:2326:20
    at new Promise (<anonymous>)
    at runWithCancel (file:///D:/aegis/node_modules/@vitest/runner/dist/chunk-artifact.js:2323:10)
    at file:///D:/aegis/node_modules/@vitest/runner/dist/chunk-artifact.js:2305:20
    at new Promise (<anonymous>)
    at runWithTimeout (file:///D:/aegis/node_modules/@vitest/runner/dist/chunk-artifact.js:2272:10)
    at file:///D:/aegis/node_modules/@vitest/runner/dist/chunk-artifact.js:2955:64

stderr | src/__tests__/channels/manager.test.ts > ChannelManager > circuit breaker ÔÇö 4xx vs 5xx (#638) > does not trip breaker for plain Error even after many failures
Channel webhook error on message.user: Error: HTTP 401
    at D:/aegis/src/__tests__/channels/manager.test.ts:465:35
    at file:///D:/aegis/node_modules/@vitest/runner/dist/chunk-artifact.js:302:11
    at file:///D:/aegis/node_modules/@vitest/runner/dist/chunk-artifact.js:1903:26
    at file:///D:/aegis/node_modules/@vitest/runner/dist/chunk-artifact.js:2326:20
    at new Promise (<anonymous>)
    at runWithCancel (file:///D:/aegis/node_modules/@vitest/runner/dist/chunk-artifact.js:2323:10)
    at file:///D:/aegis/node_modules/@vitest/runner/dist/chunk-artifact.js:2305:20
    at new Promise (<anonymous>)
    at runWithTimeout (file:///D:/aegis/node_modules/@vitest/runner/dist/chunk-artifact.js:2272:10)
    at file:///D:/aegis/node_modules/@vitest/runner/dist/chunk-artifact.js:2955:64

stderr | src/__tests__/channels/manager.test.ts > ChannelManager > circuit breaker ÔÇö 4xx vs 5xx (#638) > does not trip breaker for plain Error even after many failures
Channel webhook error on message.user: Error: HTTP 401
    at D:/aegis/src/__tests__/channels/manager.test.ts:465:35
    at file:///D:/aegis/node_modules/@vitest/runner/dist/chunk-artifact.js:302:11
    at file:///D:/aegis/node_modules/@vitest/runner/dist/chunk-artifact.js:1903:26
    at file:///D:/aegis/node_modules/@vitest/runner/dist/chunk-artifact.js:2326:20
    at new Promise (<anonymous>)
    at runWithCancel (file:///D:/aegis/node_modules/@vitest/runner/dist/chunk-artifact.js:2323:10)
    at file:///D:/aegis/node_modules/@vitest/runner/dist/chunk-artifact.js:2305:20
    at new Promise (<anonymous>)
    at runWithTimeout (file:///D:/aegis/node_modules/@vitest/runner/dist/chunk-artifact.js:2272:10)
    at file:///D:/aegis/node_modules/@vitest/runner/dist/chunk-artifact.js:2955:64

stderr | src/__tests__/channels/manager.test.ts > ChannelManager > circuit breaker ÔÇö 4xx vs 5xx (#638) > does not trip breaker for plain Error even after many failures
Channel webhook error on message.user: Error: HTTP 401
    at D:/aegis/src/__tests__/channels/manager.test.ts:465:35
    at file:///D:/aegis/node_modules/@vitest/runner/dist/chunk-artifact.js:302:11
    at file:///D:/aegis/node_modules/@vitest/runner/dist/chunk-artifact.js:1903:26
    at file:///D:/aegis/node_modules/@vitest/runner/dist/chunk-artifact.js:2326:20
    at new Promise (<anonymous>)
    at runWithCancel (file:///D:/aegis/node_modules/@vitest/runner/dist/chunk-artifact.js:2323:10)
    at file:///D:/aegis/node_modules/@vitest/runner/dist/chunk-artifact.js:2305:20
    at new Promise (<anonymous>)
    at runWithTimeout (file:///D:/aegis/node_modules/@vitest/runner/dist/chunk-artifact.js:2272:10)
    at file:///D:/aegis/node_modules/@vitest/runner/dist/chunk-artifact.js:2955:64

stderr | src/__tests__/channels/manager.test.ts > ChannelManager > circuit breaker ÔÇö 4xx vs 5xx (#638) > does not trip breaker for plain Error even after many failures
Channel webhook error on message.user: Error: HTTP 401
    at D:/aegis/src/__tests__/channels/manager.test.ts:465:35
    at file:///D:/aegis/node_modules/@vitest/runner/dist/chunk-artifact.js:302:11
    at file:///D:/aegis/node_modules/@vitest/runner/dist/chunk-artifact.js:1903:26
    at file:///D:/aegis/node_modules/@vitest/runner/dist/chunk-artifact.js:2326:20
    at new Promise (<anonymous>)
    at runWithCancel (file:///D:/aegis/node_modules/@vitest/runner/dist/chunk-artifact.js:2323:10)
    at file:///D:/aegis/node_modules/@vitest/runner/dist/chunk-artifact.js:2305:20
    at new Promise (<anonymous>)
    at runWithTimeout (file:///D:/aegis/node_modules/@vitest/runner/dist/chunk-artifact.js:2272:10)
    at file:///D:/aegis/node_modules/@vitest/runner/dist/chunk-artifact.js:2955:64

stderr | src/__tests__/channels/manager.test.ts > ChannelManager > circuit breaker ÔÇö 4xx vs 5xx (#638) > does not trip breaker for plain Error even after many failures
Channel webhook error on message.user: Error: HTTP 401
    at D:/aegis/src/__tests__/channels/manager.test.ts:465:35
    at file:///D:/aegis/node_modules/@vitest/runner/dist/chunk-artifact.js:302:11
    at file:///D:/aegis/node_modules/@vitest/runner/dist/chunk-artifact.js:1903:26
    at file:///D:/aegis/node_modules/@vitest/runner/dist/chunk-artifact.js:2326:20
    at new Promise (<anonymous>)
    at runWithCancel (file:///D:/aegis/node_modules/@vitest/runner/dist/chunk-artifact.js:2323:10)
    at file:///D:/aegis/node_modules/@vitest/runner/dist/chunk-artifact.js:2305:20
    at new Promise (<anonymous>)
    at runWithTimeout (file:///D:/aegis/node_modules/@vitest/runner/dist/chunk-artifact.js:2272:10)
    at file:///D:/aegis/node_modules/@vitest/runner/dist/chunk-artifact.js:2955:64

stderr | src/__tests__/channels/manager.test.ts > ChannelManager > circuit breaker ÔÇö 4xx vs 5xx (#638) > does not trip breaker for plain Error even after many failures
Channel webhook error on message.user: Error: HTTP 401
    at D:/aegis/src/__tests__/channels/manager.test.ts:465:35
    at file:///D:/aegis/node_modules/@vitest/runner/dist/chunk-artifact.js:302:11
    at file:///D:/aegis/node_modules/@vitest/runner/dist/chunk-artifact.js:1903:26
    at file:///D:/aegis/node_modules/@vitest/runner/dist/chunk-artifact.js:2326:20
    at new Promise (<anonymous>)
    at runWithCancel (file:///D:/aegis/node_modules/@vitest/runner/dist/chunk-artifact.js:2323:10)
    at file:///D:/aegis/node_modules/@vitest/runner/dist/chunk-artifact.js:2305:20
    at new Promise (<anonymous>)
    at runWithTimeout (file:///D:/aegis/node_modules/@vitest/runner/dist/chunk-artifact.js:2272:10)
    at file:///D:/aegis/node_modules/@vitest/runner/dist/chunk-artifact.js:2955:64

stderr | src/__tests__/channels/manager.test.ts > ChannelManager > circuit breaker ÔÇö 4xx vs 5xx (#638) > does not trip breaker for plain Error even after many failures
Channel webhook error on message.user: Error: HTTP 401
    at D:/aegis/src/__tests__/channels/manager.test.ts:465:35
    at file:///D:/aegis/node_modules/@vitest/runner/dist/chunk-artifact.js:302:11
    at file:///D:/aegis/node_modules/@vitest/runner/dist/chunk-artifact.js:1903:26
    at file:///D:/aegis/node_modules/@vitest/runner/dist/chunk-artifact.js:2326:20
    at new Promise (<anonymous>)
    at runWithCancel (file:///D:/aegis/node_modules/@vitest/runner/dist/chunk-artifact.js:2323:10)
    at file:///D:/aegis/node_modules/@vitest/runner/dist/chunk-artifact.js:2305:20
    at new Promise (<anonymous>)
    at runWithTimeout (file:///D:/aegis/node_modules/@vitest/runner/dist/chunk-artifact.js:2272:10)
    at file:///D:/aegis/node_modules/@vitest/runner/dist/chunk-artifact.js:2955:64

 [32mÔ£ô[39m src/__tests__/channels/manager.test.ts [2m([22m[2m23 tests[22m[2m)[22m[32m 122[2mms[22m[39m
 [32mÔ£ô[39m src/__tests__/session-ownership-1429.test.ts [2m([22m[2m25 tests[22m[2m)[22m[32m 22[2mms[22m[39m
 [32mÔ£ô[39m src/__tests__/billing.test.ts [2m([22m[2m29 tests[22m[2m)[22m[32m 26[2mms[22m[39m
 [32mÔ£ô[39m src/__tests__/smart-stall-detection.test.ts [2m([22m[2m26 tests[22m[2m)[22m[32m 19[2mms[22m[39m
 [32mÔ£ô[39m src/__tests__/postgres-store.test.ts [2m([22m[2m32 tests[22m[2m)[22m[32m 33[2mms[22m[39m
 [32mÔ£ô[39m src/__tests__/hook-settings.test.ts [2m([22m[2m32 tests[22m[2m)[22m[33m 2906[2mms[22m[39m
     [33m[2mÔ£ô[22m[39m should merge hooks into project settings.local.json [33m 459[2mms[22m[39m
     [33m[2mÔ£ô[22m[39m should handle missing settings.local.json gracefully [33m 350[2mms[22m[39m
     [33m[2mÔ£ô[22m[39m should preserve env vars even if schema validation fails on unrelated fields [33m 349[2mms[22m[39m
[90mstdout[2m | src/__tests__/server-core-coverage.test.ts[2m > [22m[2mserver core coverage integration
[22m[39mTracing: disabled (set AEGIS_OTEL_ENABLED=true to enable)

{"level":30,"time":1778023965604,"pid":38332,"hostname":"DESKTOP-97CT50C","timestamp":"2026-05-05T23:32:45.602Z","level":"info","component":"server","operation":"config_watcher_started","attributes":{"configPath":"C:\\Users\\manus\\.aegis\\config.json"}}
 [32mÔ£ô[39m src/__tests__/control-actions.test.ts [2m([22m[2m18 tests[22m[2m)[22m[32m 36[2mms[22m[39m
{"level":30,"time":1778023965916,"pid":38332,"hostname":"DESKTOP-97CT50C","timestamp":"2026-05-05T23:32:45.916Z","level":"info","component":"server","operation":"session_reaper_active","attributes":{"maxAgeHours":2,"intervalMinutes":5}}
{"level":30,"time":1778023965918,"pid":38332,"hostname":"DESKTOP-97CT50C","timestamp":"2026-05-05T23:32:45.917Z","level":"info","component":"server","operation":"zombie_reaper_active","attributes":{"gracePeriodSeconds":60,"intervalSeconds":60}}
 [32mÔ£ô[39m src/__tests__/multitenancy-key-scoping.test.ts [2m([22m[2m21 tests[22m[2m)[22m[33m 603[2mms[22m[39m
       [33m[2mÔ£ô[22m[39m tenant admin only sees keys matching its tenant [33m 303[2mms[22m[39m
{"level":40,"time":1778023965927,"pid":38332,"hostname":"DESKTOP-97CT50C","timestamp":"2026-05-05T23:32:45.927Z","level":"warn","component":"server","operation":"dashboard_static_unavailable","errorCode":"DASHBOARD_DIR_MISSING","attributes":{"dashboardRoot":"D:\\aegis\\src\\dashboard","hint":"Run \"npm run build\" to populate dist/dashboard/"}}
{"level":30,"time":1778023966002,"pid":38332,"hostname":"DESKTOP-97CT50C","timestamp":"2026-05-05T23:32:46.002Z","level":"info","component":"server","operation":"startup_listening","attributes":{"host":"127.0.0.1","port":19100,"channels":0,"stateDir":"D:\\aegis\\.test-scratch\\server-core-7b339562-6448-4680-8bf3-a50081d48ea8\\state","claudeProjectsDir":"D:\\aegis\\.test-scratch\\server-core-7b339562-6448-4680-8bf3-a50081d48ea8\\projects"}}
{"level":30,"time":1778023966002,"pid":38332,"hostname":"DESKTOP-97CT50C","timestamp":"2026-05-05T23:32:46.002Z","level":"info","component":"server","operation":"auth_enabled","attributes":{}}
{"level":30,"time":1778023966050,"pid":38332,"hostname":"DESKTOP-97CT50C","reqId":"c55403f1-aafa-4511-b342-32906fecec56","req":{"method":"GET","url":"/v1/health"},"msg":"incoming request"}
{"level":30,"time":1778023966785,"pid":38332,"hostname":"DESKTOP-97CT50C","reqId":"c55403f1-aafa-4511-b342-32906fecec56","res":{"statusCode":200},"responseTime":734.3879000004381,"msg":"request completed"}
 [32mÔ£ô[39m src/__tests__/acp-postgres-chat-cache.test.ts [2m([22m[2m25 tests[22m[2m | [22m[33m1 skipped[39m[2m)[22m[32m 30[2mms[22m[39m
{"level":30,"time":1778023966787,"pid":38332,"hostname":"DESKTOP-97CT50C","reqId":"c363c488-ef0e-408d-a6b4-a29e44c9d362","req":{"method":"POST","url":"/v1/sessions"},"msg":"incoming request"}
{"level":30,"time":1778023966873,"pid":38332,"hostname":"DESKTOP-97CT50C","reqId":"c363c488-ef0e-408d-a6b4-a29e44c9d362","res":{"statusCode":400},"responseTime":85.92300000041723,"msg":"request completed"}
{"level":30,"time":1778023966873,"pid":38332,"hostname":"DESKTOP-97CT50C","reqId":"a95975a1-6027-41ce-9fb3-60f5c2f67b04","req":{"method":"POST","url":"/v1/sessions"},"msg":"incoming request"}
{"level":30,"time":1778023967396,"pid":38332,"hostname":"DESKTOP-97CT50C","reqId":"a95975a1-6027-41ce-9fb3-60f5c2f67b04","res":{"statusCode":201},"responseTime":522.1868000011891,"msg":"request completed"}
{"level":30,"time":1778023967397,"pid":38332,"hostname":"DESKTOP-97CT50C","reqId":"95507189-a1e1-4a85-a762-ad15da0d97aa","req":{"method":"GET","url":"/v1/sessions"},"msg":"incoming request"}
{"level":30,"time":1778023967398,"pid":38332,"hostname":"DESKTOP-97CT50C","reqId":"95507189-a1e1-4a85-a762-ad15da0d97aa","res":{"statusCode":200},"responseTime":1.4631999991834164,"msg":"request completed"}
{"level":30,"time":1778023967400,"pid":38332,"hostname":"DESKTOP-97CT50C","reqId":"bef3a396-274d-4510-ac1d-afa23112258f","req":{"method":"GET","url":"/v1/sessions/d9e0d6be-3ae2-40b5-9d65-7b87f98be9c7"},"msg":"incoming request"}
{"level":30,"time":1778023967401,"pid":38332,"hostname":"DESKTOP-97CT50C","reqId":"bef3a396-274d-4510-ac1d-afa23112258f","res":{"statusCode":200},"responseTime":1.0953999999910593,"msg":"request completed"}
{"level":30,"time":1778023967401,"pid":38332,"hostname":"DESKTOP-97CT50C","reqId":"5f692a97-5697-46be-b6af-072c7e751250","req":{"method":"POST","url":"/v1/sessions/d9e0d6be-3ae2-40b5-9d65-7b87f98be9c7/send"},"msg":"incoming request"}
{"level":30,"time":1778023967403,"pid":38332,"hostname":"DESKTOP-97CT50C","reqId":"5f692a97-5697-46be-b6af-072c7e751250","res":{"statusCode":200},"responseTime":1.6222000010311604,"msg":"request completed"}
{"level":30,"time":1778023967405,"pid":38332,"hostname":"DESKTOP-97CT50C","reqId":"697933f9-7df1-4a28-bcdc-53ef95962bef","req":{"method":"POST","url":"/v1/sessions/d9e0d6be-3ae2-40b5-9d65-7b87f98be9c7/command"},"msg":"incoming request"}
{"level":30,"time":1778023967406,"pid":38332,"hostname":"DESKTOP-97CT50C","reqId":"697933f9-7df1-4a28-bcdc-53ef95962bef","res":{"statusCode":200},"responseTime":1.1304999999701977,"msg":"request completed"}
{"level":30,"time":1778023967406,"pid":38332,"hostname":"DESKTOP-97CT50C","reqId":"b67e023e-f3b5-420d-9c02-448ce947407e","req":{"method":"POST","url":"/v1/sessions/d9e0d6be-3ae2-40b5-9d65-7b87f98be9c7/bash"},"msg":"incoming request"}
{"level":30,"time":1778023967408,"pid":38332,"hostname":"DESKTOP-97CT50C","reqId":"b67e023e-f3b5-420d-9c02-448ce947407e","res":{"statusCode":200},"responseTime":1.6528999991714954,"msg":"request completed"}
{"level":30,"time":1778023967409,"pid":38332,"hostname":"DESKTOP-97CT50C","reqId":"a2648480-f271-4686-b53c-316fe34aed04","req":{"method":"POST","url":"/v1/sessions/d9e0d6be-3ae2-40b5-9d65-7b87f98be9c7/command"},"msg":"incoming request"}
{"level":30,"time":1778023967410,"pid":38332,"hostname":"DESKTOP-97CT50C","reqId":"a2648480-f271-4686-b53c-316fe34aed04","res":{"statusCode":200},"responseTime":1.1785999983549118,"msg":"request completed"}
{"level":30,"time":1778023967411,"pid":38332,"hostname":"DESKTOP-97CT50C","reqId":"28270a57-bfc1-493d-954b-6259572901fe","req":{"method":"POST","url":"/v1/sessions/d9e0d6be-3ae2-40b5-9d65-7b87f98be9c7/bash"},"msg":"incoming request"}
{"level":30,"time":1778023967412,"pid":38332,"hostname":"DESKTOP-97CT50C","reqId":"28270a57-bfc1-493d-954b-6259572901fe","res":{"statusCode":200},"responseTime":1.1549999993294477,"msg":"request completed"}
{"level":30,"time":1778023967412,"pid":38332,"hostname":"DESKTOP-97CT50C","reqId":"c1629049-e31c-4080-865b-fb4d8d510bfe","req":{"method":"GET","url":"/v1/sessions/d9e0d6be-3ae2-40b5-9d65-7b87f98be9c7/summary"},"msg":"incoming request"}
{"level":30,"time":1778023967413,"pid":38332,"hostname":"DESKTOP-97CT50C","reqId":"c1629049-e31c-4080-865b-fb4d8d510bfe","res":{"statusCode":200},"responseTime":0.6825000010430813,"msg":"request completed"}
{"level":30,"time":1778023967414,"pid":38332,"hostname":"DESKTOP-97CT50C","reqId":"2dc40135-6e82-413a-92bd-ebc64828e19b","req":{"method":"GET","url":"/v1/sessions/d9e0d6be-3ae2-40b5-9d65-7b87f98be9c7/transcript?limit=5"},"msg":"incoming request"}
{"level":30,"time":1778023967414,"pid":38332,"hostname":"DESKTOP-97CT50C","reqId":"2dc40135-6e82-413a-92bd-ebc64828e19b","res":{"statusCode":200},"responseTime":0.5627999994903803,"msg":"request completed"}
{"level":30,"time":1778023967415,"pid":38332,"hostname":"DESKTOP-97CT50C","reqId":"5688fc18-c691-48aa-9c53-f5c89dd7fd74","req":{"method":"GET","url":"/v1/sessions/d9e0d6be-3ae2-40b5-9d65-7b87f98be9c7/health"},"msg":"incoming request"}
{"level":30,"time":1778023967415,"pid":38332,"hostname":"DESKTOP-97CT50C","reqId":"5688fc18-c691-48aa-9c53-f5c89dd7fd74","res":{"statusCode":200},"responseTime":0.6017999984323978,"msg":"request completed"}
{"level":30,"time":1778023967416,"pid":38332,"hostname":"DESKTOP-97CT50C","reqId":"1f2c0114-40b0-4f14-ba67-234a77cc47f4","req":{"method":"GET","url":"/v1/sessions/d9e0d6be-3ae2-40b5-9d65-7b87f98be9c7/pane"},"msg":"incoming request"}
{"level":30,"time":1778023967416,"pid":38332,"hostname":"DESKTOP-97CT50C","reqId":"1f2c0114-40b0-4f14-ba67-234a77cc47f4","res":{"statusCode":501},"responseTime":0.4782999996095896,"msg":"request completed"}
{"level":30,"time":1778023967428,"pid":38332,"hostname":"DESKTOP-97CT50C","reqId":"ff9f55e6-70d2-4e99-a035-7322fb0f5dc3","req":{"method":"GET","url":"/v1/sessions/d9e0d6be-3ae2-40b5-9d65-7b87f98be9c7/transcript?role=bad-role"},"msg":"incoming request"}
{"level":30,"time":1778023967429,"pid":38332,"hostname":"DESKTOP-97CT50C","reqId":"ff9f55e6-70d2-4e99-a035-7322fb0f5dc3","res":{"statusCode":400},"responseTime":0.38439999893307686,"msg":"request completed"}
{"level":30,"time":1778023967429,"pid":38332,"hostname":"DESKTOP-97CT50C","reqId":"803b585a-6b2e-45d1-9e16-0bb8b8a86748","req":{"method":"GET","url":"/v1/sessions/d9e0d6be-3ae2-40b5-9d65-7b87f98be9c7/transcript/cursor?before_id=0"},"msg":"incoming request"}
{"level":30,"time":1778023967432,"pid":38332,"hostname":"DESKTOP-97CT50C","reqId":"803b585a-6b2e-45d1-9e16-0bb8b8a86748","res":{"statusCode":400},"responseTime":2.4344999995082617,"msg":"request completed"}
{"level":30,"time":1778023967432,"pid":38332,"hostname":"DESKTOP-97CT50C","reqId":"6d9aa3c7-44ad-45dd-925f-506da24870ad","req":{"method":"PUT","url":"/v1/sessions/d9e0d6be-3ae2-40b5-9d65-7b87f98be9c7/permissions"},"msg":"incoming request"}
{"level":30,"time":1778023967435,"pid":38332,"hostname":"DESKTOP-97CT50C","reqId":"6d9aa3c7-44ad-45dd-925f-506da24870ad","res":{"statusCode":400},"responseTime":2.4283000007271767,"msg":"request completed"}
{"level":30,"time":1778023967435,"pid":38332,"hostname":"DESKTOP-97CT50C","reqId":"85d9c701-295f-4231-9f8d-627c7fd33854","req":{"method":"PUT","url":"/v1/sessions/d9e0d6be-3ae2-40b5-9d65-7b87f98be9c7/permissions"},"msg":"incoming request"}
{"level":30,"time":1778023967461,"pid":38332,"hostname":"DESKTOP-97CT50C","reqId":"85d9c701-295f-4231-9f8d-627c7fd33854","res":{"statusCode":200},"responseTime":26.349899999797344,"msg":"request completed"}
{"level":30,"time":1778023967462,"pid":38332,"hostname":"DESKTOP-97CT50C","reqId":"7a873d3b-5955-4cd1-8feb-08ebc4efc279","req":{"method":"PUT","url":"/v1/sessions/d9e0d6be-3ae2-40b5-9d65-7b87f98be9c7/permission-profile"},"msg":"incoming request"}
{"level":30,"time":1778023967469,"pid":38332,"hostname":"DESKTOP-97CT50C","reqId":"7a873d3b-5955-4cd1-8feb-08ebc4efc279","res":{"statusCode":200},"responseTime":7.108099998906255,"msg":"request completed"}
{"level":30,"time":1778023967469,"pid":38332,"hostname":"DESKTOP-97CT50C","reqId":"4fbd411e-794a-4d3d-b595-0142e2b584b9","req":{"method":"POST","url":"/v1/sessions/d9e0d6be-3ae2-40b5-9d65-7b87f98be9c7/hooks/permission"},"msg":"incoming request"}
[90mstdout[2m | src/__tests__/server-phase3.test.ts[2m > [22m[2mserver.ts Phase 3 ÔÇö internal functions
[22m[39mTracing: disabled (set AEGIS_OTEL_ENABLED=true to enable)

{"level":30,"time":1778023967480,"pid":36292,"hostname":"DESKTOP-97CT50C","timestamp":"2026-05-05T23:32:47.477Z","level":"info","component":"server","operation":"config_watcher_started","attributes":{"configPath":"C:\\Users\\manus\\.aegis\\config.json"}}
{"level":30,"time":1778023967499,"pid":38332,"hostname":"DESKTOP-97CT50C","reqId":"4fbd411e-794a-4d3d-b595-0142e2b584b9","res":{"statusCode":200},"responseTime":29.186499999836087,"msg":"request completed"}
 [32mÔ£ô[39m src/__tests__/acp-postgres-session-store.test.ts [2m([22m[2m15 tests[22m[2m)[22m[32m 25[2mms[22m[39m
{"level":30,"time":1778023967501,"pid":38332,"hostname":"DESKTOP-97CT50C","reqId":"8e0fc950-7510-4a19-93b6-2a4a4aa75014","req":{"method":"POST","url":"/v1/sessions/d9e0d6be-3ae2-40b5-9d65-7b87f98be9c7/hooks/stop"},"msg":"incoming request"}
{"level":30,"time":1778023967536,"pid":38332,"hostname":"DESKTOP-97CT50C","reqId":"8e0fc950-7510-4a19-93b6-2a4a4aa75014","res":{"statusCode":200},"responseTime":34.950999999418855,"msg":"request completed"}
{"level":30,"time":1778023967536,"pid":38332,"hostname":"DESKTOP-97CT50C","reqId":"fb733227-00bc-487d-8f40-3012b3a8ec73","req":{"method":"POST","url":"/v1/sessions/d9e0d6be-3ae2-40b5-9d65-7b87f98be9c7/answer"},"msg":"incoming request"}
{"level":30,"time":1778023967537,"pid":38332,"hostname":"DESKTOP-97CT50C","reqId":"fb733227-00bc-487d-8f40-3012b3a8ec73","res":{"statusCode":400},"responseTime":1.3194000013172626,"msg":"request completed"}
{"level":30,"time":1778023967538,"pid":38332,"hostname":"DESKTOP-97CT50C","reqId":"5ce2d66a-f46d-4247-90dc-a5df1882285b","req":{"method":"POST","url":"/v1/sessions/d9e0d6be-3ae2-40b5-9d65-7b87f98be9c7/answer"},"msg":"incoming request"}
{"level":30,"time":1778023967539,"pid":38332,"hostname":"DESKTOP-97CT50C","reqId":"5ce2d66a-f46d-4247-90dc-a5df1882285b","res":{"statusCode":409},"responseTime":0.9735000003129244,"msg":"request completed"}
{"level":30,"time":1778023967539,"pid":38332,"hostname":"DESKTOP-97CT50C","reqId":"4af50347-3714-4808-b2e8-596009376732","req":{"method":"POST","url":"/v1/sessions/d9e0d6be-3ae2-40b5-9d65-7b87f98be9c7/screenshot"},"msg":"incoming request"}
{"level":30,"time":1778023967542,"pid":38332,"hostname":"DESKTOP-97CT50C","reqId":"4af50347-3714-4808-b2e8-596009376732","res":{"statusCode":400},"responseTime":2.5117999985814095,"msg":"request completed"}
{"level":30,"time":1778023967542,"pid":38332,"hostname":"DESKTOP-97CT50C","reqId":"84ea5564-01b1-4502-845b-ec4474d35610","req":{"method":"POST","url":"/v1/sessions/d9e0d6be-3ae2-40b5-9d65-7b87f98be9c7/interrupt"},"msg":"incoming request"}
{"level":30,"time":1778023967551,"pid":38332,"hostname":"DESKTOP-97CT50C","reqId":"84ea5564-01b1-4502-845b-ec4474d35610","res":{"statusCode":200},"responseTime":8.949400000274181,"msg":"request completed"}
{"level":30,"time":1778023967551,"pid":38332,"hostname":"DESKTOP-97CT50C","reqId":"f86feee9-574c-4adb-a784-9b27f7f35ebb","req":{"method":"POST","url":"/v1/sessions/d9e0d6be-3ae2-40b5-9d65-7b87f98be9c7/escape"},"msg":"incoming request"}
{"level":30,"time":1778023967556,"pid":38332,"hostname":"DESKTOP-97CT50C","reqId":"f86feee9-574c-4adb-a784-9b27f7f35ebb","res":{"statusCode":200},"responseTime":4.402900001034141,"msg":"request completed"}
{"level":30,"time":1778023967556,"pid":38332,"hostname":"DESKTOP-97CT50C","reqId":"a62495b4-e1e4-4f2a-a38a-786c19f69cfa","req":{"method":"POST","url":"/v1/sessions/d9e0d6be-3ae2-40b5-9d65-7b87f98be9c7/spawn"},"msg":"incoming request"}
{"level":30,"time":1778023967621,"pid":38332,"hostname":"DESKTOP-97CT50C","reqId":"a62495b4-e1e4-4f2a-a38a-786c19f69cfa","res":{"statusCode":201},"responseTime":65.05179999954998,"msg":"request completed"}
{"level":30,"time":1778023967622,"pid":38332,"hostname":"DESKTOP-97CT50C","reqId":"560a6c8c-f99a-45d1-856c-3c4c6d259245","req":{"method":"POST","url":"/v1/sessions/d9e0d6be-3ae2-40b5-9d65-7b87f98be9c7/fork"},"msg":"incoming request"}
{"level":30,"time":1778023967660,"pid":38332,"hostname":"DESKTOP-97CT50C","reqId":"560a6c8c-f99a-45d1-856c-3c4c6d259245","res":{"statusCode":201},"responseTime":37.939799999818206,"msg":"request completed"}
{"level":30,"time":1778023967660,"pid":38332,"hostname":"DESKTOP-97CT50C","reqId":"2aa45594-29b3-44f6-a7a5-2f604d3c66de","req":{"method":"GET","url":"/v1/sessions/d9e0d6be-3ae2-40b5-9d65-7b87f98be9c7/children"},"msg":"incoming request"}
{"level":30,"time":1778023967661,"pid":38332,"hostname":"DESKTOP-97CT50C","reqId":"2aa45594-29b3-44f6-a7a5-2f604d3c66de","res":{"statusCode":200},"responseTime":0.6050000004470348,"msg":"request completed"}
{"level":30,"time":1778023967661,"pid":38332,"hostname":"DESKTOP-97CT50C","reqId":"dad01451-b136-4c2a-925c-648b74cfc346","req":{"method":"GET","url":"/v1/sessions/health"},"msg":"incoming request"}
{"level":30,"time":1778023967662,"pid":38332,"hostname":"DESKTOP-97CT50C","reqId":"dad01451-b136-4c2a-925c-648b74cfc346","res":{"statusCode":200},"responseTime":0.6408000010997057,"msg":"request completed"}
{"level":30,"time":1778023967662,"pid":38332,"hostname":"DESKTOP-97CT50C","reqId":"65556ae5-0320-4974-b34c-a550ef8f682a","req":{"method":"GET","url":"/v1/sessions/history?page=0"},"msg":"incoming request"}
{"level":30,"time":1778023967664,"pid":38332,"hostname":"DESKTOP-97CT50C","reqId":"65556ae5-0320-4974-b34c-a550ef8f682a","res":{"statusCode":400},"responseTime":1.3947999998927116,"msg":"request completed"}
{"level":30,"time":1778023967664,"pid":38332,"hostname":"DESKTOP-97CT50C","reqId":"8b060dea-13c2-4c80-ae23-71a881081d60","req":{"method":"GET","url":"/v1/sessions/history?page=1&limit=10"},"msg":"incoming request"}
{"level":30,"time":1778023967669,"pid":38332,"hostname":"DESKTOP-97CT50C","reqId":"8b060dea-13c2-4c80-ae23-71a881081d60","res":{"statusCode":200},"responseTime":4.656499998643994,"msg":"request completed"}
{"level":30,"time":1778023967670,"pid":38332,"hostname":"DESKTOP-97CT50C","reqId":"f0bc835e-b82e-4446-bc29-5202f0eea72d","req":{"method":"GET","url":"/v1/sessions/history?status=active&ownerKeyId=master"},"msg":"incoming request"}
{"level":30,"time":1778023967671,"pid":38332,"hostname":"DESKTOP-97CT50C","reqId":"f0bc835e-b82e-4446-bc29-5202f0eea72d","res":{"statusCode":200},"responseTime":1.4694999996572733,"msg":"request completed"}
{"level":30,"time":1778023967672,"pid":38332,"hostname":"DESKTOP-97CT50C","reqId":"25569820-4522-47a8-8037-5ea95e0f31ba","req":{"method":"POST","url":"/v1/sessions/batch"},"msg":"incoming request"}
{"level":30,"time":1778023967673,"pid":38332,"hostname":"DESKTOP-97CT50C","reqId":"25569820-4522-47a8-8037-5ea95e0f31ba","res":{"statusCode":400},"responseTime":0.8059999998658895,"msg":"request completed"}
{"level":30,"time":1778023967673,"pid":38332,"hostname":"DESKTOP-97CT50C","reqId":"4670880e-938b-4419-91dd-4ae9af6bd03d","req":{"method":"POST","url":"/v1/sessions/batch"},"msg":"incoming request"}
{"level":30,"time":1778023967675,"pid":38332,"hostname":"DESKTOP-97CT50C","reqId":"4670880e-938b-4419-91dd-4ae9af6bd03d","res":{"statusCode":201},"responseTime":2.3552000001072884,"msg":"request completed"}
{"level":30,"time":1778023967676,"pid":38332,"hostname":"DESKTOP-97CT50C","reqId":"1d71b94a-6bf7-457d-a643-164402b608b3","req":{"method":"POST","url":"/v1/sessions/batch"},"msg":"incoming request"}
{"level":30,"time":1778023967676,"pid":38332,"hostname":"DESKTOP-97CT50C","reqId":"1d71b94a-6bf7-457d-a643-164402b608b3","res":{"statusCode":429},"responseTime":0.5840999986976385,"msg":"request completed"}
{"level":30,"time":1778023967677,"pid":38332,"hostname":"DESKTOP-97CT50C","reqId":"5886ab1e-9a61-46b2-8ce9-1c3f82d3b25e","req":{"method":"POST","url":"/v1/alerts/test"},"msg":"incoming request"}
{"level":30,"time":1778023967677,"pid":38332,"hostname":"DESKTOP-97CT50C","reqId":"5886ab1e-9a61-46b2-8ce9-1c3f82d3b25e","res":{"statusCode":401},"responseTime":0.35470000095665455,"msg":"request completed"}
{"level":30,"time":1778023967678,"pid":38332,"hostname":"DESKTOP-97CT50C","reqId":"50a2b13a-4909-4071-8f84-86555969bd98","req":{"method":"GET","url":"/v1/auth/keys"},"msg":"incoming request"}
{"level":30,"time":1778023967678,"pid":38332,"hostname":"DESKTOP-97CT50C","reqId":"50a2b13a-4909-4071-8f84-86555969bd98","res":{"statusCode":401},"responseTime":0.2336999997496605,"msg":"request completed"}
{"level":30,"time":1778023967678,"pid":38332,"hostname":"DESKTOP-97CT50C","reqId":"f121e3a1-f6aa-48be-8b4c-1223604fd04b","req":{"method":"POST","url":"/v1/auth/verify"},"msg":"incoming request"}
{"level":30,"time":1778023967679,"pid":38332,"hostname":"DESKTOP-97CT50C","reqId":"f121e3a1-f6aa-48be-8b4c-1223604fd04b","res":{"statusCode":401},"responseTime":1.0814999993890524,"msg":"request completed"}
{"level":30,"time":1778023967680,"pid":38332,"hostname":"DESKTOP-97CT50C","reqId":"d84e9f66-9102-400a-a1ff-3babd3d2efc7","req":{"method":"POST","url":"/v1/auth/sse-token"},"msg":"incoming request"}
{"level":30,"time":1778023967681,"pid":38332,"hostname":"DESKTOP-97CT50C","reqId":"d84e9f66-9102-400a-a1ff-3babd3d2efc7","res":{"statusCode":201},"responseTime":0.876400001347065,"msg":"request completed"}
{"level":30,"time":1778023967681,"pid":38332,"hostname":"DESKTOP-97CT50C","reqId":"f64db5eb-8028-41a4-9387-20e6e16047da","req":{"method":"POST","url":"/v1/handshake"},"msg":"incoming request"}
{"level":30,"time":1778023967682,"pid":38332,"hostname":"DESKTOP-97CT50C","reqId":"f64db5eb-8028-41a4-9387-20e6e16047da","res":{"statusCode":400},"responseTime":1.0023999996483326,"msg":"request completed"}
{"level":30,"time":1778023967682,"pid":38332,"hostname":"DESKTOP-97CT50C","reqId":"f79084a7-5f4a-45f7-8ae4-27a6ad462cbf","req":{"method":"POST","url":"/v1/handshake"},"msg":"incoming request"}
{"level":30,"time":1778023967683,"pid":38332,"hostname":"DESKTOP-97CT50C","reqId":"f79084a7-5f4a-45f7-8ae4-27a6ad462cbf","res":{"statusCode":200},"responseTime":1.1435999982059002,"msg":"request completed"}
{"level":30,"time":1778023967684,"pid":38332,"hostname":"DESKTOP-97CT50C","reqId":"25a0d07e-abb4-4822-889b-3b2c09524287","req":{"method":"POST","url":"/v1/handshake"},"msg":"incoming request"}
{"level":30,"time":1778023967693,"pid":38332,"hostname":"DESKTOP-97CT50C","reqId":"25a0d07e-abb4-4822-889b-3b2c09524287","res":{"statusCode":409},"responseTime":8.723399998620152,"msg":"request completed"}
{"level":30,"time":1778023967693,"pid":38332,"hostname":"DESKTOP-97CT50C","reqId":"2c52caae-6407-4a78-8108-55b8237dc7e1","req":{"method":"GET","url":"/v1/diagnostics?limit=0"},"msg":"incoming request"}
{"level":30,"time":1778023967694,"pid":38332,"hostname":"DESKTOP-97CT50C","reqId":"2c52caae-6407-4a78-8108-55b8237dc7e1","res":{"statusCode":400},"responseTime":0.9367999993264675,"msg":"request completed"}
{"level":30,"time":1778023967695,"pid":38332,"hostname":"DESKTOP-97CT50C","reqId":"32283dc6-5906-40d2-b860-570df72cedaf","req":{"method":"GET","url":"/v1/diagnostics?limit=5"},"msg":"incoming request"}
{"level":30,"time":1778023967695,"pid":38332,"hostname":"DESKTOP-97CT50C","reqId":"32283dc6-5906-40d2-b860-570df72cedaf","res":{"statusCode":200},"responseTime":0.39750000089406967,"msg":"request completed"}
{"level":30,"time":1778023967695,"pid":38332,"hostname":"DESKTOP-97CT50C","reqId":"8e7e85c7-ca6a-438f-a095-f203e8788063","req":{"method":"GET","url":"/v1/swarm"},"msg":"incoming request"}
{"level":30,"time":1778023967695,"pid":38332,"hostname":"DESKTOP-97CT50C","reqId":"8e7e85c7-ca6a-438f-a095-f203e8788063","res":{"statusCode":200},"responseTime":0.2980000004172325,"msg":"request completed"}
{"level":30,"time":1778023967696,"pid":38332,"hostname":"DESKTOP-97CT50C","reqId":"323f4b8a-8e9f-47bc-88c4-d7c6d8a1a36e","req":{"method":"POST","url":"/v1/pipelines"},"msg":"incoming request"}
{"level":30,"time":1778023967697,"pid":38332,"hostname":"DESKTOP-97CT50C","reqId":"323f4b8a-8e9f-47bc-88c4-d7c6d8a1a36e","res":{"statusCode":400},"responseTime":1.08530000038445,"msg":"request completed"}
{"level":30,"time":1778023967697,"pid":38332,"hostname":"DESKTOP-97CT50C","reqId":"72e36fdd-4d82-4ef2-a8de-e6ed7913e2e0","req":{"method":"POST","url":"/v1/pipelines"},"msg":"incoming request"}
{"level":30,"time":1778023967706,"pid":38332,"hostname":"DESKTOP-97CT50C","reqId":"72e36fdd-4d82-4ef2-a8de-e6ed7913e2e0","res":{"statusCode":201},"responseTime":9.026300000026822,"msg":"request completed"}
{"level":30,"time":1778023967707,"pid":38332,"hostname":"DESKTOP-97CT50C","reqId":"484d00a4-5a1f-4741-a7ad-ed86af71c9d9","req":{"method":"GET","url":"/v1/pipelines"},"msg":"incoming request"}
{"level":30,"time":1778023967708,"pid":38332,"hostname":"DESKTOP-97CT50C","reqId":"484d00a4-5a1f-4741-a7ad-ed86af71c9d9","res":{"statusCode":200},"responseTime":0.5935000013560057,"msg":"request completed"}
{"level":30,"time":1778023967708,"pid":38332,"hostname":"DESKTOP-97CT50C","reqId":"031adeb3-e3bb-41e8-9b05-9282ef98f886","req":{"method":"GET","url":"/v1/pipelines/11111111-1111-1111-1111-111111111111"},"msg":"incoming request"}
{"level":30,"time":1778023967709,"pid":38332,"hostname":"DESKTOP-97CT50C","reqId":"031adeb3-e3bb-41e8-9b05-9282ef98f886","res":{"statusCode":404},"responseTime":0.8339000009000301,"msg":"request completed"}
{"level":30,"time":1778023967709,"pid":38332,"hostname":"DESKTOP-97CT50C","reqId":"1a723c5d-a59e-4ba4-b5dc-4a0811cb0afa","req":{"method":"GET","url":"/v1/metrics"},"msg":"incoming request"}
{"level":30,"time":1778023967710,"pid":38332,"hostname":"DESKTOP-97CT50C","reqId":"1a723c5d-a59e-4ba4-b5dc-4a0811cb0afa","res":{"statusCode":200},"responseTime":0.4244999997317791,"msg":"request completed"}
{"level":30,"time":1778023967710,"pid":38332,"hostname":"DESKTOP-97CT50C","reqId":"6639de6d-ad5d-4647-906c-a23eb965b4e7","req":{"method":"GET","url":"/metrics"},"msg":"incoming request"}
{"level":30,"time":1778023967710,"pid":38332,"hostname":"DESKTOP-97CT50C","reqId":"6639de6d-ad5d-4647-906c-a23eb965b4e7","res":{"statusCode":401},"responseTime":0.22010000050067902,"msg":"request completed"}
{"level":30,"time":1778023967711,"pid":38332,"hostname":"DESKTOP-97CT50C","reqId":"6a05f3bb-0dbd-4caa-80be-1240fedbbbd0","req":{"method":"DELETE","url":"/v1/sessions/batch"},"msg":"incoming request"}
{"level":30,"time":1778023967747,"pid":38332,"hostname":"DESKTOP-97CT50C","reqId":"6a05f3bb-0dbd-4caa-80be-1240fedbbbd0","res":{"statusCode":200},"responseTime":36.388499999418855,"msg":"request completed"}
 [32mÔ£ô[39m src/__tests__/auth.test.ts [2m([22m[2m43 tests[22m[2m)[22m[33m 910[2mms[22m[39m
{"level":30,"time":1778023967753,"pid":36292,"hostname":"DESKTOP-97CT50C","timestamp":"2026-05-05T23:32:47.753Z","level":"info","component":"server","operation":"session_reaper_active","attributes":{"maxAgeHours":2,"intervalMinutes":5}}
{"level":30,"time":1778023967747,"pid":38332,"hostname":"DESKTOP-97CT50C","reqId":"7568f068-d3bf-4557-a586-61e3dfe51d5c","req":{"method":"DELETE","url":"/v1/sessions/d9e0d6be-3ae2-40b5-9d65-7b87f98be9c7"},"msg":"incoming request"}
{"level":30,"time":1778023967748,"pid":38332,"hostname":"DESKTOP-97CT50C","reqId":"7568f068-d3bf-4557-a586-61e3dfe51d5c","res":{"statusCode":404},"responseTime":0.3972000014036894,"msg":"request completed"}
{"level":30,"time":1778023967748,"pid":38332,"hostname":"DESKTOP-97CT50C","reqId":"6439dd20-22cb-469f-afac-375abb63e7d1","req":{"method":"GET","url":"/v1/sessions/d9e0d6be-3ae2-40b5-9d65-7b87f98be9c7"},"msg":"incoming request"}
{"level":30,"time":1778023967748,"pid":38332,"hostname":"DESKTOP-97CT50C","reqId":"6439dd20-22cb-469f-afac-375abb63e7d1","res":{"statusCode":404},"responseTime":0.296900000423193,"msg":"request completed"}
 [32mÔ£ô[39m src/__tests__/server-core-coverage.test.ts [2m([22m[2m1 test[22m[2m)[22m[33m 5096[2mms[22m[39m
     [33m[2mÔ£ô[22m[39m covers key REST paths using real server/session/tmux wiring [33m 1745[2mms[22m[39m
{"level":30,"time":1778023967753,"pid":36292,"hostname":"DESKTOP-97CT50C","timestamp":"2026-05-05T23:32:47.753Z","level":"info","component":"server","operation":"zombie_reaper_active","attributes":{"gracePeriodSeconds":60,"intervalSeconds":60}}
{"level":40,"time":1778023967760,"pid":36292,"hostname":"DESKTOP-97CT50C","timestamp":"2026-05-05T23:32:47.760Z","level":"warn","component":"server","operation":"dashboard_static_unavailable","errorCode":"DASHBOARD_DIR_MISSING","attributes":{"dashboardRoot":"D:\\aegis\\src\\dashboard","hint":"Run \"npm run build\" to populate dist/dashboard/"}}
{"level":30,"time":1778023967803,"pid":36292,"hostname":"DESKTOP-97CT50C","timestamp":"2026-05-05T23:32:47.803Z","level":"info","component":"server","operation":"startup_listening","attributes":{"host":"127.0.0.1","port":19101,"channels":0,"stateDir":"D:\\aegis\\.test-scratch\\server-phase3-2b178278-b4e9-4aad-baba-8226d0009906\\state","claudeProjectsDir":"D:\\aegis\\.test-scratch\\server-phase3-2b178278-b4e9-4aad-baba-8226d0009906\\projects"}}
{"level":30,"time":1778023967803,"pid":36292,"hostname":"DESKTOP-97CT50C","timestamp":"2026-05-05T23:32:47.803Z","level":"info","component":"server","operation":"auth_enabled","attributes":{}}
{"level":30,"time":1778023967830,"pid":36292,"hostname":"DESKTOP-97CT50C","reqId":"b4204d80-d768-40d2-a2cc-9bbf281275e7","req":{"method":"POST","url":"/v1/sessions"},"msg":"incoming request"}
 [32mÔ£ô[39m src/__tests__/session-counter-consistency-2533.test.ts [2m([22m[2m7 tests[22m[2m)[22m[32m 37[2mms[22m[39m
{"level":30,"time":1778023968351,"pid":36292,"hostname":"DESKTOP-97CT50C","reqId":"b4204d80-d768-40d2-a2cc-9bbf281275e7","res":{"statusCode":201},"responseTime":521.0438999999315,"msg":"request completed"}
[90mstdout[2m | src/__tests__/session-store.test.ts[2m > [22m[2mJsonFileStore (Issue #1937)[2m > [22m[2mload()[2m > [22m[2mfalls back to backup when state.json is corrupted
[22m[39mJsonFileStore: restored state from backup

{"level":30,"time":1778023968356,"pid":36292,"hostname":"DESKTOP-97CT50C","reqId":"8a95a9c8-e75a-401b-bf1b-8815e1817fc9","req":{"method":"POST","url":"/v1/hooks/stop?sessionId=4a08df27-deb7-4da8-bcc3-a9334e25ade4"},"msg":"incoming request"}
{"level":30,"time":1778023968357,"pid":36292,"hostname":"DESKTOP-97CT50C","reqId":"8a95a9c8-e75a-401b-bf1b-8815e1817fc9","res":{"statusCode":401},"responseTime":1.1349999997764826,"msg":"request completed"}
{"level":30,"time":1778023968359,"pid":36292,"hostname":"DESKTOP-97CT50C","reqId":"c0bf391b-9100-4d9d-b142-96878be27970","req":{"method":"POST","url":"/v1/hooks/stop?sessionId=4a08df27-deb7-4da8-bcc3-a9334e25ade4"},"msg":"incoming request"}
{"level":30,"time":1778023968359,"pid":36292,"hostname":"DESKTOP-97CT50C","reqId":"c0bf391b-9100-4d9d-b142-96878be27970","res":{"statusCode":401},"responseTime":0.4133000001311302,"msg":"request completed"}
{"level":30,"time":1778023968360,"pid":36292,"hostname":"DESKTOP-97CT50C","reqId":"b4039c77-4b3e-4ace-bbde-ab164612ce89","req":{"method":"POST","url":"/v1/hooks/stop?sessionId=4a08df27-deb7-4da8-bcc3-a9334e25ade4"},"msg":"incoming request"}
{"level":30,"time":1778023968360,"pid":36292,"hostname":"DESKTOP-97CT50C","reqId":"b4039c77-4b3e-4ace-bbde-ab164612ce89","res":{"statusCode":401},"responseTime":0.5007999986410141,"msg":"request completed"}
{"level":30,"time":1778023968361,"pid":36292,"hostname":"DESKTOP-97CT50C","reqId":"57a249ea-be89-43de-9f26-3bc2dae84d76","req":{"method":"POST","url":"/v1/hooks/stop?sessionId=not-a-uuid"},"msg":"incoming request"}
{"level":30,"time":1778023968362,"pid":36292,"hostname":"DESKTOP-97CT50C","reqId":"57a249ea-be89-43de-9f26-3bc2dae84d76","res":{"statusCode":400},"responseTime":0.38910000026226044,"msg":"request completed"}
{"level":30,"time":1778023968363,"pid":36292,"hostname":"DESKTOP-97CT50C","reqId":"bfaf695b-53f7-4b09-a47c-960aea5147f1","req":{"method":"POST","url":"/v1/hooks/stop?sessionId=00000000-0000-0000-0000-000000000000"},"msg":"incoming request"}
{"level":30,"time":1778023968363,"pid":36292,"hostname":"DESKTOP-97CT50C","reqId":"bfaf695b-53f7-4b09-a47c-960aea5147f1","res":{"statusCode":401},"responseTime":0.32010000012815,"msg":"request completed"}
{"level":30,"time":1778023968364,"pid":36292,"hostname":"DESKTOP-97CT50C","reqId":"7bfd61ab-a85c-4fc3-87ce-1c878fb3b87e","req":{"method":"GET","url":"/v1/sessions"},"msg":"incoming request"}
{"level":30,"time":1778023968366,"pid":36292,"hostname":"DESKTOP-97CT50C","reqId":"7bfd61ab-a85c-4fc3-87ce-1c878fb3b87e","res":{"statusCode":200},"responseTime":1.6266000010073185,"msg":"request completed"}
{"level":30,"time":1778023968367,"pid":36292,"hostname":"DESKTOP-97CT50C","reqId":"7056524f-1250-45f5-adad-7bbc789508b5","req":{"method":"GET","url":"/v1/sessions"},"msg":"incoming request"}
{"level":30,"time":1778023968372,"pid":36292,"hostname":"DESKTOP-97CT50C","reqId":"7056524f-1250-45f5-adad-7bbc789508b5","res":{"statusCode":429},"responseTime":4.721199998632073,"msg":"request completed"}
{"level":30,"time":1778023968373,"pid":36292,"hostname":"DESKTOP-97CT50C","reqId":"c0d94ae1-061b-434c-a67b-eb7a7af753de","req":{"method":"GET","url":"/v1/sessions"},"msg":"incoming request"}
{"level":30,"time":1778023968376,"pid":36292,"hostname":"DESKTOP-97CT50C","reqId":"c0d94ae1-061b-434c-a67b-eb7a7af753de","res":{"statusCode":200},"responseTime":3.5741999987512827,"msg":"request completed"}
{"level":30,"time":1778023968378,"pid":36292,"hostname":"DESKTOP-97CT50C","reqId":"bcf6094f-f9e4-4dd5-b39d-dce0e3816af3","req":{"method":"GET","url":"/v1/sessions"},"msg":"incoming request"}
{"level":30,"time":1778023968378,"pid":36292,"hostname":"DESKTOP-97CT50C","reqId":"bcf6094f-f9e4-4dd5-b39d-dce0e3816af3","res":{"statusCode":200},"responseTime":0.6050000004470348,"msg":"request completed"}
{"level":30,"time":1778023968379,"pid":36292,"hostname":"DESKTOP-97CT50C","reqId":"5683bd17-46d2-47c4-b0a2-59988a99b628","req":{"method":"GET","url":"/v1/sessions"},"msg":"incoming request"}
{"level":30,"time":1778023968380,"pid":36292,"hostname":"DESKTOP-97CT50C","reqId":"5683bd17-46d2-47c4-b0a2-59988a99b628","res":{"statusCode":429},"responseTime":0.6629000008106232,"msg":"request completed"}
{"level":30,"time":1778023968381,"pid":36292,"hostname":"DESKTOP-97CT50C","reqId":"24f275fd-6d0f-4653-9235-bff370595c73","req":{"method":"GET","url":"/v1/sessions"},"msg":"incoming request"}
{"level":30,"time":1778023968382,"pid":36292,"hostname":"DESKTOP-97CT50C","reqId":"24f275fd-6d0f-4653-9235-bff370595c73","res":{"statusCode":200},"responseTime":1.1044000014662743,"msg":"request completed"}
{"level":30,"time":1778023968383,"pid":36292,"hostname":"DESKTOP-97CT50C","reqId":"68111ac5-28a3-4518-bcad-d0b5a9b06b7c","req":{"method":"GET","url":"/v1/sessions"},"msg":"incoming request"}
{"level":30,"time":1778023968383,"pid":36292,"hostname":"DESKTOP-97CT50C","reqId":"68111ac5-28a3-4518-bcad-d0b5a9b06b7c","res":{"statusCode":401},"responseTime":0.4331999998539686,"msg":"request completed"}
{"level":30,"time":1778023968384,"pid":36292,"hostname":"DESKTOP-97CT50C","reqId":"aed87950-5391-4e89-9116-01b3bd56a236","req":{"method":"GET","url":"/v1/sessions"},"msg":"incoming request"}
{"level":30,"time":1778023968385,"pid":36292,"hostname":"DESKTOP-97CT50C","reqId":"aed87950-5391-4e89-9116-01b3bd56a236","res":{"statusCode":200},"responseTime":0.5071999989449978,"msg":"request completed"}
{"level":30,"time":1778023968385,"pid":36292,"hostname":"DESKTOP-97CT50C","reqId":"3de7574a-9583-4774-b451-40382a90023d","req":{"method":"GET","url":"/v1/sessions"},"msg":"incoming request"}
{"level":30,"time":1778023968386,"pid":36292,"hostname":"DESKTOP-97CT50C","reqId":"3de7574a-9583-4774-b451-40382a90023d","res":{"statusCode":401},"responseTime":0.36700000055134296,"msg":"request completed"}
{"level":30,"time":1778023968386,"pid":36292,"hostname":"DESKTOP-97CT50C","reqId":"11bfea5e-73b1-497e-91d9-6898ba9e4d02","req":{"method":"GET","url":"/v1/sessions"},"msg":"incoming request"}
{"level":30,"time":1778023968386,"pid":36292,"hostname":"DESKTOP-97CT50C","reqId":"11bfea5e-73b1-497e-91d9-6898ba9e4d02","res":{"statusCode":401},"responseTime":0.33410000056028366,"msg":"request completed"}
{"level":30,"time":1778023968389,"pid":36292,"hostname":"DESKTOP-97CT50C","reqId":"bb58086d-d41d-485f-ab54-f15b360d0e6a","req":{"method":"POST","url":"/v1/sessions"},"msg":"incoming request"}
 [32mÔ£ô[39m src/__tests__/multitenancy-1944.test.ts [2m([22m[2m13 tests[22m[2m)[22m[33m 2184[2mms[22m[39m
     [33m[2mÔ£ô[22m[39m non-admin key only sees sessions matching its tenantId [33m 372[2mms[22m[39m
     [33m[2mÔ£ô[22m[39m session creation propagates tenantId from caller [33m 449[2mms[22m[39m
     [33m[2mÔ£ô[22m[39m tenant-scoped admin only sees audit records for its tenant [33m 441[2mms[22m[39m
     [33m[2mÔ£ô[22m[39m admin without tenantId sees all audit records [33m 392[2mms[22m[39m
 [32mÔ£ô[39m src/__tests__/acp-postgres-pause-intervention-store.test.ts [2m([22m[2m14 tests[22m[2m)[22m[32m 26[2mms[22m[39m
{"level":30,"time":1778023968911,"pid":36292,"hostname":"DESKTOP-97CT50C","reqId":"bb58086d-d41d-485f-ab54-f15b360d0e6a","res":{"statusCode":201},"responseTime":522.5401000007987,"msg":"request completed"}
{"level":30,"time":1778023968914,"pid":36292,"hostname":"DESKTOP-97CT50C","reqId":"7c0893e2-decb-48db-baf2-f1c3b7c6721b","req":{"method":"GET","url":"/v1/sessions/792806ae-2c55-4ee7-994c-18ae381ee4ad"},"msg":"incoming request"}
{"level":30,"time":1778023968916,"pid":36292,"hostname":"DESKTOP-97CT50C","reqId":"7c0893e2-decb-48db-baf2-f1c3b7c6721b","res":{"statusCode":200},"responseTime":1.2695000004023314,"msg":"request completed"}
{"level":30,"time":1778023968916,"pid":36292,"hostname":"DESKTOP-97CT50C","reqId":"dd5f303c-fc02-4461-b4b5-3d50ff2b1c31","req":{"method":"DELETE","url":"/v1/sessions/792806ae-2c55-4ee7-994c-18ae381ee4ad"},"msg":"incoming request"}
{"level":30,"time":1778023968921,"pid":36292,"hostname":"DESKTOP-97CT50C","reqId":"dd5f303c-fc02-4461-b4b5-3d50ff2b1c31","res":{"statusCode":200},"responseTime":5.524599999189377,"msg":"request completed"}
 [32mÔ£ô[39m src/__tests__/openapi.test.ts [2m([22m[2m29 tests[22m[2m)[22m[33m 454[2mms[22m[39m
{"level":30,"time":1778023968923,"pid":36292,"hostname":"DESKTOP-97CT50C","reqId":"f4cd642e-c5ee-48a7-adb2-1c77333e193c","req":{"method":"POST","url":"/v1/sessions"},"msg":"incoming request"}
 [32mÔ£ô[39m src/__tests__/server-smoke.test.ts [2m([22m[2m8 tests[22m[2m)[22m[33m 2360[2mms[22m[39m
     [33m[2mÔ£ô[22m[39m GET /v1/health returns ok (authenticated, full data) [33m 413[2mms[22m[39m
     [33m[2mÔ£ô[22m[39m POST /v1/sessions creates a session [33m 464[2mms[22m[39m
     [33m[2mÔ£ô[22m[39m POST /v1/sessions/:id/send delivers a message [33m 401[2mms[22m[39m
     [33m[2mÔ£ô[22m[39m GET /v1/sessions/:id/summary returns session summary [33m 659[2mms[22m[39m
{"level":30,"time":1778023969487,"pid":36292,"hostname":"DESKTOP-97CT50C","reqId":"f4cd642e-c5ee-48a7-adb2-1c77333e193c","res":{"statusCode":201},"responseTime":564.5021999999881,"msg":"request completed"}
{"level":30,"time":1778023969489,"pid":36292,"hostname":"DESKTOP-97CT50C","reqId":"3ea56ad0-5fd6-4372-b86f-06cd24fd7adb","req":{"method":"GET","url":"/v1/sessions/8783d263-6507-48e1-b526-a915da9fedf2"},"msg":"incoming request"}
{"level":30,"time":1778023969489,"pid":36292,"hostname":"DESKTOP-97CT50C","reqId":"3ea56ad0-5fd6-4372-b86f-06cd24fd7adb","res":{"statusCode":200},"responseTime":0.39649999886751175,"msg":"request completed"}
{"level":30,"time":1778023969490,"pid":36292,"hostname":"DESKTOP-97CT50C","reqId":"4615d375-7bdf-4cba-941e-85624a3296b8","req":{"method":"DELETE","url":"/v1/sessions/8783d263-6507-48e1-b526-a915da9fedf2"},"msg":"incoming request"}
{"level":30,"time":1778023969509,"pid":36292,"hostname":"DESKTOP-97CT50C","reqId":"4615d375-7bdf-4cba-941e-85624a3296b8","res":{"statusCode":200},"responseTime":19.063800001516938,"msg":"request completed"}
 [32mÔ£ô[39m src/__tests__/server-phase3.test.ts [2m([22m[2m20 tests[22m[2m)[22m[33m 3794[2mms[22m[39m
       [33m[2mÔ£ô[22m[39m stale reaper does not kill fresh sessions [33m 534[2mms[22m[39m
       [33m[2mÔ£ô[22m[39m zombie reaper does not kill active sessions [33m 587[2mms[22m[39m
 [32mÔ£ô[39m src/__tests__/acp-session-list.test.ts [2m([22m[2m24 tests[22m[2m)[22m[32m 23[2mms[22m[39m
 [32mÔ£ô[39m src/__tests__/session-store.test.ts [2m([22m[2m27 tests[22m[2m)[22m[33m 1584[2mms[22m[39m
       [33m[2mÔ£ô[22m[39m does not lose sessions under concurrent putSession calls [33m 435[2mms[22m[39m
       [33m[2mÔ£ô[22m[39m does not lose sessions when put and delete run concurrently [33m 719[2mms[22m[39m
 [32mÔ£ô[39m src/__tests__/fix-832-830-824.test.ts [2m([22m[2m11 tests[22m[2m)[22m[32m 28[2mms[22m[39m
 [32mÔ£ô[39m src/__tests__/security-629-630-634.test.ts [2m([22m[2m29 tests[22m[2m)[22m[33m 401[2mms[22m[39m
     [33m[2mÔ£ô[22m[39m should accept hook with valid session ID and correct secret in header [33m 301[2mms[22m[39m
 [32mÔ£ô[39m src/__tests__/api-pagination-transcript.test.ts [2m([22m[2m37 tests[22m[2m)[22m[32m 37[2mms[22m[39m
 [32mÔ£ô[39m src/__tests__/mcp-integration-smoke-1898.test.ts [2m([22m[2m21 tests[22m[2m)[22m[33m 5786[2mms[22m[39m
       [33m[2mÔ£ô[22m[39m rejects unauthenticated requests to POST /v1/sessions [33m 408[2mms[22m[39m
       [33m[2mÔ£ô[22m[39m accepts valid master token [33m 623[2mms[22m[39m
       [33m[2mÔ£ô[22m[39m creates a session with valid payload [33m 527[2mms[22m[39m
       [33m[2mÔ£ô[22m[39m returns promptDelivery when prompt is provided [33m 531[2mms[22m[39m
       [33m[2mÔ£ô[22m[39m lists created sessions [33m 399[2mms[22m[39m
       [33m[2mÔ£ô[22m[39m supports pagination [33m 963[2mms[22m[39m
       [33m[2mÔ£ô[22m[39m sends a message to an existing session [33m 499[2mms[22m[39m
       [33m[2mÔ£ô[22m[39m rejects empty text [33m 359[2mms[22m[39m
       [33m[2mÔ£ô[22m[39m rejects missing text field [33m 398[2mms[22m[39m
       [33m[2mÔ£ô[22m[39m returns summary for an existing session [33m 350[2mms[22m[39m
       [33m[2mÔ£ô[22m[39m create ÔåÆ list ÔåÆ send ÔåÆ summary ÔåÆ kill [33m 378[2mms[22m[39m
 [32mÔ£ô[39m src/__tests__/audit.test.ts [2m([22m[2m27 tests[22m[2m)[22m[33m 4449[2mms[22m[39m
       [33m[2mÔ£ô[22m[39m should detect actor tampering for key-labeled actors [33m 416[2mms[22m[39m
       [33m[2mÔ£ô[22m[39m should respect the limit parameter [33m 564[2mms[22m[39m
 [32mÔ£ô[39m src/__tests__/monitor-fixes.test.ts [2m([22m[2m24 tests[22m[2m)[22m[33m 1372[2mms[22m[39m
     [33m[2mÔ£ô[22m[39m should debounce rapid status changes within 500ms [33m 679[2mms[22m[39m
     [33m[2mÔ£ô[22m[39m should handle independent sessions separately [33m 669[2mms[22m[39m
 [32mÔ£ô[39m src/__tests__/oidc-auth-routes.test.ts [2m([22m[2m9 tests[22m[2m)[22m[33m 446[2mms[22m[39m
     [33m[2mÔ£ô[22m[39m returns 404 when OIDC is disabled [33m 302[2mms[22m[39m
 [32mÔ£ô[39m src/__tests__/config.test.ts [2m([22m[2m36 tests[22m[2m)[22m[32m 104[2mms[22m[39m
stderr | src/__tests__/hook-circuit-breaker.test.ts > Hook route circuit breaker integration (Issue #2518) > returns ok:true and emits circuit_breaker event when breaker is tripped
Hooks: circuit breaker tripped for session 00000000-0000-0000-0000-000000002518 ÔÇö 5 StopFailure events in 60000ms, returning ok:true to break CC retry loop

stderr | src/__tests__/jsonl-watcher.test.ts > JsonlWatcher > error recovery (Issue #1420) > re-watches the file after an fs.watch error
JsonlWatcher: error watching C:\Users\manus\AppData\Local\Temp\aegis-test-488df08d-77da-4f3c-b4c4-78adb3012b5d\test-restart.jsonl: watch error
JsonlWatcher: scheduling restart attempt 1/3 for C:\Users\manus\AppData\Local\Temp\aegis-test-488df08d-77da-4f3c-b4c4-78adb3012b5d\test-restart.jsonl in 100ms

 [32mÔ£ô[39m src/__tests__/telegram-style.test.ts [2m([22m[2m19 tests[22m[2m)[22m[32m 16[2mms[22m[39m
 [32mÔ£ô[39m src/__tests__/route-aliases-2461.test.ts [2m([22m[2m13 tests[22m[2m)[22m[32m 47[2mms[22m[39m
stderr | src/__tests__/hook-circuit-breaker.test.ts > Hook route circuit breaker integration (Issue #2518) > respects HOOK_CIRCUIT_BREAKER_MAX env var
Hooks: circuit breaker tripped for session 00000000-0000-0000-0000-000000002518 ÔÇö 3 StopFailure events in 60000ms, returning ok:true to break CC retry loop

 [32mÔ£ô[39m src/__tests__/hook-circuit-breaker.test.ts [2m([22m[2m9 tests[22m[2m)[22m[33m 1149[2mms[22m[39m
     [33m[2mÔ£ô[22m[39m recordHookFailure + checkHookCircuitBreaker: trips after maxFailures [33m 417[2mms[22m[39m
     [33m[2mÔ£ô[22m[39m returns ok:true and emits circuit_breaker event when breaker is tripped [33m 333[2mms[22m[39m
stderr | src/__tests__/jsonl-watcher.test.ts > JsonlWatcher > error recovery (Issue #1420) > stops retrying after max restart attempts
JsonlWatcher: error watching C:\Users\manus\AppData\Local\Temp\aegis-test-488df08d-77da-4f3c-b4c4-78adb3012b5d\test-max-restart.jsonl: watch error 1
JsonlWatcher: scheduling restart attempt 1/2 for C:\Users\manus\AppData\Local\Temp\aegis-test-488df08d-77da-4f3c-b4c4-78adb3012b5d\test-max-restart.jsonl in 100ms
JsonlWatcher: error watching C:\Users\manus\AppData\Local\Temp\aegis-test-488df08d-77da-4f3c-b4c4-78adb3012b5d\test-max-restart.jsonl: watch error 2
JsonlWatcher: scheduling restart attempt 2/2 for C:\Users\manus\AppData\Local\Temp\aegis-test-488df08d-77da-4f3c-b4c4-78adb3012b5d\test-max-restart.jsonl in 200ms
JsonlWatcher: error watching C:\Users\manus\AppData\Local\Temp\aegis-test-488df08d-77da-4f3c-b4c4-78adb3012b5d\test-max-restart.jsonl: watch error 3
JsonlWatcher: max restart attempts (2) reached for C:\Users\manus\AppData\Local\Temp\aegis-test-488df08d-77da-4f3c-b4c4-78adb3012b5d\test-max-restart.jsonl, giving up

 [32mÔ£ô[39m src/__tests__/telegram-style-guide.test.ts [2m([22m[2m47 tests[22m[2m)[22m[32m 18[2mms[22m[39m
 [32mÔ£ô[39m src/__tests__/sse-events.test.ts [2m([22m[2m28 tests[22m[2m)[22m[33m 1301[2mms[22m[39m
       [33m[2mÔ£ô[22m[39m should not delete a fresh emitter created during cleanup window [33m 1219[2mms[22m[39m
 [32mÔ£ô[39m src/__tests__/acp-lifecycle-probe.test.ts [2m([22m[2m35 tests[22m[2m)[22m[33m 10845[2mms[22m[39m
     [33m[2mÔ£ô[22m[39m initializes, creates, prompts, closes, and drains an NDJSON ACP child process [33m 543[2mms[22m[39m
     [33m[2mÔ£ô[22m[39m does not emit passthrough probe updates when no provider, model, or env metadata is present [33m 493[2mms[22m[39m
     [33m[2mÔ£ô[22m[39m sends session/cancel and observes a cancelled prompt response [33m 400[2mms[22m[39m
     [33m[2mÔ£ô[22m[39m can resume the created ACP session before shutdown [33m 375[2mms[22m[39m
     [33m[2mÔ£ô[22m[39m rejects unterminated non-JSON stdout when the child exits [33m 449[2mms[22m[39m
     [33m[2mÔ£ô[22m[39m classifies child exit before initialize as an ACP child process exit [33m 316[2mms[22m[39m
     [33m[2mÔ£ô[22m[39m does not expose raw initialize payloads when request writes fail [33m 401[2mms[22m[39m
     [33m[2mÔ£ô[22m[39m preserves an explicit empty prompt instead of treating it as no prompt [33m 469[2mms[22m[39m
     [33m[2mÔ£ô[22m[39m passes Anthropic mapped provider environment into both the ACP child process and Claude options [33m 336[2mms[22m[39m
     [33m[2mÔ£ô[22m[39m covers a second mapped BYO provider with deterministic fake-agent evidence [33m 613[2mms[22m[39m
     [33m[2mÔ£ô[22m[39m redacts sensitive provider values from protocol error details [33m 479[2mms[22m[39m
     [33m[2mÔ£ô[22m[39m sends an explicit deny response for ACP approval requests [33m 323[2mms[22m[39m
     [33m[2mÔ£ô[22m[39m bounds long ACP approval command details before surfacing structured requests [33m 326[2mms[22m[39m
     [33m[2mÔ£ô[22m[39m rejects ACP approval requests when the child exits before the response write is accepted [33m 359[2mms[22m[39m
     [33m[2mÔ£ô[22m[39m rejects pending ACP approval requests when the child exits before a response [33m 340[2mms[22m[39m
     [33m[2mÔ£ô[22m[39m rejects pending ACP approval requests when the waiting prompt times out [33m 785[2mms[22m[39m
     [33m[2mÔ£ô[22m[39m rejects stdout protocol pollution after event streaming has started [33m 393[2mms[22m[39m
stderr | src/__tests__/jsonl-watcher.test.ts > JsonlWatcher > error recovery (Issue #1420) > preserves byte offset across restarts
JsonlWatcher: error watching C:\Users\manus\AppData\Local\Temp\aegis-test-488df08d-77da-4f3c-b4c4-78adb3012b5d\test-offset-preserve.jsonl: watch error
JsonlWatcher: scheduling restart attempt 1/3 for C:\Users\manus\AppData\Local\Temp\aegis-test-488df08d-77da-4f3c-b4c4-78adb3012b5d\test-offset-preserve.jsonl in 100ms

 [32mÔ£ô[39m src/__tests__/acp-json-rpc-client.test.ts [2m([22m[2m9 tests[22m[2m)[22m[32m 239[2mms[22m[39m
[90mstdout[2m | src/__tests__/signal-cleanup-569.test.ts[2m > [22m[2mSignal cleanup ÔÇö killAllSessions (Issue #569)[2m > [22m[2mshould kill all tracked sessions
[22m[39mSignal cleanup: killed 3 sessions (0 errors)

 [32mÔ£ô[39m src/__tests__/jsonl-watcher.test.ts [2m([22m[2m15 tests[22m[2m)[22m[33m 7923[2mms[22m[39m
     [33m[2mÔ£ô[22m[39m debounces rapid writes into a single event [33m 2156[2mms[22m[39m
     [33m[2mÔ£ô[22m[39m watches multiple sessions simultaneously [33m 2154[2mms[22m[39m
     [33m[2mÔ£ô[22m[39m unwatch stops receiving events [33m 1010[2mms[22m[39m
     [33m[2mÔ£ô[22m[39m clears stale timer on re-watch (Issue #846) [33m 315[2mms[22m[39m
       [33m[2mÔ£ô[22m[39m re-watches the file after an fs.watch error [33m 450[2mms[22m[39m
       [33m[2mÔ£ô[22m[39m preserves byte offset across restarts [33m 596[2mms[22m[39m
[90mstdout[2m | src/__tests__/signal-cleanup-569.test.ts[2m > [22m[2mSignal cleanup ÔÇö killAllSessions (Issue #569)[2m > [22m[2mshould kill the tmux session as final fallback
[22m[39mSignal cleanup: killed 1 sessions (0 errors)

[90mstdout[2m | src/__tests__/signal-cleanup-569.test.ts[2m > [22m[2mSignal cleanup ÔÇö killAllSessions (Issue #569)[2m > [22m[2mshould handle empty sessions list (no-op)
[22m[39mSignal cleanup: killed 0 sessions (0 errors)

stderr | src/__tests__/signal-cleanup-569.test.ts > Signal cleanup ÔÇö killAllSessions (Issue #569) > should continue killing other sessions when one fails
Signal cleanup: failed to kill session test-session (00000000): tmux kill-window failed

[90mstdout[2m | src/__tests__/signal-cleanup-569.test.ts[2m > [22m[2mSignal cleanup ÔÇö killAllSessions (Issue #569)[2m > [22m[2mshould continue killing other sessions when one fails
[22m[39mSignal cleanup: killed 2 sessions (1 errors)

stderr | src/__tests__/signal-cleanup-569.test.ts > Signal cleanup ÔÇö killAllSessions (Issue #569) > should handle killSession throwing for all sessions
Signal cleanup: failed to kill session test-session (00000000): tmux error
[90mstdout[2m | src/__tests__/signal-cleanup-569.test.ts[2m > [22m[2mSignal cleanup ÔÇö killAllSessions (Issue #569)[2m > [22m[2mshould handle killSession throwing for all sessions
[22m[39mSignal cleanup: killed 0 sessions (2 errors)


stderr | src/__tests__/signal-cleanup-569.test.ts > Signal cleanup ÔÇö killAllSessions (Issue #569) > should handle killSession throwing for all sessions
Signal cleanup: failed to kill session test-session (00000000): tmux error

[90mstdout[2m | src/__tests__/signal-cleanup-569.test.ts[2m > [22m[2mSignal cleanup ÔÇö killAllSessions (Issue #569)[2m > [22m[2mshould handle tmux killSession also throwing
[22m[39mSignal cleanup: killed 0 sessions (1 errors)

stderr | src/__tests__/signal-cleanup-569.test.ts > Signal cleanup ÔÇö killAllSessions (Issue #569) > should handle tmux killSession also throwing
Signal cleanup: failed to kill session test-session (00000000): session kill error

[90mstdout[2m | src/__tests__/signal-cleanup-569.test.ts[2m > [22m[2mSignal handler reentrance guard (Issue #569)[2m > [22m[2mshould prevent double cleanup on rapid signals
[22m[39mSIGTERM received ÔÇö cleaning up 1 active sessions...

[90mstdout[2m | src/__tests__/signal-cleanup-569.test.ts[2m > [22m[2mSignal handler reentrance guard (Issue #569)[2m > [22m[2mshould prevent double cleanup on rapid signals
[22m[39mSignal cleanup: killed 1 sessions (0 errors)

[90mstdout[2m | src/__tests__/signal-cleanup-569.test.ts[2m > [22m[2mSignal handler reentrance guard (Issue #569)[2m > [22m[2mshould prevent double cleanup on rapid signals
[22m[39mSIGTERM cleanup complete: 1 sessions killed

[90mstdout[2m | src/__tests__/signal-cleanup-569.test.ts[2m > [22m[2mSignal handler reentrance guard (Issue #569)[2m > [22m[2mshould allow a second signal after first completes
[22m[39mSIGTERM received ÔÇö cleaning up 1 active sessions...

[90mstdout[2m | src/__tests__/signal-cleanup-569.test.ts[2m > [22m[2mSignal handler reentrance guard (Issue #569)[2m > [22m[2mshould allow a second signal after first completes
[22m[39mSignal cleanup: killed 1 sessions (0 errors)

[90mstdout[2m | src/__tests__/signal-cleanup-569.test.ts[2m > [22m[2mSignal handler reentrance guard (Issue #569)[2m > [22m[2mshould allow a second signal after first completes
[22m[39mSIGTERM cleanup complete: 1 sessions killed

[90mstdout[2m | src/__tests__/question-manager.test.ts[2m > [22m[2mQuestionManager[2m > [22m[2mwaitForAnswer[2m > [22m[2mstores pending question and returns promise
[22m[39mHooks: AskUserQuestion timeout for session test-session-123 ÔÇö allowing without answer

[90mstdout[2m | src/__tests__/question-manager.test.ts[2m > [22m[2mQuestionManager[2m > [22m[2mwaitForAnswer[2m > [22m[2mresolves promise with null on timeout
[22m[39mHooks: AskUserQuestion timeout for session test-session-123 ÔÇö allowing without answer

[90mstdout[2m | src/__tests__/question-manager.test.ts[2m > [22m[2mQuestionManager[2m > [22m[2mwaitForAnswer[2m > [22m[2muses default timeout of 30_000ms
[22m[39mHooks: AskUserQuestion timeout for session test-session-123 ÔÇö allowing without answer

[90mstdout[2m | src/__tests__/question-manager.test.ts[2m > [22m[2mQuestionManager[2m > [22m[2mhasPendingQuestion[2m > [22m[2mreturns false after question times out
[22m[39mHooks: AskUserQuestion timeout for session test-session-123 ÔÇö allowing without answer

[90mstdout[2m | src/__tests__/question-manager.test.ts[2m > [22m[2mQuestionManager[2m > [22m[2mgetPendingQuestionInfo[2m > [22m[2mreturns null after question times out
[22m[39mHooks: AskUserQuestion timeout for session test-session-123 ÔÇö allowing without answer

[90mstdout[2m | src/__tests__/question-manager.test.ts[2m > [22m[2mQuestionManager[2m > [22m[2medge cases[2m > [22m[2mhandles very short timeout
[22m[39mHooks: AskUserQuestion timeout for session test-session-123 ÔÇö allowing without answer

 [32mÔ£ô[39m src/__tests__/question-manager.test.ts [2m([22m[2m29 tests[22m[2m)[22m[32m 58[2mms[22m[39m
[90mstdout[2m | src/__tests__/signal-cleanup-569.test.ts[2m > [22m[2mSignal handler reentrance guard (Issue #569)[2m > [22m[2mshould call process.exit(0) after successful cleanup
[22m[39mSIGTERM received ÔÇö cleaning up 1 active sessions...

[90mstdout[2m | src/__tests__/signal-cleanup-569.test.ts[2m > [22m[2mSignal handler reentrance guard (Issue #569)[2m > [22m[2mshould call process.exit(0) after successful cleanup
[22m[39mSignal cleanup: killed 1 sessions (0 errors)

[90mstdout[2m | src/__tests__/signal-cleanup-569.test.ts[2m > [22m[2mSignal handler reentrance guard (Issue #569)[2m > [22m[2mshould call process.exit(0) after successful cleanup
[22m[39mSIGTERM cleanup complete: 1 sessions killed

 [32mÔ£ô[39m src/__tests__/analytics-rate-limits-2248.test.ts [2m([22m[2m9 tests[22m[2m)[22m[33m 352[2mms[22m[39m
 [32mÔ£ô[39m src/__tests__/audit-export-2082.test.ts [2m([22m[2m24 tests[22m[2m)[22m[33m 8585[2mms[22m[39m
       [33m[2mÔ£ô[22m[39m rejects requests without Bearer token (401) [33m 393[2mms[22m[39m
       [33m[2mÔ£ô[22m[39m allows keys with audit permission [33m 619[2mms[22m[39m
       [33m[2mÔ£ô[22m[39m returns export records with correct shape [33m 582[2mms[22m[39m
       [33m[2mÔ£ô[22m[39m paginates with offset correctly [33m 861[2mms[22m[39m
       [33m[2mÔ£ô[22m[39m filters by actorKeyId [33m 389[2mms[22m[39m
       [33m[2mÔ£ô[22m[39m actorKeyId takes precedence over actor param [33m 303[2mms[22m[39m
       [33m[2mÔ£ô[22m[39m filters by action, sessionId, from, to with offset [33m 375[2mms[22m[39m
       [33m[2mÔ£ô[22m[39m exports CSV with export-v2 column headers [33m 406[2mms[22m[39m
       [33m[2mÔ£ô[22m[39m CSV rows contain the correct export field values [33m 335[2mms[22m[39m
       [33m[2mÔ£ô[22m[39m maps ts ÔåÆ timestamp, actor ÔåÆ actorKeyId, detail ÔåÆ resource [33m 484[2mms[22m[39m
       [33m[2mÔ£ô[22m[39m maps sessionId to top-level and metadata [33m 427[2mms[22m[39m
       [33m[2mÔ£ô[22m[39m sets sessionId to empty string and empty metadata for records without session [33m 357[2mms[22m[39m
       [33m[2mÔ£ô[22m[39m cursor-based path still works without offset param [33m 318[2mms[22m[39m
       [33m[2mÔ£ô[22m[39m applies filters and returns filtered total [33m 383[2mms[22m[39m
       [33m[2mÔ£ô[22m[39m respects offset and limit on filtered results [33m 1179[2mms[22m[39m
 [32mÔ£ô[39m src/__tests__/redis-state-store.test.ts [2m([22m[2m16 tests[22m[2m)[22m[32m 17[2mms[22m[39m
[90mstdout[2m | src/__tests__/signal-cleanup-569.test.ts[2m > [22m[2mkillAllSessions timeout protection (Issue #569)[2m > [22m[2mshould timeout if individual session kill hangs
[22m[39mSignal cleanup: killed 0/1 sessions (1 errors, some timed out)

stderr | src/__tests__/signal-cleanup-569.test.ts > killAllSessions timeout protection (Issue #569) > should timeout if individual session kill hangs
Signal cleanup: TIMED OUT killing session test-session

[90mstdout[2m | src/__tests__/signal-cleanup-569.test.ts[2m > [22m[2mshould call process.exit(0) after successful cleanup
[22m[39mSIGTERM received ÔÇö cleaning up 1 active sessions...

[90mstdout[2m | src/__tests__/signal-cleanup-569.test.ts[2m > [22m[2mshould call process.exit(0) after successful cleanup
[22m[39mSignal cleanup: killed 1 sessions (0 errors)

[90mstdout[2m | src/__tests__/signal-cleanup-569.test.ts[2m > [22m[2mshould call process.exit(0) after successful cleanup
[22m[39mSIGTERM cleanup complete: 1 sessions killed

 [32mÔ£ô[39m src/__tests__/signal-cleanup-569.test.ts [2m([22m[2m11 tests[22m[2m)[22m[33m 499[2mms[22m[39m
 [32mÔ£ô[39m src/__tests__/env-denylist-1392.test.ts [2m([22m[2m66 tests[22m[2m)[22m[32m 79[2mms[22m[39m
 [32mÔ£ô[39m src/__tests__/latency.test.ts [2m([22m[2m13 tests[22m[2m)[22m[33m 357[2mms[22m[39m
 [32mÔ£ô[39m src/__tests__/memory-leaks-398-424-511.test.ts [2m([22m[2m17 tests[22m[2m)[22m[32m 216[2mms[22m[39m
 [32mÔ£ô[39m src/__tests__/api-input-validation.test.ts [2m([22m[2m57 tests[22m[2m)[22m[32m 57[2mms[22m[39m
 [32mÔ£ô[39m src/__tests__/path-traversal-workdir-435.test.ts [2m([22m[2m26 tests[22m[2m)[22m[32m 220[2mms[22m[39m
[90mstdout[2m | src/__tests__/session-persistence.test.ts[2m > [22m[2mSession persistence and resume (Issue #35)[2m > [22m[2mIssue #1644: hook secret persistence hardening[2m > [22m[2mrestores hookSecret from hook settings file during load
[22m[39mReconcile: session cc-1644-restore ÔÇö alive, JSONL ready

 [32mÔ£ô[39m src/__tests__/session-persistence.test.ts [2m([22m[2m19 tests[22m[2m)[22m[32m 111[2mms[22m[39m
 [32mÔ£ô[39m src/__tests__/oidc-dashboard-manager.test.ts [2m([22m[2m11 tests[22m[2m)[22m[32m 20[2mms[22m[39m
 [32mÔ£ô[39m src/__tests__/metrics.test.ts [2m([22m[2m32 tests[22m[2m)[22m[32m 51[2mms[22m[39m
 [32mÔ£ô[39m src/__tests__/auth-coverage-1305.test.ts [2m([22m[2m28 tests[22m[2m)[22m[33m 749[2mms[22m[39m
       [33m[2mÔ£ô[22m[39m should create parent directory if it does not exist [33m 311[2mms[22m[39m
 [32mÔ£ô[39m src/__tests__/session-dedup-607.test.ts [2m([22m[2m23 tests[22m[2m)[22m[33m 521[2mms[22m[39m
     [33m[2mÔ£ô[22m[39m should return existing idle session with status 200 and reused=true [33m 437[2mms[22m[39m
 [32mÔ£ô[39m src/__tests__/eaddrinuse.test.ts [2m([22m[2m19 tests[22m[2m)[22m[32m 113[2mms[22m[39m
 [32mÔ£ô[39m src/__tests__/batch-pipeline.test.ts [2m([22m[2m20 tests[22m[2m)[22m[32m 15[2mms[22m[39m
 [32mÔ£ô[39m src/__tests__/metrics-aggregate-2087.test.ts [2m([22m[2m10 tests[22m[2m)[22m[32m 34[2mms[22m[39m
[90mstdout[2m | src/__tests__/hook-permission-approval.test.ts[2m > [22m[2mIssue #284: Hook-based permission approval[2m > [22m[2mAuto-approve sessions (permissionMode != default)[2m > [22m[2mshould respond immediately with "allow" for permissionMode=bypassPermissions
[22m[39mHooks: auto-approving PermissionRequest for session 00000000-0000-0000-0000-000000000004 (mode: bypassPermissions)

[90mstdout[2m | src/__tests__/hook-permission-approval.test.ts[2m > [22m[2mIssue #284: Hook-based permission approval[2m > [22m[2mAuto-approve sessions (permissionMode != default)[2m > [22m[2mshould respond immediately with "allow" for permissionMode=dontAsk
[22m[39mHooks: auto-approving PermissionRequest for session 00000000-0000-0000-0000-000000000004 (mode: dontAsk)

stderr | src/__tests__/hook-permission-approval.test.ts > Issue #284: Hook-based permission approval > Auto-approve sessions (permissionMode != default) > should respond immediately with "allow" for permissionMode=dontAsk
Hooks: invalid permission_mode "dontAsk" from PermissionRequest, using "default"

[90mstdout[2m | src/__tests__/hook-permission-approval.test.ts[2m > [22m[2mIssue #284: Hook-based permission approval[2m > [22m[2mAuto-approve sessions (permissionMode != default)[2m > [22m[2mshould respond immediately with "allow" for permissionMode=acceptEdits
[22m[39mHooks: auto-approving PermissionRequest for session 00000000-0000-0000-0000-000000000004 (mode: acceptEdits)

stderr | src/__tests__/hook-permission-approval.test.ts > Issue #284: Hook-based permission approval > Auto-approve sessions (permissionMode != default) > should respond immediately with "allow" for permissionMode=acceptEdits
Hooks: invalid permission_mode "acceptEdits" from PermissionRequest, using "default"

[90mstdout[2m | src/__tests__/hook-permission-approval.test.ts[2m > [22m[2mIssue #284: Hook-based permission approval[2m > [22m[2mAuto-approve sessions (permissionMode != default)[2m > [22m[2mshould respond immediately with "allow" for permissionMode=auto
[22m[39mHooks: auto-approving PermissionRequest for session 00000000-0000-0000-0000-000000000004 (mode: auto)

stderr | src/__tests__/hook-permission-approval.test.ts > Issue #284: Hook-based permission approval > Auto-approve sessions (permissionMode != default) > should respond immediately with "allow" for permissionMode=auto
Hooks: invalid permission_mode "auto" from PermissionRequest, using "default"

 [32mÔ£ô[39m src/__tests__/acp-fs-client.test.ts [2m([22m[2m13 tests[22m[2m)[22m[32m 251[2mms[22m[39m
[90mstdout[2m | src/__tests__/hook-permission-approval.test.ts[2m > [22m[2mIssue #284: Hook-based permission approval[2m > [22m[2mshould wait for client approval for permissionMode=plan
[22m[39mHooks: waiting for client permission decision for session 00000000-0000-0000-0000-000000000004

[90mstdout[2m | src/__tests__/hook-permission-approval.test.ts[2m > [22m[2mIssue #284: Hook-based permission approval[2m > [22m[2mshould wait for client approval for permissionMode=plan
[22m[39mHooks: PermissionRequest for session 00000000-0000-0000-0000-000000000004 ÔÇö approved by client

[90mstdout[2m | src/__tests__/hook-permission-approval.test.ts[2m > [22m[2mIssue #284: Hook-based permission approval[2m > [22m[2mNon-auto-approve sessions (permissionMode=default)[2m > [22m[2mshould wait for client approval and respond with "allow"
[22m[39mHooks: waiting for client permission decision for session 00000000-0000-0000-0000-000000000004

 [32mÔ£ô[39m src/__tests__/quota-manager-1953.test.ts [2m([22m[2m21 tests[22m[2m)[22m[33m 616[2mms[22m[39m
[90mstdout[2m | src/__tests__/hook-permission-approval.test.ts[2m > [22m[2mIssue #284: Hook-based permission approval[2m > [22m[2mNon-auto-approve sessions (permissionMode=default)[2m > [22m[2mshould wait for client approval and respond with "allow"
[22m[39mHooks: PermissionRequest for session 00000000-0000-0000-0000-000000000004 ÔÇö approved by client

[90mstdout[2m | src/__tests__/hook-permission-approval.test.ts[2m > [22m[2mIssue #284: Hook-based permission approval[2m > [22m[2mNon-auto-approve sessions (permissionMode=default)[2m > [22m[2mshould wait for client rejection and respond with "deny"
[22m[39mHooks: waiting for client permission decision for session 00000000-0000-0000-0000-000000000004

[90mstdout[2m | src/__tests__/hook-permission-approval.test.ts[2m > [22m[2mIssue #284: Hook-based permission approval[2m > [22m[2mNon-auto-approve sessions (permissionMode=default)[2m > [22m[2mshould wait for client rejection and respond with "deny"
[22m[39mHooks: PermissionRequest for session 00000000-0000-0000-0000-000000000004 ÔÇö rejected by client

[90mstdout[2m | src/__tests__/hook-permission-approval.test.ts[2m > [22m[2mIssue #284: Hook-based permission approval[2m > [22m[2mNon-auto-approve sessions (permissionMode=default)[2m > [22m[2mshould pass tool name and prompt to waitForPermissionDecision
[22m[39mHooks: waiting for client permission decision for session 00000000-0000-0000-0000-000000000004

 [32mÔ£ô[39m src/__tests__/acp-event-mapper.test.ts [2m([22m[2m3 tests[22m[2m)[22m[32m 17[2mms[22m[39m
[90mstdout[2m | src/__tests__/hook-permission-approval.test.ts[2m > [22m[2mIssue #284: Hook-based permission approval[2m > [22m[2mNon-auto-approve sessions (permissionMode=default)[2m > [22m[2mshould pass tool name and prompt to waitForPermissionDecision
[22m[39mHooks: PermissionRequest for session 00000000-0000-0000-0000-000000000004 ÔÇö approved by client

[90mstdout[2m | src/__tests__/hook-permission-approval.test.ts[2m > [22m[2mIssue #284: Hook-based permission approval[2m > [22m[2mTimeout behavior[2m > [22m[2mshould auto-reject pending permission after timeout
[22m[39mHooks: waiting for client permission decision for session 00000000-0000-0000-0000-000000000004

[90mstdout[2m | src/__tests__/hook-permission-approval.test.ts[2m > [22m[2mIssue #284: Hook-based permission approval[2m > [22m[2mTimeout behavior[2m > [22m[2mshould auto-reject pending permission after timeout
[22m[39mHooks: PermissionRequest for session 00000000-0000-0000-0000-000000000004 ÔÇö rejected by client

[90mstdout[2m | src/__tests__/hook-permission-approval.test.ts[2m > [22m[2mIssue #284: Hook-based permission approval[2m > [22m[2mSSE events during PermissionRequest[2m > [22m[2mshould emit approval SSE event even for non-auto-approve sessions
[22m[39mHooks: waiting for client permission decision for session 00000000-0000-0000-0000-000000000004

[90mstdout[2m | src/__tests__/hook-permission-approval.test.ts[2m > [22m[2mIssue #284: Hook-based permission approval[2m > [22m[2mSSE events during PermissionRequest[2m > [22m[2mshould emit approval SSE event even for non-auto-approve sessions
[22m[39mHooks: PermissionRequest for session 00000000-0000-0000-0000-000000000004 ÔÇö approved by client

 [32mÔ£ô[39m src/__tests__/hook-permission-approval.test.ts [2m([22m[2m10 tests[22m[2m)[22m[33m 833[2mms[22m[39m
       [33m[2mÔ£ô[22m[39m should respond immediately with "allow" for permissionMode=bypassPermissions [33m 403[2mms[22m[39m
[90mstdout[2m | src/__tests__/tracing-e2e.test.ts[2m > [22m[2mOpenTelemetry E2E trace correlation[2m > [22m[2mtracing module integration[2m > [22m[2mstartChannelSpan creates a span with channel name prefix
[22m[39mTracing: disabled (set AEGIS_OTEL_ENABLED=true to enable)

 [32mÔ£ô[39m src/__tests__/tracing-e2e.test.ts [2m([22m[2m11 tests[22m[2m)[22m[32m 37[2mms[22m[39m
 [32mÔ£ô[39m src/__tests__/fire-and-forget-rejections.test.ts [2m([22m[2m6 tests[22m[2m)[22m[33m 3364[2mms[22m[39m
       [33m[2mÔ£ô[22m[39m logs error when broadcastStatusChange rejects [33m 717[2mms[22m[39m
       [33m[2mÔ£ô[22m[39m does not throw unhandled rejection when broadcastStatusChange fails [33m 718[2mms[22m[39m
       [33m[2mÔ£ô[22m[39m monitor continues polling after broadcast rejection [33m 1460[2mms[22m[39m
 [32mÔ£ô[39m src/__tests__/device-flow-cli.test.ts [2m([22m[2m16 tests[22m[2m)[22m[33m 3010[2mms[22m[39m
     [33m[2mÔ£ô[22m[39m completes full device flow successfully [33m 1134[2mms[22m[39m
     [33m[2mÔ£ô[22m[39m supports --json output [33m 1253[2mms[22m[39m
 [32mÔ£ô[39m src/__tests__/acp-action-worker.test.ts [2m([22m[2m7 tests[22m[2m)[22m[32m 29[2mms[22m[39m
 [32mÔ£ô[39m src/__tests__/memory-leak-405.test.ts [2m([22m[2m13 tests[22m[2m)[22m[32m 22[2mms[22m[39m
 [32mÔ£ô[39m src/__tests__/per-action-rbac-1922.test.ts [2m([22m[2m6 tests[22m[2m)[22m[32m 37[2mms[22m[39m
 [32mÔ£ô[39m src/__tests__/session-reuse.test.ts [2m([22m[2m18 tests[22m[2m)[22m[32m 54[2mms[22m[39m
[90mstdout[2m | src/__tests__/hook-answer-question.test.ts[2m > [22m[2mIssue #336: AskUserQuestion hook handling[2m > [22m[2mshould detect AskUserQuestion and wait for answer
[22m[39mHooks: AskUserQuestion for session 00000000-0000-0000-0000-000000000003 ÔÇö waiting for answer (timeout: 30000ms)

 [32mÔ£ô[39m src/__tests__/hook-auth-394.test.ts [2m([22m[2m17 tests[22m[2m)[22m[33m 439[2mms[22m[39m
 [32mÔ£ô[39m src/__tests__/multi-tenancy-1944.test.ts [2m([22m[2m25 tests[22m[2m)[22m[33m 2015[2mms[22m[39m
       [33m[2mÔ£ô[22m[39m should filter audit records by tenantId [33m 329[2mms[22m[39m
       [33m[2mÔ£ô[22m[39m should include records without tenantId when filtering by tenant [33m 397[2mms[22m[39m
[90mstdout[2m | src/__tests__/hook-answer-question.test.ts[2m > [22m[2mIssue #336: AskUserQuestion hook handling[2m > [22m[2mshould detect AskUserQuestion and wait for answer
[22m[39mHooks: AskUserQuestion answered for session 00000000-0000-0000-0000-000000000003

[90mstdout[2m | src/__tests__/hook-answer-question.test.ts[2m > [22m[2mIssue #336: AskUserQuestion hook handling[2m > [22m[2mshould emit ask_question SSE event before waiting for answer
[22m[39mHooks: AskUserQuestion for session 00000000-0000-0000-0000-000000000003 ÔÇö waiting for answer (timeout: 30000ms)

[90mstdout[2m | src/__tests__/answer-timeout-nan.test.ts[2m > [22m[2mIssue #637: ANSWER_TIMEOUT_MS NaN guard[2m > [22m[2mpasses a finite timeout (not NaN) when env var is non-numeric
[22m[39mHooks: AskUserQuestion for session 00000000-0000-0000-0000-000000000099 ÔÇö waiting for answer (timeout: 30000ms)

[90mstdout[2m | src/__tests__/answer-timeout-nan.test.ts[2m > [22m[2mIssue #637: ANSWER_TIMEOUT_MS NaN guard[2m > [22m[2mpasses a finite timeout (not NaN) when env var is non-numeric
[22m[39mHooks: AskUserQuestion timeout for session 00000000-0000-0000-0000-000000000099 ÔÇö allowing without answer

[90mstdout[2m | src/__tests__/hook-answer-question.test.ts[2m > [22m[2mIssue #336: AskUserQuestion hook handling[2m > [22m[2mshould emit ask_question SSE event before waiting for answer
[22m[39mHooks: AskUserQuestion answered for session 00000000-0000-0000-0000-000000000003

[90mstdout[2m | src/__tests__/hook-answer-question.test.ts[2m > [22m[2mIssue #336: AskUserQuestion hook handling[2m > [22m[2mshould return allow without updatedInput on timeout
[22m[39mHooks: AskUserQuestion for session 00000000-0000-0000-0000-000000000003 ÔÇö waiting for answer (timeout: 30000ms)

[90mstdout[2m | src/__tests__/hook-answer-question.test.ts[2m > [22m[2mIssue #336: AskUserQuestion hook handling[2m > [22m[2mshould return allow without updatedInput on timeout
[22m[39mHooks: AskUserQuestion timeout for session 00000000-0000-0000-0000-000000000003 ÔÇö allowing without answer

[90mstdout[2m | src/__tests__/hook-answer-question.test.ts[2m > [22m[2mIssue #336: AskUserQuestion hook handling[2m > [22m[2mshould handle AskUserQuestion with empty tool_input
[22m[39mHooks: AskUserQuestion for session 00000000-0000-0000-0000-000000000003 ÔÇö waiting for answer (timeout: 30000ms)

[90mstdout[2m | src/__tests__/answer-timeout-nan.test.ts[2m > [22m[2mIssue #637: ANSWER_TIMEOUT_MS NaN guard[2m > [22m[2mpasses a finite timeout when env var is undefined
[22m[39mHooks: AskUserQuestion for session 00000000-0000-0000-0000-000000000099 ÔÇö waiting for answer (timeout: 30000ms)

[90mstdout[2m | src/__tests__/answer-timeout-nan.test.ts[2m > [22m[2mIssue #637: ANSWER_TIMEOUT_MS NaN guard[2m > [22m[2mpasses a finite timeout when env var is undefined
[22m[39mHooks: AskUserQuestion timeout for session 00000000-0000-0000-0000-000000000099 ÔÇö allowing without answer

[90mstdout[2m | src/__tests__/hook-answer-question.test.ts[2m > [22m[2mIssue #336: AskUserQuestion hook handling[2m > [22m[2mshould handle AskUserQuestion with empty tool_input
[22m[39mHooks: AskUserQuestion answered for session 00000000-0000-0000-0000-000000000003

[90mstdout[2m | src/__tests__/hook-answer-question.test.ts[2m > [22m[2mIssue #336: AskUserQuestion hook handling[2m > [22m[2mshould handle AskUserQuestion when tool_use_id is missing
[22m[39mHooks: AskUserQuestion for session 00000000-0000-0000-0000-000000000003 ÔÇö waiting for answer (timeout: 30000ms)

[90mstdout[2m | src/__tests__/answer-timeout-nan.test.ts[2m > [22m[2mIssue #637: ANSWER_TIMEOUT_MS NaN guard[2m > [22m[2muses custom value when env var is a valid number string
[22m[39mHooks: AskUserQuestion for session 00000000-0000-0000-0000-000000000099 ÔÇö waiting for answer (timeout: 5000ms)

[90mstdout[2m | src/__tests__/answer-timeout-nan.test.ts[2m > [22m[2mIssue #637: ANSWER_TIMEOUT_MS NaN guard[2m > [22m[2muses custom value when env var is a valid number string
[22m[39mHooks: AskUserQuestion timeout for session 00000000-0000-0000-0000-000000000099 ÔÇö allowing without answer

[90mstdout[2m | src/__tests__/hook-answer-question.test.ts[2m > [22m[2mIssue #336: AskUserQuestion hook handling[2m > [22m[2mshould handle AskUserQuestion when tool_use_id is missing
[22m[39mHooks: AskUserQuestion answered for session 00000000-0000-0000-0000-000000000003

[90mstdout[2m | src/__tests__/hook-answer-question.test.ts[2m > [22m[2mIssue #336: AskUserQuestion hook handling[2m > [22m[2mshould extract question text from tool_input correctly
[22m[39mHooks: AskUserQuestion for session 00000000-0000-0000-0000-000000000003 ÔÇö waiting for answer (timeout: 30000ms)

[90mstdout[2m | src/__tests__/answer-timeout-nan.test.ts[2m > [22m[2mIssue #637: ANSWER_TIMEOUT_MS NaN guard[2m > [22m[2mclamps timeout to lower bound when env var is too small
[22m[39mHooks: AskUserQuestion for session 00000000-0000-0000-0000-000000000099 ÔÇö waiting for answer (timeout: 1000ms)

[90mstdout[2m | src/__tests__/answer-timeout-nan.test.ts[2m > [22m[2mIssue #637: ANSWER_TIMEOUT_MS NaN guard[2m > [22m[2mclamps timeout to lower bound when env var is too small
[22m[39mHooks: AskUserQuestion timeout for session 00000000-0000-0000-0000-000000000099 ÔÇö allowing without answer

 [32mÔ£ô[39m src/__tests__/keys-endpoint-2528.test.ts [2m([22m[2m14 tests[22m[2m)[22m[33m 1407[2mms[22m[39m
[90mstdout[2m | src/__tests__/hook-answer-question.test.ts[2m > [22m[2mIssue #336: AskUserQuestion hook handling[2m > [22m[2mshould extract question text from tool_input correctly
[22m[39mHooks: AskUserQuestion answered for session 00000000-0000-0000-0000-000000000003

 [32mÔ£ô[39m src/__tests__/hook-answer-question.test.ts [2m([22m[2m7 tests[22m[2m)[22m[33m 607[2mms[22m[39m
     [33m[2mÔ£ô[22m[39m should detect AskUserQuestion and wait for answer [33m 368[2mms[22m[39m
[90mstdout[2m | src/__tests__/answer-timeout-nan.test.ts[2m > [22m[2mIssue #637: ANSWER_TIMEOUT_MS NaN guard[2m > [22m[2mclamps timeout to upper bound when env var is too large
[22m[39mHooks: AskUserQuestion for session 00000000-0000-0000-0000-000000000099 ÔÇö waiting for answer (timeout: 600000ms)

[90mstdout[2m | src/__tests__/answer-timeout-nan.test.ts[2m > [22m[2mIssue #637: ANSWER_TIMEOUT_MS NaN guard[2m > [22m[2mclamps timeout to upper bound when env var is too large
[22m[39mHooks: AskUserQuestion timeout for session 00000000-0000-0000-0000-000000000099 ÔÇö allowing without answer

 [32mÔ£ô[39m src/__tests__/answer-timeout-nan.test.ts [2m([22m[2m5 tests[22m[2m)[22m[33m 808[2mms[22m[39m
     [33m[2mÔ£ô[22m[39m passes a finite timeout (not NaN) when env var is non-numeric [33m 598[2mms[22m[39m
 [32mÔ£ô[39m src/__tests__/fix-841-840-836.test.ts [2m([22m[2m10 tests[22m[2m)[22m[32m 216[2mms[22m[39m
 [32mÔ£ô[39m src/__tests__/dashboard-static.test.ts [2m([22m[2m18 tests[22m[2m | [22m[33m14 skipped[39m[2m)[22m[32m 19[2mms[22m[39m
 [32mÔ£ô[39m src/__tests__/auto-approve.test.ts [2m([22m[2m32 tests[22m[2m)[22m[32m 13[2mms[22m[39m
 [32mÔ£ô[39m src/__tests__/oidc-config.test.ts [2m([22m[2m19 tests[22m[2m)[22m[32m 26[2mms[22m[39m
 [32mÔ£ô[39m src/__tests__/sendInitialPrompt-window-revalidate-2638.test.ts [2m([22m[2m7 tests[22m[2m)[22m[32m 13[2mms[22m[39m
stderr | src/__tests__/webhook-retry.test.ts > Webhook delivery with retry > should retry on 500 error with backoff
Webhook https://example.com/hook returned 500 for session.created (attempt 1/3), retrying in 1000ms

stderr | src/__tests__/webhook-delivery-tracking.test.ts > Issue #2144: Webhook delivery tracking > delivery log recording > should record each retry attempt
Webhook https://example.com/hook returned 500 for session.created (attempt 1/3), retrying in 1000ms

stderr | src/__tests__/webhook-delivery-tracking.test.ts > Issue #2144: Webhook delivery tracking > delivery log recording > should record all attempts when all retries fail
Webhook https://example.com/hook error for session.created (attempt 1/3): ECONNREFUSED, retrying in 1000ms

stderr | src/__tests__/webhook-delivery-tracking.test.ts > Issue #2144: Webhook delivery tracking > delivery log recording > should record all attempts when all retries fail
Webhook https://example.com/hook error for session.created (attempt 2/3): ECONNREFUSED, retrying in 5000ms

stderr | src/__tests__/webhook-delivery-tracking.test.ts > Issue #2144: Webhook delivery tracking > delivery log recording > should record all attempts when all retries fail
Webhook https://example.com/hook failed after 3 attempts for session.created: ECONNREFUSED
Webhook DLQ: added failed delivery for session.created to https://example.com/hook after 3 attempts

stderr | src/__tests__/webhook-delivery-tracking.test.ts > Issue #2144: Webhook delivery tracking > delivery log recording > should record all attempts when all retries fail
Webhook: 1/1 endpoint(s) failed (total): RetriableError: ECONNREFUSED

stderr | src/__tests__/webhook-delivery-tracking.test.ts > Issue #2144: Webhook delivery tracking > delivery log recording > should NOT retry on 4xx client error (except 429)
Webhook https://example.com/hook returned 400 for session.created (attempt 1/3)

stderr | src/__tests__/webhook-delivery-tracking.test.ts > Issue #2144: Webhook delivery tracking > delivery log recording > should NOT retry on 4xx client error (except 429)
Webhook: 1/1 endpoint(s) failed (total): Error: HTTP 400

stderr | src/__tests__/webhook-delivery-tracking.test.ts > Issue #2144: Webhook delivery tracking > retry on 429 rate limit > should retry on 429 and succeed on second attempt
Webhook https://example.com/hook returned 429 for session.created (attempt 1/3), retrying in 1000ms

stderr | src/__tests__/webhook-delivery-tracking.test.ts > Issue #2144: Webhook delivery tracking > retry on 429 rate limit > should exhaust retries on persistent 429
Webhook https://example.com/hook returned 429 for session.created (attempt 1/3), retrying in 1000ms

stderr | src/__tests__/webhook-delivery-tracking.test.ts > Issue #2144: Webhook delivery tracking > retry on 429 rate limit > should exhaust retries on persistent 429
Webhook https://example.com/hook returned 429 for session.created (attempt 2/3), retrying in 5000ms

stderr | src/__tests__/webhook-delivery-tracking.test.ts > Issue #2144: Webhook delivery tracking > retry on 429 rate limit > should exhaust retries on persistent 429
Webhook https://example.com/hook returned 429 for session.created (attempt 3/3)

stderr | src/__tests__/webhook-delivery-tracking.test.ts > Issue #2144: Webhook delivery tracking > retry on 429 rate limit > should exhaust retries on persistent 429
Webhook: 1/1 endpoint(s) failed (total): Error: HTTP 429

 [32mÔ£ô[39m src/__tests__/webhook-delivery-tracking.test.ts [2m([22m[2m14 tests[22m[2m)[22m[32m 39[2mms[22m[39m
 [32mÔ£ô[39m src/__tests__/session-read-404-2539.test.ts [2m([22m[2m4 tests[22m[2m)[22m[32m 19[2mms[22m[39m
 [32mÔ£ô[39m src/__tests__/health-auth-2458.test.ts [2m([22m[2m4 tests[22m[2m)[22m[33m 379[2mms[22m[39m
 [32mÔ£ô[39m src/__tests__/dashboard-session-auth.test.ts [2m([22m[2m4 tests[22m[2m)[22m[33m 401[2mms[22m[39m
     [33m[2mÔ£ô[22m[39m authenticates same-origin /v1 and SSE requests without exposing a bearer API key [33m 373[2mms[22m[39m
 [32mÔ£ô[39m src/__tests__/acp-fs-client-handler.test.ts [2m([22m[2m20 tests[22m[2m)[22m[32m 169[2mms[22m[39m
 [32mÔ£ô[39m src/__tests__/discover-commands-2200.test.ts [2m([22m[2m10 tests[22m[2m)[22m[32m 19[2mms[22m[39m
stderr | src/__tests__/alerting.test.ts > AlertManager > recordFailure > counts failed webhook deliveries
{"timestamp":"2026-05-05T23:32:57.901Z","level":"warn","component":"alerting","operation":"fire_alert","errorCode":"ALERT_PARTIAL_FAILURE","attributes":{"alertType":"session_failure","failed":1,"total":1}}

 [32mÔ£ô[39m src/__tests__/alerting.test.ts [2m([22m[2m13 tests[22m[2m)[22m[32m 34[2mms[22m[39m
 [32mÔ£ô[39m src/__tests__/telegram-delivery.test.ts [2m([22m[2m16 tests[22m[2m)[22m[32m 16[2mms[22m[39m
 [32mÔ£ô[39m src/__tests__/acp-local-storage.test.ts [2m([22m[2m5 tests[22m[2m)[22m[32m 75[2mms[22m[39m
 [32mÔ£ô[39m src/__tests__/input-validation.test.ts [2m([22m[2m55 tests[22m[2m)[22m[32m 69[2mms[22m[39m
 [32mÔ£ô[39m src/__tests__/session-ownership-1910.test.ts [2m([22m[2m13 tests[22m[2m)[22m[32m 46[2mms[22m[39m
 [32mÔ£ô[39m src/__tests__/json-parse-validation.test.ts [2m([22m[2m25 tests[22m[2m)[22m[32m 25[2mms[22m[39m
 [32mÔ£ô[39m src/__tests__/webhook-signature-1955.test.ts [2m([22m[2m19 tests[22m[2m)[22m[32m 14[2mms[22m[39m
 [32mÔ£ô[39m src/__tests__/sse-limiter.test.ts [2m([22m[2m15 tests[22m[2m)[22m[32m 12[2mms[22m[39m
 [32mÔ£ô[39m src/__tests__/session-label-2530.test.ts [2m([22m[2m4 tests[22m[2m)[22m[33m 2555[2mms[22m[39m
     [33m[2mÔ£ô[22m[39m accepts label as an alias for name (201, no validation error) [33m 1067[2mms[22m[39m
     [33m[2mÔ£ô[22m[39m accepts name as before (no regression) [33m 580[2mms[22m[39m
     [33m[2mÔ£ô[22m[39m prefers name over label when both are provided [33m 561[2mms[22m[39m
stderr | src/__tests__/webhook-retry.test.ts > Webhook delivery with retry > should retry on network error
Webhook https://example.com/hook error for session.created (attempt 1/3): ECONNREFUSED, retrying in 1000ms

 [32mÔ£ô[39m src/__tests__/telegram-topic-ttl-cleanup.test.ts [2m([22m[2m8 tests[22m[2m)[22m[32m 24[2mms[22m[39m
[90mstdout[2m | src/__tests__/zombie-reaper.test.ts[2m > [22m[2mZombie reaper (Issue #283)[2m > [22m[2mshould remove a session marked dead for longer than the grace period
[22m[39mReaper: removing zombie session cc-test (dead-ses)

 [32mÔ£ô[39m src/__tests__/batch-session-ops-754.test.ts [2m([22m[2m15 tests[22m[2m)[22m[32m 13[2mms[22m[39m
[90mstdout[2m | src/__tests__/zombie-reaper.test.ts[2m > [22m[2mZombie reaper (Issue #283)[2m > [22m[2mshould handle errors gracefully and continue processing other sessions
[22m[39mReaper: removing zombie session cc-error (error-se)
Reaper: removing zombie session cc-clean (clean-se)

stderr | src/__tests__/zombie-reaper.test.ts > Zombie reaper (Issue #283) > should handle errors gracefully and continue processing other sessions
Reaper: failed to reap zombie session error-session-11111111-1111-1111-1111-111111111111: Error: tmux window not found
    at reap (D:/aegis/src/__tests__/zombie-reaper.test.ts:150:19)
    at D:/aegis/src/__tests__/zombie-reaper.test.ts:160:11
    at file:///D:/aegis/node_modules/@vitest/runner/dist/chunk-artifact.js:302:11
    at file:///D:/aegis/node_modules/@vitest/runner/dist/chunk-artifact.js:1903:26
    at file:///D:/aegis/node_modules/@vitest/runner/dist/chunk-artifact.js:2326:20
    at new Promise (<anonymous>)
    at runWithCancel (file:///D:/aegis/node_modules/@vitest/runner/dist/chunk-artifact.js:2323:10)
    at file:///D:/aegis/node_modules/@vitest/runner/dist/chunk-artifact.js:2305:20
    at new Promise (<anonymous>)
    at runWithTimeout (file:///D:/aegis/node_modules/@vitest/runner/dist/chunk-artifact.js:2272:10)

[90mstdout[2m | src/__tests__/zombie-reaper.test.ts[2m > [22m[2mZombie reaper (Issue #283)[2m > [22m[2mshould reap multiple zombie sessions in a single pass
[22m[39mReaper: removing zombie session cc-zombie1 (zombie-1)
Reaper: removing zombie session cc-zombie2 (zombie-2)

[90mstdout[2m | src/__tests__/zombie-reaper.test.ts[2m > [22m[2mZombie reaper (Issue #283)[2m > [22m[2mshould respect the grace period boundary exactly
[22m[39mReaper: removing zombie session cc-exact (exact-gr)

 [32mÔ£ô[39m src/__tests__/zombie-reaper.test.ts [2m([22m[2m9 tests[22m[2m)[22m[32m 19[2mms[22m[39m
[90mstdout[2m | src/__tests__/auth-bypass-349.test.ts[2m > [22m[2mIssue #349: Auth bypass via broad path matching[2m > [22m[2mFix 5: Hook event name validation[2m > [22m[2mshould accept known event: Notification
[22m[39mHooks: Notification for session 00000000-0000-0000-0000-000000000002

[90mstdout[2m | src/__tests__/auth-bypass-349.test.ts[2m > [22m[2mIssue #349: Auth bypass via broad path matching[2m > [22m[2mFix 5: Hook event name validation[2m > [22m[2mshould accept known event: PermissionRequest
[22m[39mHooks: waiting for client permission decision for session 00000000-0000-0000-0000-000000000002

[90mstdout[2m | src/__tests__/auth-bypass-349.test.ts[2m > [22m[2mIssue #349: Auth bypass via broad path matching[2m > [22m[2mFix 5: Hook event name validation[2m > [22m[2mshould accept known event: PermissionRequest
[22m[39mHooks: PermissionRequest for session 00000000-0000-0000-0000-000000000002 ÔÇö approved by client

[90mstdout[2m | src/__tests__/auth-bypass-349.test.ts[2m > [22m[2mIssue #349: Auth bypass via broad path matching[2m > [22m[2mFix 5: Hook event name validation[2m > [22m[2mshould accept known event: WorktreeCreate
[22m[39mHooks: WorktreeCreate for session 00000000-0000-0000-0000-000000000002

[90mstdout[2m | src/__tests__/auth-bypass-349.test.ts[2m > [22m[2mIssue #349: Auth bypass via broad path matching[2m > [22m[2mFix 5: Hook event name validation[2m > [22m[2mshould accept known event: WorktreeRemove
[22m[39mHooks: WorktreeRemove for session 00000000-0000-0000-0000-000000000002

[90mstdout[2m | src/__tests__/auth-bypass-349.test.ts[2m > [22m[2mIssue #349: Auth bypass via broad path matching[2m > [22m[2mFix 5: Hook event name validation[2m > [22m[2mshould accept known event: FileChanged
[22m[39mHooks: FileChanged for session 00000000-0000-0000-0000-000000000002

[90mstdout[2m | src/__tests__/auth-bypass-349.test.ts[2m > [22m[2mIssue #349: Auth bypass via broad path matching[2m > [22m[2mFix 5: Hook event name validation[2m > [22m[2mshould accept known event: CwdChanged
[22m[39mHooks: CwdChanged for session 00000000-0000-0000-0000-000000000002

 [32mÔ£ô[39m src/__tests__/auth-bypass-349.test.ts [2m([22m[2m45 tests[22m[2m)[22m[33m 460[2mms[22m[39m
       [33m[2mÔ£ô[22m[39m should accept known event: Stop [33m 332[2mms[22m[39m
 [32mÔ£ô[39m src/__tests__/sse-writer.test.ts [2m([22m[2m11 tests[22m[2m)[22m[32m 23[2mms[22m[39m
 [32mÔ£ô[39m src/__tests__/hook-coverage-1652.test.ts [2m([22m[2m7 tests[22m[2m)[22m[33m 558[2mms[22m[39m
[90mstdout[2m | src/__tests__/tracing.test.ts[2m > [22m[2mtracing[2m > [22m[2minitTracing (disabled)[2m > [22m[2mreturns no-op tracer when disabled
[22m[39mTracing: disabled (set AEGIS_OTEL_ENABLED=true to enable)

[90mstdout[2m | src/__tests__/tracing.test.ts[2m > [22m[2mtracing[2m > [22m[2minitTracing (disabled)[2m > [22m[2mno-op tracer creates non-recording spans
[22m[39mTracing: disabled (set AEGIS_OTEL_ENABLED=true to enable)

[90mstdout[2m | src/__tests__/tracing.test.ts[2m > [22m[2mtracing[2m > [22m[2minitTracing (disabled)[2m > [22m[2mno-op startActiveSpan does not throw
[22m[39mTracing: disabled (set AEGIS_OTEL_ENABLED=true to enable)

[90mstdout[2m | src/__tests__/tracing.test.ts[2m > [22m[2mtracing[2m > [22m[2minitTracing (disabled)[2m > [22m[2mgetTracer returns no-op tracer when disabled
[22m[39mTracing: disabled (set AEGIS_OTEL_ENABLED=true to enable)

[90mstdout[2m | src/__tests__/tracing.test.ts[2m > [22m[2mtracing[2m > [22m[2mspan helpers[2m > [22m[2mstartSessionSpan creates non-recording span when tracing is off
[22m[39mTracing: disabled (set AEGIS_OTEL_ENABLED=true to enable)

[90mstdout[2m | src/__tests__/tracing.test.ts[2m > [22m[2mtracing[2m > [22m[2mspan helpers[2m > [22m[2mstartTmuxSpan creates non-recording span when tracing is off
[22m[39mTracing: disabled (set AEGIS_OTEL_ENABLED=true to enable)

[90mstdout[2m | src/__tests__/tracing.test.ts[2m > [22m[2mtracing[2m > [22m[2mspan helpers[2m > [22m[2mstartMonitorSpan creates non-recording span when tracing is off
[22m[39mTracing: disabled (set AEGIS_OTEL_ENABLED=true to enable)

[90mstdout[2m | src/__tests__/tracing.test.ts[2m > [22m[2mtracing[2m > [22m[2mspan helpers[2m > [22m[2mspanError does not throw on no-op span
[22m[39mTracing: disabled (set AEGIS_OTEL_ENABLED=true to enable)

[90mstdout[2m | src/__tests__/tracing.test.ts[2m > [22m[2mtracing[2m > [22m[2mspan helpers[2m > [22m[2mspanOk does not throw on no-op span
[22m[39mTracing: disabled (set AEGIS_OTEL_ENABLED=true to enable)

stderr | src/__tests__/tracing.test.ts > tracing > initTracing (enabled ÔÇö SDK load failure) > falls back to no-op when SDK import fails
Tracing: failed to initialize ÔÇö falling back to no-op: Error: [vitest] There was an error when mocking a module. If you are using "vi.mock" factory, make sure there are no top level variables inside, since this call is hoisted to top of the file. Read more: https://vitest.dev/api/vi.html#vi-mock
    at createHelpfulError (file:///D:/aegis/node_modules/@vitest/mocker/dist/chunk-registry.js:189:16)
    at ManualMockedModule.resolve (file:///D:/aegis/node_modules/@vitest/mocker/dist/chunk-registry.js:163:10)
    at VitestMocker.callFunctionMock (file:///D:/aegis/node_modules/vitest/dist/chunks/startVitestModuleRunner.bRl2_oI_.js:316:32)
    ... 5 lines matching cause stack trace ...
    at processTicksAndRejections (node:internal/process/task_queues:104:5)
    at initTracing (D:/aegis/src/tracing.ts:101:25) {
  cause: Error: Module not found
      at D:/aegis/src/__tests__/tracing.test.ts:158:15
      at ManualMockedModule.factory (file:///D:/aegis/node_modules/vitest/dist/chunks/test.DNmyFkvJ.js:3578:78)
      at ManualMockedModule.resolve (file:///D:/aegis/node_modules/@vitest/mocker/dist/chunk-registry.js:161:21)
      at VitestMocker.callFunctionMock (file:///D:/aegis/node_modules/vitest/dist/chunks/startVitestModuleRunner.bRl2_oI_.js:316:32)
      at file:///D:/aegis/node_modules/vitest/dist/chunks/startVitestModuleRunner.bRl2_oI_.js:399:23
      at Traces.$ (file:///D:/aegis/node_modules/vitest/dist/chunks/traces.DT5aQ62U.js:142:27)
      at VitestMocker.requestWithMockedModule (file:///D:/aegis/node_modules/vitest/dist/chunks/startVitestModuleRunner.bRl2_oI_.js:364:21)
      at VitestModuleRunner.cachedRequest (file:///D:/aegis/node_modules/vitest/dist/chunks/startVitestModuleRunner.bRl2_oI_.js:565:31)
      at request (file:///D:/aegis/node_modules/vite/dist/node/module-runner.js:1205:76)
      at processTicksAndRejections (node:internal/process/task_queues:104:5)
}

[90mstdout[2m | src/__tests__/tracing.test.ts[2m > [22m[2mtracing[2m > [22m[2mshutdownTracing[2m > [22m[2mdoes not throw when tracing is disabled
[22m[39mTracing: disabled (set AEGIS_OTEL_ENABLED=true to enable)

 [32mÔ£ô[39m src/__tests__/tracing.test.ts [2m([22m[2m19 tests[22m[2m)[22m[32m 119[2mms[22m[39m
 [32mÔ£ô[39m src/__tests__/device-auth-routes.test.ts [2m([22m[2m7 tests[22m[2m)[22m[33m 420[2mms[22m[39m
       [33m[2mÔ£ô[22m[39m returns 503 when OIDC is not configured [33m 331[2mms[22m[39m
 [32mÔ£ô[39m src/__tests__/cli-doctor.test.ts [2m([22m[2m11 tests[22m[2m)[22m[32m 81[2mms[22m[39m
 [32mÔ£ô[39m src/__tests__/telegram-auth.test.ts [2m([22m[2m19 tests[22m[2m)[22m[32m 13[2mms[22m[39m
 [32mÔ£ô[39m src/__tests__/auth-key-rotation-grace-2097.test.ts [2m([22m[2m15 tests[22m[2m)[22m[33m 2079[2mms[22m[39m
       [33m[2mÔ£ô[22m[39m should not affect grace keys belonging to other keys [33m 347[2mms[22m[39m
stderr | src/__tests__/config-hot-reload-1753.test.ts > config hot-reload (Issue #1753) > reloadAllowedWorkDirs > returns null when config file has invalid JSON
Failed to parse config file C:\Users\manus\AppData\Local\Temp\aegis-test-config-reload-36368\bad.json: SyntaxError: Unexpected token 'o', "not valid json{{{" is not valid JSON
    at JSON.parse (<anonymous>)
    at parseConfigText (D:/aegis/src/config.ts:277:62)
    at readConfigFile (D:/aegis/src/config.ts:284:38)
    at reloadAllowedWorkDirs (D:/aegis/src/config.ts:686:7)
    at D:/aegis/src/__tests__/config-hot-reload-1753.test.ts:82:20
    at file:///D:/aegis/node_modules/@vitest/runner/dist/chunk-artifact.js:1903:20

 [32mÔ£ô[39m src/__tests__/config-hot-reload-1753.test.ts [2m([22m[2m10 tests[22m[2m | [22m[33m5 skipped[39m[2m)[22m[32m 76[2mms[22m[39m
 [32mÔ£ô[39m src/__tests__/analytics-cost-2246.test.ts [2m([22m[2m6 tests[22m[2m)[22m[33m 363[2mms[22m[39m
stderr | src/__tests__/webhook-retry.test.ts > Webhook delivery with retry > should NOT retry on 4xx client error
Webhook https://example.com/hook returned 400 for session.created (attempt 1/3)

stderr | src/__tests__/webhook-retry.test.ts > Webhook delivery with retry > should NOT retry on 4xx client error
Webhook: 1/1 endpoint(s) failed (total): Error: HTTP 400

stderr | src/__tests__/webhook-retry.test.ts > Webhook delivery with retry > should give up after max retries
Webhook https://example.com/hook error for session.created (attempt 1/3): fail, retrying in 1000ms

stderr | src/__tests__/webhook-retry.test.ts > Webhook delivery with retry > should give up after max retries
Webhook https://example.com/hook error for session.created (attempt 2/3): fail, retrying in 5000ms

stderr | src/__tests__/webhook-retry.test.ts > Webhook delivery with retry > should give up after max retries
Webhook https://example.com/hook failed after 3 attempts for session.created: fail
Webhook DLQ: added failed delivery for session.created to https://example.com/hook after 3 attempts

stderr | src/__tests__/webhook-retry.test.ts > Webhook delivery with retry > should give up after max retries
Webhook: 1/1 endpoint(s) failed (total): RetriableError: fail

 [32mÔ£ô[39m src/__tests__/webhook-retry.test.ts [2m([22m[2m14 tests[22m[2m)[22m[33m 3749[2mms[22m[39m
     [33m[2mÔ£ô[22m[39m should retry on 500 error with backoff [33m 1953[2mms[22m[39m
     [33m[2mÔ£ô[22m[39m should retry on network error [33m 1756[2mms[22m[39m
 [32mÔ£ô[39m src/__tests__/stop-failure.test.ts [2m([22m[2m12 tests[22m[2m)[22m[32m 28[2mms[22m[39m
 [32mÔ£ô[39m src/__tests__/session-model-2535.test.ts [2m([22m[2m7 tests[22m[2m)[22m[32m 133[2mms[22m[39m
 [32mÔ£ô[39m src/__tests__/webhook-dns-rebinding.test.ts [2m([22m[2m6 tests[22m[2m)[22m[32m 27[2mms[22m[39m
 [32mÔ£ô[39m src/__tests__/telegram-formatting.test.ts [2m([22m[2m23 tests[22m[2m)[22m[32m 13[2mms[22m[39m
 [32mÔ£ô[39m src/__tests__/auth-rbac.test.ts [2m([22m[2m16 tests[22m[2m)[22m[33m 758[2mms[22m[39m
 [32mÔ£ô[39m src/__tests__/session-health.test.ts [2m([22m[2m17 tests[22m[2m)[22m[32m 13[2mms[22m[39m
[90mstdout[2m | src/__tests__/stop-hook-idle-2538.test.ts[2m > [22m[2mIssue #2538: Stop signal transitions session to idle[2m > [22m[2mupdates session.status to idle when Stop signal is found
[22m[39m{"timestamp":"2026-05-05T23:33:01.321Z","level":"info","component":"monitor","operation":"check_stop_signals","sessionId":"b13dff0a-f8c3-42e2-8b5b-ab39ce16d08a","errorCode":"STOP_SIGNAL","attributes":{"signalTimestamp":1778023981317}}

[90mstdout[2m | src/__tests__/stop-hook-idle-2538.test.ts[2m > [22m[2mIssue #2538: Stop signal transitions session to idle[2m > [22m[2mdoes not re-process the same Stop signal
[22m[39m{"timestamp":"2026-05-05T23:33:01.330Z","level":"info","component":"monitor","operation":"check_stop_signals","sessionId":"c0a6b394-3218-43f0-af32-baee4e352e13","errorCode":"STOP_SIGNAL","attributes":{"signalTimestamp":1778023981328}}

 [32mÔ£ô[39m src/__tests__/stop-hook-idle-2538.test.ts [2m([22m[2m2 tests[22m[2m)[22m[32m 37[2mms[22m[39m
 [32mÔ£ô[39m src/__tests__/auth-rate-limiter.test.ts [2m([22m[2m11 tests[22m[2m)[22m[32m 40[2mms[22m[39m
 [32mÔ£ô[39m src/__tests__/error-categories.test.ts [2m([22m[2m14 tests[22m[2m)[22m[32m 10[2mms[22m[39m
stderr | src/__tests__/premature-termination.test.ts > Premature termination detection (Issue #2520) > flags session as premature when tool count <= 30 and duration >= 30s
Session 00000000: possible premature termination ÔÇö 15 tool uses in 60s (threshold: <=30 tools, >=30000ms duration)

stderr | src/__tests__/premature-termination.test.ts > Premature termination detection (Issue #2520) > respects PREMATURE_TERMINATION_MIN_TOOLS env var
Session 00000000: possible premature termination ÔÇö 3 tool uses in 60s (threshold: <=5 tools, >=30000ms duration)

stderr | src/__tests__/premature-termination.test.ts > Premature termination detection (Issue #2520) > flags on Stop event, not just TaskCompleted
Session 00000000: possible premature termination ÔÇö 10 tool uses in 60s (threshold: <=30 tools, >=30000ms duration)

 [32mÔ£ô[39m src/__tests__/premature-termination.test.ts [2m([22m[2m8 tests[22m[2m)[22m[32m 18[2mms[22m[39m
 [32mÔ£ô[39m src/__tests__/acp-terminal-extension-probe.test.ts [2m([22m[2m13 tests[22m[2m)[22m[33m 4172[2mms[22m[39m
     [33m[2mÔ£ô[22m[39m verifies input echo, resize, reconnect/resubscribe, and debug-output forwarding [33m 420[2mms[22m[39m
     [33m[2mÔ£ô[22m[39m classifies agents that do not advertise the terminal extension [33m 388[2mms[22m[39m
     [33m[2mÔ£ô[22m[39m classifies reconnect snapshots missing previously echoed terminal output [33m 459[2mms[22m[39m
     [33m[2mÔ£ô[22m[39m classifies reconnect snapshots that replay stale terminal output [33m 458[2mms[22m[39m
     [33m[2mÔ£ô[22m[39m classifies child exit during the terminal stream [33m 450[2mms[22m[39m
 [32mÔ£ô[39m src/__tests__/integration/session-lifecycle.test.ts [2m([22m[2m10 tests[22m[2m)[22m[33m 502[2mms[22m[39m
     [33m[2mÔ£ô[22m[39m POST /v1/sessions creates a session [33m 436[2mms[22m[39m
[90mstdout[2m | src/__tests__/session-read-empty-2537.test.ts[2m > [22m[2mIssue #2537: /read returns empty messages despite JSONL content[2m > [22m[2mresets byteOffset to 0 when discovering JSONL via filesystem fallback
[22m[39mTranscripts (#1768 fallback): session cc-2537-test mapped to aaaaaaaa...

[90mstdout[2m | src/__tests__/session-read-empty-2537.test.ts[2m > [22m[2mIssue #2537: /read returns empty messages despite JSONL content[2m > [22m[2mreturns messages on first read when JSONL has content
[22m[39mTranscripts (#1768 fallback): session cc-2537-test mapped to bbbbbbbb...

[90mstdout[2m | src/__tests__/session-read-empty-2537.test.ts[2m > [22m[2mIssue #2537: /read returns empty messages despite JSONL content[2m > [22m[2mresets both byteOffset and monitorOffset on filesystem fallback discovery
[22m[39mTranscripts (#1768 fallback): session cc-2537-test mapped to cccccccc...

[90mstdout[2m | src/__tests__/session-read-empty-2537.test.ts[2m > [22m[2mIssue #2537: /read returns empty messages despite JSONL content[2m > [22m[2mhandles JSONL discovery after jsonlPath invalidation
[22m[39mTranscripts (#1768 fallback): session cc-2537-test mapped to dddddddd...

 [32mÔ£ô[39m src/__tests__/session-read-empty-2537.test.ts [2m([22m[2m4 tests[22m[2m)[22m[32m 49[2mms[22m[39m
 [32mÔ£ô[39m src/__tests__/rate-limiter-separation-2456.test.ts [2m([22m[2m9 tests[22m[2m)[22m[32m 31[2mms[22m[39m
 [32mÔ£ô[39m src/__tests__/trustproxy-rate-limit-633.test.ts [2m([22m[2m11 tests[22m[2m)[22m[32m 25[2mms[22m[39m
 [32mÔ£ô[39m src/__tests__/memory-scope-705.test.ts [2m([22m[2m11 tests[22m[2m)[22m[32m 25[2mms[22m[39m
 [32mÔ£ô[39m src/__tests__/mcp-prompt-hardening.test.ts [2m([22m[2m8 tests[22m[2m)[22m[32m 160[2mms[22m[39m
 [2m[90mÔåô[39m[22m src/__tests__/hook-injection.test.ts [2m([22m[2m11 tests[22m[2m | [22m[33m11 skipped[39m[2m)[22m
 [32mÔ£ô[39m src/__tests__/auth-verify-endpoint-1555.test.ts [2m([22m[2m6 tests[22m[2m)[22m[33m 662[2mms[22m[39m
     [33m[2mÔ£ô[22m[39m returns 200 and role for a valid API key [33m 485[2mms[22m[39m
 [32mÔ£ô[39m src/__tests__/audit-routes-1923.test.ts [2m([22m[2m4 tests[22m[2m)[22m[33m 2902[2mms[22m[39m
     [33m[2mÔ£ô[22m[39m filters by actor, action, time range, and session id together [33m 956[2mms[22m[39m
     [33m[2mÔ£ô[22m[39m exports CSV with chain metadata headers [33m 745[2mms[22m[39m
     [33m[2mÔ£ô[22m[39m exports full NDJSON filter matches even when limit is provided [33m 910[2mms[22m[39m
 [32mÔ£ô[39m .github/actions/auto-label/__tests_unit__/auto-label.test.js [2m([22m[2m16 tests[22m[2m)[22m[32m 12[2mms[22m[39m
 [32mÔ£ô[39m src/__tests__/acp-child-process.test.ts [2m([22m[2m7 tests[22m[2m)[22m[33m 1487[2mms[22m[39m
     [33m[2mÔ£ô[22m[39m spawns the resolved command with explicit args, cwd, and BYO provider environment passthrough [33m 313[2mms[22m[39m
     [33m[2mÔ£ô[22m[39m forwards stdout and stderr as raw chunks without JSON-RPC parsing [32m 300[2mms[22m[39m
     [33m[2mÔ£ô[22m[39m marks graceful shutdown exits as expected when stdin close lets the child exit [33m 584[2mms[22m[39m
 [32mÔ£ô[39m src/__tests__/cc-version-check-564.test.ts [2m([22m[2m23 tests[22m[2m)[22m[33m 338[2mms[22m[39m
 [32mÔ£ô[39m src/__tests__/rest-session-acp-events.test.ts [2m([22m[2m16 tests[22m[2m)[22m[32m 12[2mms[22m[39m
 [32mÔ£ô[39m src/__tests__/rate-limiter-2456.test.ts [2m([22m[2m7 tests[22m[2m)[22m[32m 33[2mms[22m[39m
 [32mÔ£ô[39m src/__tests__/webhook-dlq.test.ts [2m([22m[2m8 tests[22m[2m)[22m[32m 110[2mms[22m[39m
 [32mÔ£ô[39m src/__tests__/permission-routes.test.ts [2m([22m[2m7 tests[22m[2m)[22m[32m 19[2mms[22m[39m
 [32mÔ£ô[39m src/__tests__/screenshot-ssrf.test.ts [2m([22m[2m22 tests[22m[2m)[22m[32m 20[2mms[22m[39m
 [32mÔ£ô[39m src/__tests__/hygiene-check-1905.test.ts [2m([22m[2m13 tests[22m[2m)[22m[33m 2132[2mms[22m[39m
     [33m[2mÔ£ô[22m[39m detects credential-like content in tracked files only [33m 1178[2mms[22m[39m
     [33m[2mÔ£ô[22m[39m detects AWS access key ids in tracked files [33m 941[2mms[22m[39m
 [32mÔ£ô[39m src/__tests__/reaper-notify-race-842.test.ts [2m([22m[2m5 tests[22m[2m)[22m[32m 9[2mms[22m[39m
 [32mÔ£ô[39m src/__tests__/tenant-workdir-1945.test.ts [2m([22m[2m15 tests[22m[2m)[22m[32m 11[2mms[22m[39m
 [32mÔ£ô[39m src/__tests__/webhook-ssrf.test.ts [2m([22m[2m16 tests[22m[2m)[22m[32m 47[2mms[22m[39m
 [32mÔ£ô[39m src/__tests__/hook-events-703.test.ts [2m([22m[2m19 tests[22m[2m)[22m[32m 10[2mms[22m[39m
[90mstdout[2m | src/__tests__/channels.test.ts[2m > [22m[2mChannelManager circuit breaker (M10)[2m > [22m[2mshould call channel normally when it succeeds
[22m[39mChannel initialized: ok-channel

[90mstdout[2m | src/__tests__/channels.test.ts[2m > [22m[2mChannelManager circuit breaker (M10)[2m > [22m[2mshould skip a disabled channel during cooldown
[22m[39mChannel initialized: flaky

stderr | src/__tests__/channels.test.ts > ChannelManager circuit breaker (M10) > should skip a disabled channel during cooldown
Channel flaky error on status.idle: RetriableError: fail
    at D:/aegis/src/__tests__/channels.test.ts:45:47
    at file:///D:/aegis/node_modules/@vitest/runner/dist/chunk-artifact.js:302:11
    at file:///D:/aegis/node_modules/@vitest/runner/dist/chunk-artifact.js:1903:26
    at file:///D:/aegis/node_modules/@vitest/runner/dist/chunk-artifact.js:2326:20
    at new Promise (<anonymous>)
    at runWithCancel (file:///D:/aegis/node_modules/@vitest/runner/dist/chunk-artifact.js:2323:10)
    at file:///D:/aegis/node_modules/@vitest/runner/dist/chunk-artifact.js:2305:20
    at new Promise (<anonymous>)
    at runWithTimeout (file:///D:/aegis/node_modules/@vitest/runner/dist/chunk-artifact.js:2272:10)
    at file:///D:/aegis/node_modules/@vitest/runner/dist/chunk-artifact.js:2955:64

stderr | src/__tests__/channels.test.ts > ChannelManager circuit breaker (M10) > should skip a disabled channel during cooldown
Channel flaky error on status.idle: RetriableError: fail
    at D:/aegis/src/__tests__/channels.test.ts:45:47
    at file:///D:/aegis/node_modules/@vitest/runner/dist/chunk-artifact.js:302:11
    at file:///D:/aegis/node_modules/@vitest/runner/dist/chunk-artifact.js:1903:26
    at file:///D:/aegis/node_modules/@vitest/runner/dist/chunk-artifact.js:2326:20
    at new Promise (<anonymous>)
    at runWithCancel (file:///D:/aegis/node_modules/@vitest/runner/dist/chunk-artifact.js:2323:10)
    at file:///D:/aegis/node_modules/@vitest/runner/dist/chunk-artifact.js:2305:20
    at new Promise (<anonymous>)
    at runWithTimeout (file:///D:/aegis/node_modules/@vitest/runner/dist/chunk-artifact.js:2272:10)
    at file:///D:/aegis/node_modules/@vitest/runner/dist/chunk-artifact.js:2955:64

stderr | src/__tests__/channels.test.ts > ChannelManager circuit breaker (M10) > should skip a disabled channel during cooldown
Channel flaky error on status.idle: RetriableError: fail
    at D:/aegis/src/__tests__/channels.test.ts:45:47
    at file:///D:/aegis/node_modules/@vitest/runner/dist/chunk-artifact.js:302:11
    at file:///D:/aegis/node_modules/@vitest/runner/dist/chunk-artifact.js:1903:26
    at file:///D:/aegis/node_modules/@vitest/runner/dist/chunk-artifact.js:2326:20
    at new Promise (<anonymous>)
    at runWithCancel (file:///D:/aegis/node_modules/@vitest/runner/dist/chunk-artifact.js:2323:10)
    at file:///D:/aegis/node_modules/@vitest/runner/dist/chunk-artifact.js:2305:20
    at new Promise (<anonymous>)
    at runWithTimeout (file:///D:/aegis/node_modules/@vitest/runner/dist/chunk-artifact.js:2272:10)
    at file:///D:/aegis/node_modules/@vitest/runner/dist/chunk-artifact.js:2955:64

stderr | src/__tests__/channels.test.ts > ChannelManager circuit breaker (M10) > should skip a disabled channel during cooldown
Channel flaky error on status.idle: RetriableError: fail
    at D:/aegis/src/__tests__/channels.test.ts:45:47
    at file:///D:/aegis/node_modules/@vitest/runner/dist/chunk-artifact.js:302:11
    at file:///D:/aegis/node_modules/@vitest/runner/dist/chunk-artifact.js:1903:26
    at file:///D:/aegis/node_modules/@vitest/runner/dist/chunk-artifact.js:2326:20
    at new Promise (<anonymous>)
    at runWithCancel (file:///D:/aegis/node_modules/@vitest/runner/dist/chunk-artifact.js:2323:10)
    at file:///D:/aegis/node_modules/@vitest/runner/dist/chunk-artifact.js:2305:20
    at new Promise (<anonymous>)
    at runWithTimeout (file:///D:/aegis/node_modules/@vitest/runner/dist/chunk-artifact.js:2272:10)
    at file:///D:/aegis/node_modules/@vitest/runner/dist/chunk-artifact.js:2955:64

stderr | src/__tests__/channels.test.ts > ChannelManager circuit breaker (M10) > should skip a disabled channel during cooldown
Channel flaky error on status.idle: RetriableError: fail
    at D:/aegis/src/__tests__/channels.test.ts:45:47
    at file:///D:/aegis/node_modules/@vitest/runner/dist/chunk-artifact.js:302:11
    at file:///D:/aegis/node_modules/@vitest/runner/dist/chunk-artifact.js:1903:26
    at file:///D:/aegis/node_modules/@vitest/runner/dist/chunk-artifact.js:2326:20
    at new Promise (<anonymous>)
    at runWithCancel (file:///D:/aegis/node_modules/@vitest/runner/dist/chunk-artifact.js:2323:10)
    at file:///D:/aegis/node_modules/@vitest/runner/dist/chunk-artifact.js:2305:20
    at new Promise (<anonymous>)
    at runWithTimeout (file:///D:/aegis/node_modules/@vitest/runner/dist/chunk-artifact.js:2272:10)
    at file:///D:/aegis/node_modules/@vitest/runner/dist/chunk-artifact.js:2955:64
Channel flaky disabled after 5 consecutive failures, cooldown until 2026-05-05T23:38:04.352Z

[90mstdout[2m | src/__tests__/channels.test.ts[2m > [22m[2mChannelManager circuit breaker (M10)[2m > [22m[2mshould re-enable channel after cooldown expires
[22m[39mChannel initialized: flaky

stderr | src/__tests__/channels.test.ts > ChannelManager circuit breaker (M10) > should re-enable channel after cooldown expires
Channel flaky error on status.idle: RetriableError: fail
    at D:/aegis/src/__tests__/channels.test.ts:66:47
    at file:///D:/aegis/node_modules/@vitest/runner/dist/chunk-artifact.js:302:11
    at file:///D:/aegis/node_modules/@vitest/runner/dist/chunk-artifact.js:1903:26
    at file:///D:/aegis/node_modules/@vitest/runner/dist/chunk-artifact.js:2326:20
    at new Promise (<anonymous>)
    at runWithCancel (file:///D:/aegis/node_modules/@vitest/runner/dist/chunk-artifact.js:2323:10)
    at file:///D:/aegis/node_modules/@vitest/runner/dist/chunk-artifact.js:2305:20
    at new Promise (<anonymous>)
    at runWithTimeout (file:///D:/aegis/node_modules/@vitest/runner/dist/chunk-artifact.js:2272:10)
    at file:///D:/aegis/node_modules/@vitest/runner/dist/chunk-artifact.js:2955:64

stderr | src/__tests__/channels.test.ts > ChannelManager circuit breaker (M10) > should re-enable channel after cooldown expires
Channel flaky error on status.idle: RetriableError: fail
    at D:/aegis/src/__tests__/channels.test.ts:66:47
    at file:///D:/aegis/node_modules/@vitest/runner/dist/chunk-artifact.js:302:11
    at file:///D:/aegis/node_modules/@vitest/runner/dist/chunk-artifact.js:1903:26
    at file:///D:/aegis/node_modules/@vitest/runner/dist/chunk-artifact.js:2326:20
    at new Promise (<anonymous>)
    at runWithCancel (file:///D:/aegis/node_modules/@vitest/runner/dist/chunk-artifact.js:2323:10)
    at file:///D:/aegis/node_modules/@vitest/runner/dist/chunk-artifact.js:2305:20
    at new Promise (<anonymous>)
    at runWithTimeout (file:///D:/aegis/node_modules/@vitest/runner/dist/chunk-artifact.js:2272:10)
    at file:///D:/aegis/node_modules/@vitest/runner/dist/chunk-artifact.js:2955:64

stderr | src/__tests__/channels.test.ts > ChannelManager circuit breaker (M10) > should re-enable channel after cooldown expires
Channel flaky error on status.idle: RetriableError: fail
    at D:/aegis/src/__tests__/channels.test.ts:66:47
    at file:///D:/aegis/node_modules/@vitest/runner/dist/chunk-artifact.js:302:11
    at file:///D:/aegis/node_modules/@vitest/runner/dist/chunk-artifact.js:1903:26
    at file:///D:/aegis/node_modules/@vitest/runner/dist/chunk-artifact.js:2326:20
    at new Promise (<anonymous>)
    at runWithCancel (file:///D:/aegis/node_modules/@vitest/runner/dist/chunk-artifact.js:2323:10)
    at file:///D:/aegis/node_modules/@vitest/runner/dist/chunk-artifact.js:2305:20
    at new Promise (<anonymous>)
    at runWithTimeout (file:///D:/aegis/node_modules/@vitest/runner/dist/chunk-artifact.js:2272:10)
    at file:///D:/aegis/node_modules/@vitest/runner/dist/chunk-artifact.js:2955:64

stderr | src/__tests__/channels.test.ts > ChannelManager circuit breaker (M10) > should re-enable channel after cooldown expires
Channel flaky error on status.idle: RetriableError: fail
    at D:/aegis/src/__tests__/channels.test.ts:66:47
    at file:///D:/aegis/node_modules/@vitest/runner/dist/chunk-artifact.js:302:11
    at file:///D:/aegis/node_modules/@vitest/runner/dist/chunk-artifact.js:1903:26
    at file:///D:/aegis/node_modules/@vitest/runner/dist/chunk-artifact.js:2326:20
    at new Promise (<anonymous>)
    at runWithCancel (file:///D:/aegis/node_modules/@vitest/runner/dist/chunk-artifact.js:2323:10)
    at file:///D:/aegis/node_modules/@vitest/runner/dist/chunk-artifact.js:2305:20
    at new Promise (<anonymous>)
    at runWithTimeout (file:///D:/aegis/node_modules/@vitest/runner/dist/chunk-artifact.js:2272:10)
    at file:///D:/aegis/node_modules/@vitest/runner/dist/chunk-artifact.js:2955:64

stderr | src/__tests__/channels.test.ts > ChannelManager circuit breaker (M10) > should re-enable channel after cooldown expires
Channel flaky error on status.idle: RetriableError: fail
    at D:/aegis/src/__tests__/channels.test.ts:66:47
    at file:///D:/aegis/node_modules/@vitest/runner/dist/chunk-artifact.js:302:11
    at file:///D:/aegis/node_modules/@vitest/runner/dist/chunk-artifact.js:1903:26
    at file:///D:/aegis/node_modules/@vitest/runner/dist/chunk-artifact.js:2326:20
    at new Promise (<anonymous>)
    at runWithCancel (file:///D:/aegis/node_modules/@vitest/runner/dist/chunk-artifact.js:2323:10)
    at file:///D:/aegis/node_modules/@vitest/runner/dist/chunk-artifact.js:2305:20
    at new Promise (<anonymous>)
    at runWithTimeout (file:///D:/aegis/node_modules/@vitest/runner/dist/chunk-artifact.js:2272:10)
    at file:///D:/aegis/node_modules/@vitest/runner/dist/chunk-artifact.js:2955:64
Channel flaky disabled after 5 consecutive failures, cooldown until 2026-05-05T23:38:04.355Z

stderr | src/__tests__/channels.test.ts > ChannelManager circuit breaker (M10) > should re-enable channel after cooldown expires
Channel flaky error on status.idle: RetriableError: fail
    at D:/aegis/src/__tests__/channels.test.ts:66:47
    at file:///D:/aegis/node_modules/@vitest/runner/dist/chunk-artifact.js:302:11
    at file:///D:/aegis/node_modules/@vitest/runner/dist/chunk-artifact.js:1903:26
    at file:///D:/aegis/node_modules/@vitest/runner/dist/chunk-artifact.js:2326:20
    at new Promise (<anonymous>)
    at runWithCancel (file:///D:/aegis/node_modules/@vitest/runner/dist/chunk-artifact.js:2323:10)
    at file:///D:/aegis/node_modules/@vitest/runner/dist/chunk-artifact.js:2305:20
    at new Promise (<anonymous>)
    at runWithTimeout (file:///D:/aegis/node_modules/@vitest/runner/dist/chunk-artifact.js:2272:10)
    at file:///D:/aegis/node_modules/@vitest/runner/dist/chunk-artifact.js:2955:64
Channel flaky disabled after 6 consecutive failures, cooldown until 2026-05-05T23:43:05.356Z

[90mstdout[2m | src/__tests__/channels.test.ts[2m > [22m[2mChannelManager circuit breaker (M10)[2m > [22m[2mshould reset fail count on success
[22m[39mChannel initialized: recovering

stderr | src/__tests__/channels.test.ts > ChannelManager circuit breaker (M10) > should reset fail count on success
Channel recovering error on status.idle: RetriableError: transient
    at Object.<anonymous> (D:/aegis/src/__tests__/channels.test.ts:93:33)
    at Object.Mock [as onStatusChange] (file:///D:/aegis/node_modules/@vitest/spy/dist/index.js:332:34)
    at D:/aegis/src/channels/manager.ts:90:41
    at D:/aegis/src/channels/manager.ts:124:15
    at Array.map (<anonymous>)
    at ChannelManager.fanOut (D:/aegis/src/channels/manager.ts:113:36)
    at ChannelManager.statusChange (D:/aegis/src/channels/manager.ts:90:16)
    at D:/aegis/src/__tests__/channels.test.ts:104:21
    at processTicksAndRejections (node:internal/process/task_queues:104:5)
    at file:///D:/aegis/node_modules/@vitest/runner/dist/chunk-artifact.js:1903:20

stderr | src/__tests__/channels.test.ts > ChannelManager circuit breaker (M10) > should reset fail count on success
Channel recovering error on status.idle: RetriableError: transient
    at Object.<anonymous> (D:/aegis/src/__tests__/channels.test.ts:93:33)
    at Object.Mock [as onStatusChange] (file:///D:/aegis/node_modules/@vitest/spy/dist/index.js:332:34)
    at D:/aegis/src/channels/manager.ts:90:41
    at D:/aegis/src/channels/manager.ts:124:15
    at Array.map (<anonymous>)
    at ChannelManager.fanOut (D:/aegis/src/channels/manager.ts:113:36)
    at ChannelManager.statusChange (D:/aegis/src/channels/manager.ts:90:16)
    at D:/aegis/src/__tests__/channels.test.ts:104:21
    at processTicksAndRejections (node:internal/process/task_queues:104:5)
    at file:///D:/aegis/node_modules/@vitest/runner/dist/chunk-artifact.js:1903:20

stderr | src/__tests__/channels.test.ts > ChannelManager circuit breaker (M10) > should reset fail count on success
Channel recovering error on status.idle: RetriableError: transient
    at Object.<anonymous> (D:/aegis/src/__tests__/channels.test.ts:93:33)
    at Object.Mock [as onStatusChange] (file:///D:/aegis/node_modules/@vitest/spy/dist/index.js:332:34)
    at D:/aegis/src/channels/manager.ts:90:41
    at D:/aegis/src/channels/manager.ts:124:15
    at Array.map (<anonymous>)
    at ChannelManager.fanOut (D:/aegis/src/channels/manager.ts:113:36)
    at ChannelManager.statusChange (D:/aegis/src/channels/manager.ts:90:16)
    at D:/aegis/src/__tests__/channels.test.ts:104:21
    at processTicksAndRejections (node:internal/process/task_queues:104:5)
    at file:///D:/aegis/node_modules/@vitest/runner/dist/chunk-artifact.js:1903:20

[90mstdout[2m | src/__tests__/channels.test.ts[2m > [22m[2mChannelManager circuit breaker (M10)[2m > [22m[2mshould not affect other channels when one is disabled
[22m[39mChannel initialized: bad

[90mstdout[2m | src/__tests__/channels.test.ts[2m > [22m[2mChannelManager circuit breaker (M10)[2m > [22m[2mshould not affect other channels when one is disabled
[22m[39mChannel initialized: good

stderr | src/__tests__/channels.test.ts > ChannelManager circuit breaker (M10) > should not affect other channels when one is disabled
Channel bad error on status.idle: RetriableError: fail
    at D:/aegis/src/__tests__/channels.test.ts:113:51
    at file:///D:/aegis/node_modules/@vitest/runner/dist/chunk-artifact.js:302:11
    at file:///D:/aegis/node_modules/@vitest/runner/dist/chunk-artifact.js:1903:26
    at file:///D:/aegis/node_modules/@vitest/runner/dist/chunk-artifact.js:2326:20
    at new Promise (<anonymous>)
    at runWithCancel (file:///D:/aegis/node_modules/@vitest/runner/dist/chunk-artifact.js:2323:10)
    at file:///D:/aegis/node_modules/@vitest/runner/dist/chunk-artifact.js:2305:20
    at new Promise (<anonymous>)
    at runWithTimeout (file:///D:/aegis/node_modules/@vitest/runner/dist/chunk-artifact.js:2272:10)
    at file:///D:/aegis/node_modules/@vitest/runner/dist/chunk-artifact.js:2955:64

stderr | src/__tests__/channels.test.ts > ChannelManager circuit breaker (M10) > should not affect other channels when one is disabled
Channel bad error on status.idle: RetriableError: fail
    at D:/aegis/src/__tests__/channels.test.ts:113:51
    at file:///D:/aegis/node_modules/@vitest/runner/dist/chunk-artifact.js:302:11
    at file:///D:/aegis/node_modules/@vitest/runner/dist/chunk-artifact.js:1903:26
    at file:///D:/aegis/node_modules/@vitest/runner/dist/chunk-artifact.js:2326:20
    at new Promise (<anonymous>)
    at runWithCancel (file:///D:/aegis/node_modules/@vitest/runner/dist/chunk-artifact.js:2323:10)
    at file:///D:/aegis/node_modules/@vitest/runner/dist/chunk-artifact.js:2305:20
    at new Promise (<anonymous>)
    at runWithTimeout (file:///D:/aegis/node_modules/@vitest/runner/dist/chunk-artifact.js:2272:10)
    at file:///D:/aegis/node_modules/@vitest/runner/dist/chunk-artifact.js:2955:64

stderr | src/__tests__/channels.test.ts > ChannelManager circuit breaker (M10) > should not affect other channels when one is disabled
Channel bad error on status.idle: RetriableError: fail
    at D:/aegis/src/__tests__/channels.test.ts:113:51
    at file:///D:/aegis/node_modules/@vitest/runner/dist/chunk-artifact.js:302:11
    at file:///D:/aegis/node_modules/@vitest/runner/dist/chunk-artifact.js:1903:26
    at file:///D:/aegis/node_modules/@vitest/runner/dist/chunk-artifact.js:2326:20
    at new Promise (<anonymous>)
    at runWithCancel (file:///D:/aegis/node_modules/@vitest/runner/dist/chunk-artifact.js:2323:10)
    at file:///D:/aegis/node_modules/@vitest/runner/dist/chunk-artifact.js:2305:20
    at new Promise (<anonymous>)
    at runWithTimeout (file:///D:/aegis/node_modules/@vitest/runner/dist/chunk-artifact.js:2272:10)
    at file:///D:/aegis/node_modules/@vitest/runner/dist/chunk-artifact.js:2955:64

stderr | src/__tests__/channels.test.ts > ChannelManager circuit breaker (M10) > should not affect other channels when one is disabled
Channel bad error on status.idle: RetriableError: fail
    at D:/aegis/src/__tests__/channels.test.ts:113:51
    at file:///D:/aegis/node_modules/@vitest/runner/dist/chunk-artifact.js:302:11
    at file:///D:/aegis/node_modules/@vitest/runner/dist/chunk-artifact.js:1903:26
    at file:///D:/aegis/node_modules/@vitest/runner/dist/chunk-artifact.js:2326:20
    at new Promise (<anonymous>)
    at runWithCancel (file:///D:/aegis/node_modules/@vitest/runner/dist/chunk-artifact.js:2323:10)
    at file:///D:/aegis/node_modules/@vitest/runner/dist/chunk-artifact.js:2305:20
    at new Promise (<anonymous>)
    at runWithTimeout (file:///D:/aegis/node_modules/@vitest/runner/dist/chunk-artifact.js:2272:10)
    at file:///D:/aegis/node_modules/@vitest/runner/dist/chunk-artifact.js:2955:64

stderr | src/__tests__/channels.test.ts > ChannelManager circuit breaker (M10) > should not affect other channels when one is disabled
Channel bad error on status.idle: RetriableError: fail
    at D:/aegis/src/__tests__/channels.test.ts:113:51
    at file:///D:/aegis/node_modules/@vitest/runner/dist/chunk-artifact.js:302:11
    at file:///D:/aegis/node_modules/@vitest/runner/dist/chunk-artifact.js:1903:26
    at file:///D:/aegis/node_modules/@vitest/runner/dist/chunk-artifact.js:2326:20
    at new Promise (<anonymous>)
    at runWithCancel (file:///D:/aegis/node_modules/@vitest/runner/dist/chunk-artifact.js:2323:10)
    at file:///D:/aegis/node_modules/@vitest/runner/dist/chunk-artifact.js:2305:20
    at new Promise (<anonymous>)
    at runWithTimeout (file:///D:/aegis/node_modules/@vitest/runner/dist/chunk-artifact.js:2272:10)
    at file:///D:/aegis/node_modules/@vitest/runner/dist/chunk-artifact.js:2955:64
Channel bad disabled after 5 consecutive failures, cooldown until 2026-05-05T23:38:04.364Z

 [32mÔ£ô[39m src/__tests__/channels.test.ts [2m([22m[2m8 tests[22m[2m)[22m[32m 30[2mms[22m[39m
 [32mÔ£ô[39m src/__tests__/fault-injection-harness-901.test.ts [2m([22m[2m4 tests[22m[2m)[22m[32m 173[2mms[22m[39m
 [32mÔ£ô[39m src/__tests__/acp-binary-resolver.test.ts [2m([22m[2m5 tests[22m[2m)[22m[32m 14[2mms[22m[39m
 [32mÔ£ô[39m src/__tests__/timer-tracking-834-835.test.ts [2m([22m[2m5 tests[22m[2m)[22m[32m 19[2mms[22m[39m
 [32mÔ£ô[39m src/__tests__/capture-pane-dcs.test.ts [2m([22m[2m12 tests[22m[2m)[22m[32m 21[2mms[22m[39m
 [32mÔ£ô[39m src/__tests__/security-hardening.test.ts [2m([22m[2m22 tests[22m[2m)[22m[32m 38[2mms[22m[39m
 [31mÔØ»[39m src/__tests__/rest-session-acp-contract-2604.test.ts [2m([22m[2m2 tests[22m[2m | [22m[31m1 failed[39m[2m)[22m[33m 383[2mms[22m[39m
     [33m[2mÔ£ô[22m[39m redacts hook internals from list, get, and create route responses [33m 339[2mms[22m[39m
[31m     [31m├ù[31m redacts hook internals when create reuses an existing idle session[39m[32m 41[2mms[22m[39m
 [32mÔ£ô[39m src/__tests__/cursor-replay-883.test.ts [2m([22m[2m6 tests[22m[2m)[22m[32m 12[2mms[22m[39m
 [32mÔ£ô[39m src/__tests__/pane-exit-detection-390.test.ts [2m([22m[2m6 tests[22m[2m)[22m[32m 11[2mms[22m[39m
 [32mÔ£ô[39m src/__tests__/session-dedup-636.test.ts [2m([22m[2m5 tests[22m[2m)[22m[32m 13[2mms[22m[39m
 [32mÔ£ô[39m src/__tests__/cli-init.test.ts [2m([22m[2m3 tests[22m[2m)[22m[33m 1143[2mms[22m[39m
     [33m[2mÔ£ô[22m[39m does not overwrite an existing config without confirmation [33m 620[2mms[22m[39m
 [32mÔ£ô[39m src/__tests__/logger-diagnostics-881.test.ts [2m([22m[2m4 tests[22m[2m)[22m[32m 15[2mms[22m[39m
 [32mÔ£ô[39m src/__tests__/token-store.test.ts [2m([22m[2m12 tests[22m[2m)[22m[33m 1322[2mms[22m[39m
     [33m[2mÔ£ô[22m[39m removeStoredAuth removes server and keeps file [33m 556[2mms[22m[39m
 [32mÔ£ô[39m src/__tests__/webhook-header-redaction.test.ts [2m([22m[2m16 tests[22m[2m)[22m[32m 11[2mms[22m[39m
 [32mÔ£ô[39m src/__tests__/capability-handshake-885.test.ts [2m([22m[2m7 tests[22m[2m)[22m[32m 12[2mms[22m[39m
 [32mÔ£ô[39m src/__tests__/tool-registry.test.ts [2m([22m[2m7 tests[22m[2m)[22m[32m 16[2mms[22m[39m
 [32mÔ£ô[39m src/__tests__/cli-template-gallery.test.ts [2m([22m[2m2 tests[22m[2m)[22m[32m 114[2mms[22m[39m
 [32mÔ£ô[39m src/__tests__/auth-key-rotation-1403.test.ts [2m([22m[2m15 tests[22m[2m)[22m[33m 2749[2mms[22m[39m
       [33m[2mÔ£ô[22m[39m should return reason="expired" for an expired key [33m 440[2mms[22m[39m
       [33m[2mÔ£ô[22m[39m should return reason="invalid" for a wrong key [33m 438[2mms[22m[39m
       [33m[2mÔ£ô[22m[39m should set new expiresAt when ttlDays is provided [33m 350[2mms[22m[39m
 [32mÔ£ô[39m src/__tests__/integration/permission-flow.test.ts [2m([22m[2m5 tests[22m[2m)[22m[33m 382[2mms[22m[39m
     [33m[2mÔ£ô[22m[39m GET permission-mode returns default for new session [33m 348[2mms[22m[39m
 [32mÔ£ô[39m src/__tests__/env-security.test.ts [2m([22m[2m9 tests[22m[2m)[22m[32m 24[2mms[22m[39m
 [32mÔ£ô[39m src/__tests__/pagination-null-totals-2460.test.ts [2m([22m[2m8 tests[22m[2m)[22m[32m 9[2mms[22m[39m
[90mstdout[2m | src/__tests__/content-length-static.test.ts
[22m[39mTracing: disabled (set AEGIS_OTEL_ENABLED=true to enable)

{"level":30,"time":1778023986212,"pid":32696,"hostname":"DESKTOP-97CT50C","timestamp":"2026-05-05T23:33:06.201Z","level":"info","component":"server","operation":"config_watcher_started","attributes":{"configPath":"C:\\Users\\manus\\.aegis\\config.json"}}
 [32mÔ£ô[39m src/__tests__/dynamic-buttons.test.ts [2m([22m[2m12 tests[22m[2m)[22m[32m 13[2mms[22m[39m
{"level":30,"time":1778023986555,"pid":32696,"hostname":"DESKTOP-97CT50C","timestamp":"2026-05-05T23:33:06.555Z","level":"info","component":"server","operation":"session_reaper_active","attributes":{"maxAgeHours":2,"intervalMinutes":5}}
{"level":30,"time":1778023986555,"pid":32696,"hostname":"DESKTOP-97CT50C","timestamp":"2026-05-05T23:33:06.555Z","level":"info","component":"server","operation":"zombie_reaper_active","attributes":{"gracePeriodSeconds":60,"intervalSeconds":60}}
{"level":30,"time":1778023986638,"pid":32696,"hostname":"DESKTOP-97CT50C","timestamp":"2026-05-05T23:33:06.637Z","level":"info","component":"server","operation":"startup_listening","attributes":{"host":"127.0.0.1","port":19102,"channels":0,"stateDir":"D:\\aegis\\.test-scratch\\content-length-static-da3d05c3-29c1-411e-aa85-4dcc0ce15e41\\state","claudeProjectsDir":"D:\\aegis\\.test-scratch\\content-length-static-da3d05c3-29c1-411e-aa85-4dcc0ce15e41\\projects"}}
{"level":30,"time":1778023986638,"pid":32696,"hostname":"DESKTOP-97CT50C","timestamp":"2026-05-05T23:33:06.638Z","level":"info","component":"server","operation":"auth_enabled","attributes":{}}
{"level":30,"time":1778023986668,"pid":32696,"hostname":"DESKTOP-97CT50C","reqId":"f0ba8793-3347-4abd-ad88-29faefe3c27c","req":{"method":"GET","url":"/dashboard/index.html"},"msg":"incoming request"}
{"level":30,"time":1778023986686,"pid":32696,"hostname":"DESKTOP-97CT50C","reqId":"f0ba8793-3347-4abd-ad88-29faefe3c27c","res":{"statusCode":200},"responseTime":16.71989999897778,"msg":"request completed"}
 [32mÔ£ô[39m src/__tests__/worktree-lookup-884.test.ts [2m([22m[2m5 tests[22m[2m)[22m[32m 183[2mms[22m[39m
{"level":30,"time":1778023986695,"pid":32696,"hostname":"DESKTOP-97CT50C","reqId":"7def31b1-dfa1-40b4-b591-d331cd5dd941","req":{"method":"GET","url":"/dashboard/asset.txt"},"msg":"incoming request"}
{"level":30,"time":1778023986698,"pid":32696,"hostname":"DESKTOP-97CT50C","reqId":"7def31b1-dfa1-40b4-b591-d331cd5dd941","res":{"statusCode":200},"responseTime":2.9849999994039536,"msg":"request completed"}
{"level":30,"time":1778023986705,"pid":32696,"hostname":"DESKTOP-97CT50C","reqId":"ef3e0e58-1a7b-4d6a-a7ce-2b6e6585c9b8","req":{"method":"GET","url":"/dashboard/assets/index-AbCdEf12.js"},"msg":"incoming request"}
 [32mÔ£ô[39m src/__tests__/container.test.ts [2m([22m[2m6 tests[22m[2m)[22m[32m 55[2mms[22m[39m
{"level":30,"time":1778023986744,"pid":32696,"hostname":"DESKTOP-97CT50C","reqId":"ef3e0e58-1a7b-4d6a-a7ce-2b6e6585c9b8","res":{"statusCode":200},"responseTime":39.497700000181794,"msg":"request completed"}
{"level":30,"time":1778023986746,"pid":32696,"hostname":"DESKTOP-97CT50C","reqId":"f96a7362-9c26-4c88-8c93-750e4d7020ce","req":{"method":"GET","url":"/dashboard/index.html"},"msg":"incoming request"}
{"level":30,"time":1778023986750,"pid":32696,"hostname":"DESKTOP-97CT50C","reqId":"f96a7362-9c26-4c88-8c93-750e4d7020ce","res":{"statusCode":200},"responseTime":3.4126999992877245,"msg":"request completed"}
 [32mÔ£ô[39m src/__tests__/auth-fail-rate-limit-632.test.ts [2m([22m[2m6 tests[22m[2m)[22m[32m 12[2mms[22m[39m
{"level":30,"time":1778023986753,"pid":32696,"hostname":"DESKTOP-97CT50C","reqId":"063e067d-04d1-4f26-a96e-c4c6a618eb68","req":{"method":"GET","url":"/dashboard/settings"},"msg":"incoming request"}
{"level":30,"time":1778023986804,"pid":32696,"hostname":"DESKTOP-97CT50C","reqId":"063e067d-04d1-4f26-a96e-c4c6a618eb68","res":{"statusCode":200},"responseTime":51.20309999957681,"msg":"request completed"}
 [32mÔ£ô[39m src/__tests__/claude-command-validation.test.ts [2m([22m[2m26 tests[22m[2m)[22m[32m 11[2mms[22m[39m
 [32mÔ£ô[39m src/__tests__/content-length-static.test.ts [2m([22m[2m3 tests[22m[2m)[22m[33m 2227[2mms[22m[39m
stderr | src/__tests__/memory-bridge.test.ts > MemoryBridge > surfaces save errors for invalid parent directories
Memory bridge: failed to persist store at C:\Users\manus\AppData\Local\Temp\missing-1778023986873\nested\memory.json: ENOENT: no such file or directory, open 'C:\Users\manus\AppData\Local\Temp\missing-1778023986873\nested\memory.json.tmp'

 [32mÔ£ô[39m src/__tests__/memory-bridge.test.ts [2m([22m[2m15 tests[22m[2m)[22m[33m 1242[2mms[22m[39m
     [33m[2mÔ£ô[22m[39m respects TTL expiry [33m 1125[2mms[22m[39m
 [32mÔ£ô[39m src/__tests__/approve-strategy.test.ts [2m([22m[2m13 tests[22m[2m)[22m[32m 9[2mms[22m[39m
 [32mÔ£ô[39m src/__tests__/session-mutex-880.test.ts [2m([22m[2m3 tests[22m[2m)[22m[32m 33[2mms[22m[39m
 [32mÔ£ô[39m src/__tests__/suppress-timeouts.test.ts [2m([22m[2m10 tests[22m[2m)[22m[32m 12[2mms[22m[39m
 [32mÔ£ô[39m src/__tests__/rate-limiter-hardening-2493-2494.test.ts [2m([22m[2m4 tests[22m[2m)[22m[32m 13[2mms[22m[39m
 [32mÔ£ô[39m src/__tests__/permission-hints.test.ts [2m([22m[2m7 tests[22m[2m)[22m[32m 8[2mms[22m[39m
 [32mÔ£ô[39m src/__tests__/permission-evaluator-symlink-1402.test.ts [2m([22m[2m5 tests[22m[2m)[22m[32m 32[2mms[22m[39m
 [32mÔ£ô[39m src/__tests__/consensus-1422.test.ts [2m([22m[2m10 tests[22m[2m)[22m[32m 9[2mms[22m[39m
 [32mÔ£ô[39m src/__tests__/integration/sse-events.test.ts [2m([22m[2m4 tests[22m[2m)[22m[33m 426[2mms[22m[39m
     [33m[2mÔ£ô[22m[39m SSE endpoint returns event-stream content type [33m 354[2mms[22m[39m
 [32mÔ£ô[39m src/__tests__/screenshot.test.ts [2m([22m[2m8 tests[22m[2m)[22m[32m 18[2mms[22m[39m
 [32mÔ£ô[39m src/__tests__/permission-evaluator-742.test.ts [2m([22m[2m10 tests[22m[2m)[22m[32m 12[2mms[22m[39m
 [32mÔ£ô[39m src/__tests__/path-traversal-delete-404.test.ts [2m([22m[2m6 tests[22m[2m)[22m[32m 7[2mms[22m[39m
 [32mÔ£ô[39m src/__tests__/workdir-not-found-458.test.ts [2m([22m[2m5 tests[22m[2m)[22m[32m 75[2mms[22m[39m
 [32mÔ£ô[39m src/__tests__/suppress-882.test.ts [2m([22m[2m8 tests[22m[2m)[22m[32m 11[2mms[22m[39m
 [32mÔ£ô[39m src/__tests__/hook-paths-909.test.ts [2m([22m[2m9 tests[22m[2m)[22m[32m 94[2mms[22m[39m
 [32mÔ£ô[39m src/__tests__/integration/auth-ratelimit.test.ts [2m([22m[2m6 tests[22m[2m)[22m[33m 517[2mms[22m[39m
     [33m[2mÔ£ô[22m[39m GET /health does not require auth [33m 370[2mms[22m[39m
 [32mÔ£ô[39m src/__tests__/session-created-metric-625.test.ts [2m([22m[2m6 tests[22m[2m)[22m[32m 24[2mms[22m[39m
 [32mÔ£ô[39m src/__tests__/cli-create.test.ts [2m([22m[2m11 tests[22m[2m)[22m[32m 9[2mms[22m[39m
stderr | src/__tests__/hook-payload-size.test.ts > Hook payload size warning (Issue #2519) > emits system warning when raw payload exceeds 1.5KB
Hooks: SessionStart payload for session 00000000 is 2096 bytes (2.0 KB) ÔÇö exceeds 1536 byte warning threshold. CC may truncate SessionStart content >2KB (upstream #55750).

 [32mÔ£ô[39m src/__tests__/metrics-auth-1557.test.ts [2m([22m[2m6 tests[22m[2m)[22m[32m 7[2mms[22m[39m
 [32mÔ£ô[39m src/__tests__/tenant-isolation-2267.test.ts [2m([22m[2m13 tests[22m[2m)[22m[32m 12[2mms[22m[39m
 [32mÔ£ô[39m src/__tests__/hook-payload-size.test.ts [2m([22m[2m2 tests[22m[2m)[22m[33m 1128[2mms[22m[39m
     [33m[2mÔ£ô[22m[39m emits system warning when raw payload exceeds 1.5KB [33m 919[2mms[22m[39m
 [32mÔ£ô[39m src/__tests__/hooksecret-redaction-2527.test.ts [2m([22m[2m4 tests[22m[2m)[22m[32m 9[2mms[22m[39m
 [32mÔ£ô[39m src/__tests__/platform-shell.test.ts [2m([22m[2m15 tests[22m[2m)[22m[32m 9[2mms[22m[39m
 [32mÔ£ô[39m src/__tests__/template-workdir-validation-1125.test.ts [2m([22m[2m10 tests[22m[2m)[22m[32m 40[2mms[22m[39m
 [32mÔ£ô[39m src/__tests__/retry-1430.test.ts [2m([22m[2m6 tests[22m[2m)[22m[32m 52[2mms[22m[39m
stderr | src/__tests__/fix-2534-lastusedat-persist.test.ts > Issue #2534: lastUsedAt persisted to disk > should persist lastUsedAt across load/save cycle
Windows permission hardening failed for C:\Users\manus\AppData\Local\Temp\aegis-test-2534-1778023989160.json: Command failed: icacls C:\Users\manus\AppData\Local\Temp\aegis-test-2534-1778023989160.json /inheritance:r /grant:r DESKTOP-97CT50C\manus:(R,W)
C:\Users\manus\AppData\Local\Temp\aegis-test-2534-1778023989160.json: The system cannot find the file specified.


 [32mÔ£ô[39m src/__tests__/fix-2534-lastusedat-persist.test.ts [2m([22m[2m4 tests[22m[2m)[22m[33m 777[2mms[22m[39m
 [32mÔ£ô[39m src/__tests__/metrics-message-toolcall-2536.test.ts [2m([22m[2m6 tests[22m[2m)[22m[32m 10[2mms[22m[39m
 [32mÔ£ô[39m src/__tests__/auth-timing-safe.test.ts [2m([22m[2m4 tests[22m[2m)[22m[32m 12[2mms[22m[39m
 [32mÔ£ô[39m src/__tests__/xss-session-name.test.ts [2m([22m[2m18 tests[22m[2m)[22m[32m 12[2mms[22m[39m
 [32mÔ£ô[39m src/__tests__/continuation-pointer-900.test.ts [2m([22m[2m5 tests[22m[2m)[22m[32m 75[2mms[22m[39m
 [32mÔ£ô[39m src/__tests__/url-secret-redaction-1393.test.ts [2m([22m[2m9 tests[22m[2m)[22m[32m 10[2mms[22m[39m
 [32mÔ£ô[39m src/__tests__/clock-skew-828.test.ts [2m([22m[2m4 tests[22m[2m)[22m[32m 8[2mms[22m[39m
 [32mÔ£ô[39m src/__tests__/rate-limit-localhost-noauth.test.ts [2m([22m[2m5 tests[22m[2m)[22m[32m 14[2mms[22m[39m
 [32mÔ£ô[39m src/__tests__/acp-stop-reason-mapper.test.ts [2m([22m[2m12 tests[22m[2m)[22m[32m 12[2mms[22m[39m
 [32mÔ£ô[39m src/__tests__/shutdown-race-415.test.ts [2m([22m[2m3 tests[22m[2m)[22m[32m 95[2mms[22m[39m
 [32mÔ£ô[39m src/__tests__/safe-json.test.ts [2m([22m[2m10 tests[22m[2m)[22m[32m 68[2mms[22m[39m
 [32mÔ£ô[39m src/__tests__/session-cleanup-405.test.ts [2m([22m[2m2 tests[22m[2m)[22m[32m 6[2mms[22m[39m
 [32mÔ£ô[39m src/__tests__/requestkeymap-cleanup-839.test.ts [2m([22m[2m3 tests[22m[2m)[22m[33m 435[2mms[22m[39m
     [33m[2mÔ£ô[22m[39m adds entry during request and cleans up after response [33m 388[2mms[22m[39m
 [32mÔ£ô[39m src/__tests__/api-error-envelope.test.ts [2m([22m[2m2 tests[22m[2m)[22m[33m 411[2mms[22m[39m
     [33m[2mÔ£ô[22m[39m normalizes JSON error responses with code, message, details, requestId, and legacy error [33m 381[2mms[22m[39m
 [32mÔ£ô[39m src/__tests__/bare-flag.test.ts [2m([22m[2m8 tests[22m[2m)[22m[32m 8[2mms[22m[39m
 [32mÔ£ô[39m src/__tests__/config-yaml.test.ts [2m([22m[2m3 tests[22m[2m)[22m[32m 70[2mms[22m[39m
 [32mÔ£ô[39m src/__tests__/rate-limit.test.ts [2m([22m[2m1 test[22m[2m)[22m[33m 331[2mms[22m[39m
 [32mÔ£ô[39m src/__tests__/health.test.ts [2m([22m[2m4 tests[22m[2m)[22m[32m 27[2mms[22m[39m
 [32mÔ£ô[39m src/__tests__/crypto-utils.test.ts [2m([22m[2m12 tests[22m[2m)[22m[32m 9[2mms[22m[39m
 [31mÔØ»[39m src/__tests__/acp-remove-tmux-rest-endpoints-2605.test.ts [2m([22m[2m5 tests[22m[2m | [22m[31m2 failed[39m[2m)[22m[32m 20[2mms[22m[39m
     [32mÔ£ô[39m should not have /v1/sessions/{id}/pane endpoint in OpenAPI spec[32m 2[2mms[22m[39m
     [32mÔ£ô[39m should not have /v1/sessions/{id}/bash endpoint in OpenAPI spec[32m 0[2mms[22m[39m
     [32mÔ£ô[39m should not have discover-commands endpoint in OpenAPI spec[32m 0[2mms[22m[39m
[31m     [31m├ù[31m should still have /command endpoint (slash command, not tmux-specific)[39m[32m 13[2mms[22m[39m
[31m     [31m├ù[31m should still have /summary endpoint (session summary, not tmux-specific)[39m[32m 1[2mms[22m[39m
 [32mÔ£ô[39m src/__tests__/process-utils.test.ts [2m([22m[2m4 tests[22m[2m)[22m[32m 10[2mms[22m[39m
stderr | src/__tests__/file-utils.test.ts > file-utils > uses icacls on Windows and does not throw on failure
Windows permission hardening failed for C:\tmp\secret.txt: icacls unavailable

 [32mÔ£ô[39m src/__tests__/file-utils.test.ts [2m([22m[2m3 tests[22m[2m)[22m[32m 12[2mms[22m[39m
 [32mÔ£ô[39m src/__tests__/monitor-idle-broadcast.test.ts [2m([22m[2m1 test[22m[2m)[22m[32m 17[2mms[22m[39m
 [32mÔ£ô[39m src/__tests__/acp-event-contracts.test.ts [2m([22m[2m1 test[22m[2m)[22m[32m 14[2mms[22m[39m
 [32mÔ£ô[39m src/__tests__/stall-threshold-392.test.ts [2m([22m[2m5 tests[22m[2m)[22m[33m 772[2mms[22m[39m
       [33m[2mÔ£ô[22m[39m SessionManager.DEFAULT_STALL_THRESHOLD_MS should be 120000 (2 minutes) [33m 557[2mms[22m[39m
 [32mÔ£ô[39m src/__tests__/batch-rate-limit-route.test.ts [2m([22m[2m5 tests[22m[2m)[22m[32m 40[2mms[22m[39m
 [32mÔ£ô[39m src/__tests__/cookie-secure-http.test.ts [2m([22m[2m7 tests[22m[2m)[22m[32m 8[2mms[22m[39m
 [31mÔØ»[39m src/__tests__/bin-resolution.test.ts [2m([22m[2m4 tests[22m[2m | [22m[31m1 failed[39m[2m)[22m[32m 14[2mms[22m[39m
     [32mÔ£ô[39m exposes the `ag` primary bin[32m 3[2mms[22m[39m
     [32mÔ£ô[39m retains the `aegis` alias bin for backward compatibility[32m 0[2mms[22m[39m
     [32mÔ£ô[39m points both bins at the same CLI entry point[32m 0[2mms[22m[39m
[31m     [31m├ù[31m resolves both bins to the same existing CLI file[39m[32m 9[2mms[22m[39m
 [32mÔ£ô[39m src/__tests__/retry-886.test.ts [2m([22m[2m3 tests[22m[2m)[22m[32m 35[2mms[22m[39m
 [32mÔ£ô[39m src/__tests__/monitor-initial-offset.test.ts [2m([22m[2m1 test[22m[2m)[22m[32m 6[2mms[22m[39m
 [32mÔ£ô[39m src/__tests__/byo-llm-examples-1932.test.ts [2m([22m[2m6 tests[22m[2m)[22m[32m 11[2mms[22m[39m
 [32mÔ£ô[39m src/__tests__/workdir-mkdir.test.ts [2m([22m[2m3 tests[22m[2m)[22m[33m 379[2mms[22m[39m
     [33m[2mÔ£ô[22m[39m should handle deeply nested paths [33m 332[2mms[22m[39m
 [32mÔ£ô[39m src/__tests__/circular-buffer.test.ts [2m([22m[2m5 tests[22m[2m)[22m[32m 9[2mms[22m[39m
 [32mÔ£ô[39m src/__tests__/startup.test.ts [2m([22m[2m2 tests[22m[2m)[22m[32m 15[2mms[22m[39m
 [32mÔ£ô[39m src/__tests__/permission-request-manager.test.ts [2m([22m[2m1 test[22m[2m)[22m[32m 11[2mms[22m[39m
 [32mÔ£ô[39m src/__tests__/shutdown-utils-909.test.ts [2m([22m[2m5 tests[22m[2m)[22m[32m 8[2mms[22m[39m
 [32mÔ£ô[39m src/__tests__/ui-state-validation.test.ts [2m([22m[2m13 tests[22m[2m)[22m[32m 111[2mms[22m[39m
 [32mÔ£ô[39m src/__tests__/base-url.test.ts [2m([22m[2m4 tests[22m[2m)[22m[32m 6[2mms[22m[39m
 [32mÔ£ô[39m src/__tests__/verification-enoent-1664.test.ts [2m([22m[2m1 test[22m[2m)[22m[32m 33[2mms[22m[39m
 [32mÔ£ô[39m src/__tests__/prd-persistence-735.test.ts [2m([22m[2m2 tests[22m[2m)[22m[32m 6[2mms[22m[39m
 [32mÔ£ô[39m src/__tests__/acp-spawn-env.test.ts [2m([22m[2m1 test[22m[2m)[22m[32m 5[2mms[22m[39m
 [32mÔ£ô[39m src/__tests__/path-utils-909.test.ts [2m([22m[2m5 tests[22m[2m)[22m[32m 7[2mms[22m[39m
 [32mÔ£ô[39m src/__tests__/isAncestorPid.test.ts [2m([22m[2m3 tests[22m[2m)[22m[32m 7[2mms[22m[39m
[90mstdout[2m | initTracing (D:\aegis\src\tracing.ts:93:13)
[22m[39mTracing: disabled (set AEGIS_OTEL_ENABLED=true to enable)

{"level":30,"time":1778023993739,"pid":37392,"hostname":"DESKTOP-97CT50C","timestamp":"2026-05-05T23:33:13.738Z","level":"info","component":"server","operation":"config_watcher_started","attributes":{"configPath":"C:\\Users\\manus\\.aegis\\config.json"}}

ÔÄ»ÔÄ»ÔÄ»ÔÄ»ÔÄ»ÔÄ»ÔÄ» Failed Tests 5 ÔÄ»ÔÄ»ÔÄ»ÔÄ»ÔÄ»ÔÄ»ÔÄ»

 FAIL  src/__tests__/acp-remove-tmux-rest-endpoints-2605.test.ts > ACP-062: Remove tmux-specific REST endpoints > should still have /command endpoint (slash command, not tmux-specific)
AssertionError: expected undefined to be defined
 ÔØ» src/__tests__/acp-remove-tmux-rest-endpoints-2605.test.ts:49:48
     47|   it('should still have /command endpoint (slash command, not tmux-speÔÇª
     48|     const paths = (openapi.paths || {}) as Record<string, unknown>;
     49|     expect(paths['/v1/sessions/{id}/command']).toBeDefined();
       |                                                ^
     50|   });
     51|

ÔÄ»ÔÄ»ÔÄ»ÔÄ»ÔÄ»ÔÄ»ÔÄ»ÔÄ»ÔÄ»ÔÄ»ÔÄ»ÔÄ»ÔÄ»ÔÄ»ÔÄ»ÔÄ»ÔÄ»ÔÄ»ÔÄ»ÔÄ»ÔÄ»ÔÄ»ÔÄ»ÔÄ»[1/5]ÔÄ»

 FAIL  src/__tests__/acp-remove-tmux-rest-endpoints-2605.test.ts > ACP-062: Remove tmux-specific REST endpoints > should still have /summary endpoint (session summary, not tmux-specific)
AssertionError: expected undefined to be defined
 ÔØ» src/__tests__/acp-remove-tmux-rest-endpoints-2605.test.ts:54:48
     52|   it('should still have /summary endpoint (session summary, not tmux-sÔÇª
     53|     const paths = (openapi.paths || {}) as Record<string, unknown>;
     54|     expect(paths['/v1/sessions/{id}/summary']).toBeDefined();
       |                                                ^
     55|   });
     56| });

ÔÄ»ÔÄ»ÔÄ»ÔÄ»ÔÄ»ÔÄ»ÔÄ»ÔÄ»ÔÄ»ÔÄ»ÔÄ»ÔÄ»ÔÄ»ÔÄ»ÔÄ»ÔÄ»ÔÄ»ÔÄ»ÔÄ»ÔÄ»ÔÄ»ÔÄ»ÔÄ»ÔÄ»[2/5]ÔÄ»

 FAIL  src/__tests__/bin-resolution.test.ts > package.json bin entries (#1929) > resolves both bins to the same existing CLI file
AssertionError: expected false to be true // Object.is equality

- Expected
+ Received

- true
+ false

 ÔØ» src/__tests__/bin-resolution.test.ts:38:31
     36|
     37|   it('resolves both bins to the same existing CLI file', () => {
     38|     expect(existsSync(agBin)).toBe(true);
       |                               ^
     39|     expect(existsSync(aegisBin)).toBe(true);
     40|     expect(realpathSync(agBin)).toBe(realpathSync(aegisBin));

ÔÄ»ÔÄ»ÔÄ»ÔÄ»ÔÄ»ÔÄ»ÔÄ»ÔÄ»ÔÄ»ÔÄ»ÔÄ»ÔÄ»ÔÄ»ÔÄ»ÔÄ»ÔÄ»ÔÄ»ÔÄ»ÔÄ»ÔÄ»ÔÄ»ÔÄ»ÔÄ»ÔÄ»[3/5]ÔÄ»

 FAIL  src/__tests__/mcp-server.test.ts > createMcpServer > registers all 24 tools
AssertionError: expected [ Array(36) ] to have a length of 24 but got 36

- Expected
+ Received

- 24
+ 36

 ÔØ» src/__tests__/mcp-server.test.ts:582:32
    580|     expect(Object.keys(tools)).toContain('state_get');
    581|     expect(Object.keys(tools)).toContain('state_delete');
    582|     expect(Object.keys(tools)).toHaveLength(24);
       |                                ^
    583|   });
    584|

ÔÄ»ÔÄ»ÔÄ»ÔÄ»ÔÄ»ÔÄ»ÔÄ»ÔÄ»ÔÄ»ÔÄ»ÔÄ»ÔÄ»ÔÄ»ÔÄ»ÔÄ»ÔÄ»ÔÄ»ÔÄ»ÔÄ»ÔÄ»ÔÄ»ÔÄ»ÔÄ»ÔÄ»[4/5]ÔÄ»

 FAIL  src/__tests__/rest-session-acp-contract-2604.test.ts > ACP-061 REST session route redaction contracts > redacts hook internals when create reuses an existing idle session
AssertionError: expected { ÔÇª(18) } to not have property "hookSecret"

- Expected:
undefined

+ Received:
"must-not-leak"

 ÔØ» expectPublicSessionContract src/__tests__/rest-session-acp-contract-2604.test.ts:107:23
    105|     parentId: '00000000-0000-4000-8000-000000000001',
    106|   });
    107|   expect(session).not.toHaveProperty('hookSecret');
       |                       ^
    108|   expect(session).not.toHaveProperty('hookSettingsFile');
    109| }
 ÔØ» src/__tests__/rest-session-acp-contract-2604.test.ts:149:7

ÔÄ»ÔÄ»ÔÄ»ÔÄ»ÔÄ»ÔÄ»ÔÄ»ÔÄ»ÔÄ»ÔÄ»ÔÄ»ÔÄ»ÔÄ»ÔÄ»ÔÄ»ÔÄ»ÔÄ»ÔÄ»ÔÄ»ÔÄ»ÔÄ»ÔÄ»ÔÄ»ÔÄ»[5/5]ÔÄ»


[2m Test Files [22m [1m[31m4 failed[39m[22m[2m | [22m[1m[32m249 passed[39m[22m[2m | [22m[33m1 skipped[39m[90m (254)[39m
[2m      Tests [22m [1m[31m5 failed[39m[22m[2m | [22m[1m[32m3857 passed[39m[22m[2m | [22m[33m32 skipped[39m[90m (3894)[39m
[2m   Start at [22m 01:32:39
[2m   Duration [22m 34.33s[2m (transform 14.36s, setup 0ms, import 82.28s, tests 131.00s, environment 54ms)[22m

